data_examples/final_simulated_panel.csv
store_id,store_size,area_income,manager_experience,manager_vacant,base_competitors,store_fe,week,week_fe,price,competitor_price,competitor_count,ad_spend,ad_spend_lag,relative_price,log_sales,sales
2,1.1500902391612915,45.428441801443334,4.287472057877148,0,2,0.11050967173142151,0,0.048845901334352015,8.664176437109601,8.1120218313508,2,6.490214007331074,0.0,0.9362715418174238,-5.168888056749088,0.005690893252706399
2,1.1500902391612915,45.428441801443334,4.287472057877148,0,2,0.11050967173142151,1,0.13563566401577118,8.618542481103749,8.461860371555519,2,7.848147322259718,6.490214007331074,0.9818203472464448,-4.835399898268795,0.007943511093386701
2,1.1500902391612915,45.428441801443334,4.287472057877148,0,2,0.11050967173142151,2,-0.11710587627041394,8.970682170313209,8.15696975256045,3,5.81402156133959,7.848147322259718,0.9092920245858684,-5.752020557698393,0.0031763562969907124
2,1.1500902391612915,45.428441801443334,4.287472057877148,0,2,0.11050967173142151,3,-0.18173462462506965,7.908364436735424,7.822295424337348,2,5.045592501569793,5.81402156133959,0.9891167114152866,-4.4040660806359595,0.012227520602313103
2,1.1500902391612915,45.428441801443334,4.287472057877148,0,2,0.11050967173142151,4,-0.39836764222427296,7.833724873462105,7.67384202349914,2,9.327934000396764,5.045592501569793,0.9795904435571139,-4.613212904172484,0.009919895379399375
2,1.1500902391612915,45.428441801443334,4.287472057877148,0,2,0.11050967173142151,5,0.1943245963972403,11.988352624835251,12.3067636247097,2,8.941835526358473,9.327934000396764,1.026560029541909,-9.262772791320595,9.48918447419702e-05
2,1.1500902391612915,45.428441801443334,4.287472057877148,0,2,0.11050967173142151,6,0.0033314601152094115,9.131079925778279,9.865140041971628,2,5.758692510012386,8.941835526358473,1.0803913800076372,-5.761619749080186,0.003146011719708241
2,1.1500902391612915,45.428441801443334,4.287472057877148,0,2,0.11050967173142151,7,0.04114626898936563,11.205398352014186,12.018493766388682,2,10.36469685454092,5.758692510012386,1.0725628298817544,-7.563660405666553,0.0005189721144285856
2,1.1500902391612915,45.428441801443334,4.287472057877148,0,2,0.11050967173142151,8,-0.1567189753011227,9.23859554191211,8.100820885356312,3,10.625951205042686,10.36469685454092,0.8768454954658278,-6.277744904351155,0.0018776300588822777
2,1.1500902391612915,45.428441801443334,4.287472057877148,0,2,0.11050967173142151,9,0.24529960585719213,9.576046394467266,9.681188475244287,2,7.5608537785531285,10.625951205042686,1.0109796962593842,-6.136580338999128,0.0021623053408558034
2,1.1500902391612915,45.428441801443334,4.287472057877148,0,2,0.11050967173142151,10,0.18864011553560334,8.315489816842904,8.309888295755643,2,7.817169359263945,7.5608537785531285,0.9993263750890639,-4.075053750615325,0.016991301359520355
2,1.1500902391612915,45.428441801443334,4.287472057877148,0,2,0.11050967173142151,11,-0.024364776297538047,11.225981684370767,10.499460365061502,2,5.617743586845737,7.817169359263945,0.935282157076672,-8.249308249472952,0.00026143934556935734
2,1.1500902391612915,45.428441801443334,4.287472057877148,0,2,0.11050967173142151,12,-0.11117269158045646,9.618873902453407,10.37319552022311,2,10.052614208716005,5.617743586845737,1.0784209903798931,-6.4439387969575534,0.0015901311260166162
2,1.1500902391612915,45.428441801443334,4.287472057877148,0,2,0.11050967173142151,13,-0.07133827681171602,11.642417478813865,11.42124047152121,2,5.025049153262902,10.052614208716005,0.9810024844328818,-8.799256417052334,0.00015084519932143185
2,1.1500902391612915,45.428441801443334,4.287472057877148,0,2,0.11050967173142151,14,-0.15972510848492985,9.336767015481232,9.630927821409857,2,5.88788060213913,5.025049153262902,1.0315056384550325,-6.348583714109401,0.0017492227822820975
2,1.1500902391612915,45.428441801443334,4.287472057877148,0,2,0.11050967173142151,15,0.005312829848108214,11.290745697692353,11.815081765660612,2,8.355558243412423,5.88788060213913,1.0464394542227113,-8.209382323087786,0.00027208873232395503
2,1.1500902391612915,45.428441801443334,4.287472057877148,0,2,0.11050967173142151,16,-0.12323354394010944,11.499162737289709,11.388122381823596,3,6.945354995033375,8.355558243412423,0.9903436138784236,-8.644344066115572,0.00017612016043855064
2,1.1500902391612915,45.428441801443334,4.287472057877148,0,2,0.11050967173142151,17,0.11710850410840844,8.58232868611259,9.402473033203664,3,8.321163673894512,6.945354995033375,1.0955619828937784,-4.713839290827247,0.008970271903516104
2,1.1500902391612915,45.428441801443334,4.287472057877148,0,2,0.11050967173142151,18,-0.07189371493174873,10.508565501603943,9.481704202114491,3,7.670222050056521,8.321163673894512,0.9022833992581841,-7.060279589187049,0.0008585380224674498
2,1.1500902391612915,45.428441801443334,4.287472057877148,0,2,0.11050967173142151,19,-0.07079141278787165,9.06235058975141,9.662170279204254,2,10.530983186826905,7.670222050056521,1.0661880914352595,-5.811642440045792,0.002992511013875683
2,1.1500902391612915,45.428441801443334,4.287472057877148,0,2,0.11050967173142151,20,0.3074506008403983,8.94924224843803,8.294354934283712,2,8.194946213323265,10.530983186826905,0.9268220374447212,-4.706535776766572,0.009036026237056322
2,1.1500902391612915,45.428441801443334,4.287472057877148,0,2,0.11050967173142151,21,-0.14514390451041106,10.207969564501028,10.645079219418825,3,7.183978925975917,8.194946213323265,1.042820430856091,-7.581149676649096,0.0005099745799878995
2,1.1500902391612915,45.428441801443334,4.287472057877148,0,2,0.11050967173142151,22,-0.31358317758909293,10.896165170045805,10.40333796161067,3,12.708838049213114,7.183978925975917,0.9547705820585444,-7.77464147549189,0.0004202581151830352
2,1.1500902391612915,45.428441801443334,4.287472057877148,0,2,0.11050967173142151,23,0.07324303848148955,11.43455136525398,11.259538920240175,3,6.329100646367348,12.708838049213114,0.9846944196214279,-8.651201026352807,0.00017491664245449954
2,1.1500902391612915,45.428441801443334,4.287472057877148,0,2,0.11050967173142151,24,-0.4155737022818746,9.783480782604226,10.192365148923585,2,6.020575627043601,6.329100646367348,1.041793342819908,-6.718217025044768,0.0012086913603086623
2,1.1500902391612915,45.428441801443334,4.287472057877148,0,2,0.11050967173142151,25,0.05287572716514413,11.101932792980747,11.549534263321098,2,10.081857715384578,6.020575627043601,1.0403174364938823,-7.69315581097529,0.000455937047834184
2,1.1500902391612915,45.428441801443334,4.287472057877148,0,2,0.11050967173142151,26,0.19634402837852838,10.68994596393997,11.60066673798629,3,5.997833648846263,10.081857715384578,1.0851941419646483,-7.498325773029634,0.0005540111345076864
2,1.1500902391612915,45.428441801443334,4.287472057877148,0,2,0.11050967173142151,27,0.01402300615082264,10.135875399013996,10.931474247986966,2,8.270728436360532,5.997833648846263,1.078493353326972,-7.21168174987586,0.0007379151226953406
2,1.1500902391612915,45.428441801443334,4.287472057877148,0,2,0.11050967173142151,28,0.0018550148592412774,9.225731625883311,8.75651933005703,2,9.017212958832992,8.270728436360532,0.9491409120865949,-5.352964526999061,0.0047340958213490875
2,1.1500902391612915,45.428441801443334,4.287472057877148,0,2,0.11050967173142151,29,-0.41012187044991083,10.20482272787413,10.064747345735526,3,6.829045493991833,9.017212958832992,0.986273609461535,-7.37843762529617,0.0006245759457550195
2,1.1500902391612915,45.428441801443334,4.287472057877148,0,2,0.11050967173142151,30,0.11106073711175773,13.63681598475165,14.064795530476278,2,8.67446123621075,6.829045493991833,1.0313841256055067,-10.768357308802644,2.105531977624595e-05
2,1.1500902391612915,45.428441801443334,4.287472057877148,0,2,0.11050967173142151,31,0.07925851344932232,9.264265584200462,9.362702583695913,2,8.160633351022957,8.67446123621075,1.010625450943821,-5.200611064285656,0.005513194474995336
2,1.1500902391612915,45.428441801443334,4.287472057877148,0,2,0.11050967173142151,32,-0.2343995516749002,10.0249742660637,9.696247252177894,2,7.830239822314283,8.160633351022957,0.967209191249637,-7.286047274257818,0.0006850304458058817
2,1.1500902391612915,45.428441801443334,4.287472057877148,0,2,0.11050967173142151,33,0.3826341494492407,9.322139901049471,9.432674555246937,3,6.710111065001008,7.830239822314283,1.0118572189830601,-5.665578410645584,0.0034631440738959623
2,1.1500902391612915,45.428441801443334,4.287472057877148,0,2,0.11050967173142151,34,-0.2448032401480451,11.567454007694458,11.96416312740744,2,11.358900991270314,6.710111065001008,1.0342952839448594,-8.77915783576848,0.00015390764614984682
2,1.1500902391612915,45.428441801443334,4.287472057877148,0,2,0.11050967173142151,35,-0.33585807234342985,12.001558176565455,12.463616159408076,2,10.305573761956543,11.358900991270314,1.0384998327754513,-9.438313851389346,7.96145373797996e-05
2,1.1500902391612915,45.428441801443334,4.287472057877148,0,2,0.11050967173142151,36,-0.36221155398213295,11.552703496153825,12.317655270102513,2,6.7807191960710576,10.305573761956543,1.0662140921562957,-8.983496022608373,0.00012546345680777114
2,1.1500902391612915,45.428441801443334,4.287472057877148,0,2,0.11050967173142151,37,0.005194181464211946,12.195842515573124,11.810295557188605,2,9.314546998761783,6.7807191960710576,0.9683870173059215,-9.43346857123214,8.000122817408765e-05
2,1.1500902391612915,45.428441801443334,4.287472057877148,0,2,0.11050967173142151,38,0.0675742500294194,10.173969229410371,10.165811726983254,2,9.023858085332336,9.314546998761783,0.9991981986338688,-6.403954104614895,0.0016550002739657698
2,1.1500902391612915,45.428441801443334,4.287472057877148,0,2,0.11050967173142151,39,0.08819478218692851,11.913683826909075,12.162822725766429,3,10.826175824123641,9.023858085332336,1.020911995187805,-8.452167868125557,0.00021343720974090815
2,1.1500902391612915,45.428441801443334,4.287472057877148,0,2,0.11050967173142151,40,-0.06747199564309786,9.453975512836692,8.781488985326176,2,8.219792108458869,10.826175824123641,0.9288673292418191,-5.522151350446069,0.003997239222839636
2,1.1500902391612915,45.428441801443334,4.287472057877148,0,2,0.11050967173142151,41,-0.16253500440717236,11.813266016183642,11.515407238439025,2,8.870563347728941,8.219792108458869,0.9747860771664192,-8.859001359326378,0.0001420968970721796
2,1.1500902391612915,45.428441801443334,4.287472057877148,0,2,0.11050967173142151,42,0.16855291640160835,11.758957558258212,11.581409785822494,3,7.503551684386679,8.870563347728941,0.9849010618878348,-9.111237698006647,0.00011041796642481898
2,1.1500902391612915,45.428441801443334,4.287472057877148,0,2,0.11050967173142151,43,-0.17951707731235617,9.67973531517292,9.09194955665271,2,8.689470923742407,7.503551684386679,0.9392766703446054,-6.272144310670788,0.0018881754044576828
2,1.1500902391612915,45.428441801443334,4.287472057877148,0,2,0.11050967173142151,44,-0.2419680411959665,11.239816974944153,10.540717902920232,3,7.2740167316608675,8.689470923742407,0.9378015608632814,-8.860798078459773,0.00014184181807968757
2,1.1500902391612915,45.428441801443334,4.287472057877148,0,2,0.11050967173142151,45,0.2802631334986427,9.248123407315852,9.883827459797558,2,6.602816451586808,7.2740167316608675,1.0687387077878767,-6.058638229970061,0.0023375819701555384
2,1.1500902391612915,45.428441801443334,4.287472057877148,0,2,0.11050967173142151,46,0.035514301628569965,8.937054628357236,8.190071136634113,2,7.634596427786984,6.602816451586808,0.9164172624219005,-5.49615201191496,0.004102527581549208
2,1.1500902391612915,45.428441801443334,4.287472057877148,0,2,0.11050967173142151,47,0.09425797907819627,8.955771508041334,9.485433839570383,3,5.4173387074059445,7.634596427786984,1.0591420103844174,-5.619137615579106,0.003627768291212276
2,1.1500902391612915,45.428441801443334,4.287472057877148,0,2,0.11050967173142151,48,0.12516814092890055,9.249237287165181,9.584155026785432,3,10.685233595315303,5.4173387074059445,1.0362103089392034,-5.43183060805096,0.0043750794118777
2,1.1500902391612915,45.428441801443334,4.287472057877148,0,2,0.11050967173142151,49,-0.11435942179986343,9.22129777603399,8.813271815360656,2,12.250826178327337,10.685233595315303,0.955751785639784,-5.12626527295553,0.005938698526152661
2,1.1500902391612915,45.428441801443334,4.287472057877148,0,2,0.11050967173142151,50,-0.10657251720030408,10.250293515903655,10.63858839297935,3,8.100103010678577,12.250826178327337,1.0378813422731012,-6.699220744603376,0.001231871471242344
2,1.1500902391612915,45.428441801443334,4.287472057877148,0,2,0.11050967173142151,51,0.12811633661312918,12.097572853164403,11.753292272088935,2,8.73723086207342,8.100103010678577,0.9715413508763939,-8.767274658204288,0.00015574746785147875
