data_examples/final_simulated_panel.csv
store_id,store_size,area_income,manager_experience,manager_vacant,base_competitors,store_fe,week,week_fe,price,competitor_price,competitor_count,ad_spend,ad_spend_lag,relative_price,log_sales,sales
3,1.188112943278243,56.80328783642699,6.475031136934173,0,4,-0.5651063535569466,0,0.048845901334352015,9.719523883392343,9.541911388848375,5,10.520576563404628,0.0,0.9817262145065097,-6.935316501330994,0.0009728151227034603
3,1.188112943278243,56.80328783642699,6.475031136934173,0,4,-0.5651063535569466,1,0.13563566401577118,9.13878083323753,8.866726016109979,4,8.182593224497921,10.520576563404628,0.9702307318566944,-6.286465477769011,0.0018613272363992466
3,1.188112943278243,56.80328783642699,6.475031136934173,0,4,-0.5651063535569466,2,-0.11710587627041394,10.666649017476303,10.337721802973617,4,10.07463561665606,8.182593224497921,0.9691630226171528,-8.491029682907639,0.0002053017555343235
3,1.188112943278243,56.80328783642699,6.475031136934173,0,4,-0.5651063535569466,3,-0.18173462462506965,9.754085109405088,10.265278603751863,6,8.480358500280904,10.07463561665606,1.0524081437277877,-7.828715797399187,0.00039813643998312486
3,1.188112943278243,56.80328783642699,6.475031136934173,0,4,-0.5651063535569466,4,-0.39836764222427296,10.100192392462239,10.190013520920576,5,6.2548533468817595,8.480358500280904,1.0088930116346468,-8.099564609561478,0.0003036713248916525
3,1.188112943278243,56.80328783642699,6.475031136934173,0,4,-0.5651063535569466,5,0.1943245963972403,10.412237032301073,10.717392823995844,4,8.211606608310035,6.2548533468817595,1.0293074188330624,-7.8579972570737056,0.00038664745192130154
3,1.188112943278243,56.80328783642699,6.475031136934173,0,4,-0.5651063535569466,6,0.0033314601152094115,10.462438068967149,10.617258159856377,4,6.698063986356717,8.211606608310035,1.0147977067934522,-8.146675887746566,0.0002896967453669464
3,1.188112943278243,56.80328783642699,6.475031136934173,0,4,-0.5651063535569466,7,0.04114626898936563,9.35584446800365,10.915974711888738,5,9.556771875486353,6.698063986356717,1.1667546151735022,-6.474425911238678,0.0015423841486350842
3,1.188112943278243,56.80328783642699,6.475031136934173,0,4,-0.5651063535569466,8,-0.1567189753011227,9.802419490551157,9.284141634166389,4,8.712778309488824,9.556771875486353,0.9471275579580783,-7.092443075138472,0.0008313637983126291
3,1.188112943278243,56.80328783642699,6.475031136934173,0,4,-0.5651063535569466,9,0.24529960585719213,10.985441163323141,11.272411453012769,4,11.055751708906296,8.712778309488824,1.0261227824557222,-8.350134032105895,0.00023636483582873953
3,1.188112943278243,56.80328783642699,6.475031136934173,0,4,-0.5651063535569466,10,0.18864011553560334,9.6933340615772,10.515982471475377,4,5.50368134976148,11.055751708906296,1.084867436185762,-7.3613586265134225,0.0006353346903463077
3,1.188112943278243,56.80328783642699,6.475031136934173,0,4,-0.5651063535569466,11,-0.024364776297538047,9.837411623081207,9.52361868611253,5,9.036714774449926,5.50368134976148,0.9681020832520176,-7.153893603347274,0.0007818140735102881
3,1.188112943278243,56.80328783642699,6.475031136934173,0,4,-0.5651063535569466,12,-0.11117269158045646,10.39183228750208,10.403572438650796,4,7.858592662948896,9.036714774449926,1.001129747942799,-7.889657412320573,0.00037459788562635606
3,1.188112943278243,56.80328783642699,6.475031136934173,0,4,-0.5651063535569466,13,-0.07133827681171602,10.516529269652922,11.366869820061186,4,10.288922511770496,7.858592662948896,1.0808575270989882,-8.071927878107381,0.0003121808539154339
3,1.188112943278243,56.80328783642699,6.475031136934173,0,4,-0.5651063535569466,14,-0.15972510848492985,9.791318298515895,10.863611111626756,4,6.5282305922049275,10.288922511770496,1.1095146516964312,-7.290012889094398,0.0006823192582223711
3,1.188112943278243,56.80328783642699,6.475031136934173,0,4,-0.5651063535569466,15,0.005312829848108214,10.676986273146312,11.471876322195282,4,5.623600454447951,6.5282305922049275,1.0744489155191852,-8.516857465411546,0.00020006715647339482
3,1.188112943278243,56.80328783642699,6.475031136934173,0,4,-0.5651063535569466,16,-0.12323354394010944,10.120388331517114,11.305650340400325,4,8.083876375455135,5.623600454447951,1.1171162578012983,-7.738684782543772,0.00043564416526675086
3,1.188112943278243,56.80328783642699,6.475031136934173,0,4,-0.5651063535569466,17,0.11710850410840844,8.830266413971898,9.099627360750192,4,6.798848070609942,8.083876375455135,1.030504283126961,-5.957426596151824,0.002586559677370556
3,1.188112943278243,56.80328783642699,6.475031136934173,0,4,-0.5651063535569466,18,-0.07189371493174873,10.793810132715299,10.93326065428284,4,6.191846312847424,6.798848070609942,1.0129194899533092,-9.011389102097475,0.00012201225077333894
3,1.188112943278243,56.80328783642699,6.475031136934173,0,4,-0.5651063535569466,19,-0.07079141278787165,9.289765153288702,9.948702850890239,4,8.950360752774234,6.191846312847424,1.0709315775725787,-6.567606123547454,0.0014051571617611247
3,1.188112943278243,56.80328783642699,6.475031136934173,0,4,-0.5651063535569466,20,0.3074506008403983,13.225981623020138,14.148528920669477,4,9.415545784084346,8.950360752774234,1.069752652313052,-10.485838978159492,2.7929167694147644e-05
3,1.188112943278243,56.80328783642699,6.475031136934173,0,4,-0.5651063535569466,21,-0.14514390451041106,10.468022391094747,10.174116854740326,4,8.33775779022286,9.415545784084346,0.9719234899034559,-7.918823651692701,0.0003638300657425332
3,1.188112943278243,56.80328783642699,6.475031136934173,0,4,-0.5651063535569466,22,-0.31358317758909293,9.90884227809658,11.021006178034934,4,8.91688999597694,8.33775779022286,1.1122395400718794,-8.095227298452754,0.00030499130240976884
3,1.188112943278243,56.80328783642699,6.475031136934173,0,4,-0.5651063535569466,23,0.07324303848148955,11.049642081372452,11.25378112568206,4,5.953504956830592,8.91688999597694,1.0184747200684217,-8.333674658775891,0.00024028744620189452
3,1.188112943278243,56.80328783642699,6.475031136934173,0,4,-0.5651063535569466,24,-0.4155737022818746,11.673469361768282,11.256313356370768,4,12.32448251719033,5.953504956830592,0.9642646078496818,-9.24387124526571,9.670250555260137e-05
3,1.188112943278243,56.80328783642699,6.475031136934173,0,4,-0.5651063535569466,25,0.05287572716514413,11.734447407718283,12.608420593279597,4,9.03692114646169,12.32448251719033,1.0744792792702331,-9.583131090502931,6.888093728008477e-05
3,1.188112943278243,56.80328783642699,6.475031136934173,0,4,-0.5651063535569466,26,0.19634402837852838,10.536425494352159,10.501820454570467,4,8.92986525060409,9.03692114646169,0.9967156755580684,-7.183604360490923,0.0007589274583058101
3,1.188112943278243,56.80328783642699,6.475031136934173,0,4,-0.5651063535569466,27,0.01402300615082264,11.31336459934065,10.95140042876067,4,9.028384478724831,8.92986525060409,0.9680056125300623,-8.59508625562852,0.0001850126687263794
3,1.188112943278243,56.80328783642699,6.475031136934173,0,4,-0.5651063535569466,28,0.0018550148592412774,10.958494419432512,11.440134900865882,4,10.71242968070213,9.028384478724831,1.0439513370175455,-8.258584605605726,0.00025902535492166836
3,1.188112943278243,56.80328783642699,6.475031136934173,0,4,-0.5651063535569466,29,-0.41012187044991083,10.356038544571849,10.163149217142369,4,10.869079343564309,10.71242968070213,0.9813742169267433,-8.035800352590607,0.0003236653803371189
3,1.188112943278243,56.80328783642699,6.475031136934173,0,4,-0.5651063535569466,30,0.11106073711175773,8.765293968693111,8.33433288760424,4,6.284112277780192,10.869079343564309,0.9508332427151754,-5.20105818761119,0.005510729948162135
3,1.188112943278243,56.80328783642699,6.475031136934173,0,4,-0.5651063535569466,31,0.07925851344932232,10.309756874102767,11.0731612113427,4,8.945584145634541,6.284112277780192,1.0740467836984149,-7.712506503665749,0.00044719916483583434
3,1.188112943278243,56.80328783642699,6.475031136934173,0,4,-0.5651063535569466,32,-0.2343995516749002,7.7297202147884905,7.114216190366966,4,10.916428061293686,8.945584145634541,0.9203717589617353,-3.691320304351615,0.024939053155376954
3,1.188112943278243,56.80328783642699,6.475031136934173,0,4,-0.5651063535569466,33,0.3826341494492407,9.421617298818735,9.464691115962424,4,10.781880871234247,10.916428061293686,1.0045718071300869,-6.357351467873649,0.0017339530660239295
3,1.188112943278243,56.80328783642699,6.475031136934173,0,4,-0.5651063535569466,34,-0.2448032401480451,11.678582559268822,12.313179340834246,5,11.789328221948866,10.781880871234247,1.0543385105465364,-9.795791550204468,5.5685456447068164e-05
3,1.188112943278243,56.80328783642699,6.475031136934173,0,4,-0.5651063535569466,35,-0.33585807234342985,10.506271510834576,10.771375295599778,4,9.417945205885557,11.789328221948866,1.0252329082198013,-8.138062316233658,0.00029220284674724294
3,1.188112943278243,56.80328783642699,6.475031136934173,0,4,-0.5651063535569466,36,-0.36221155398213295,10.294500231795515,9.774866915184136,5,6.969902930838335,9.417945205885557,0.9495232109465165,-9.017738945058927,0.00012123994674118862
3,1.188112943278243,56.80328783642699,6.475031136934173,0,4,-0.5651063535569466,37,0.005194181464211946,9.474966535374682,9.248809744032819,4,8.703841818611993,6.969902930838335,0.9761311250549003,-6.558947879898589,0.0014173761761009588
3,1.188112943278243,56.80328783642699,6.475031136934173,0,4,-0.5651063535569466,38,0.0675742500294194,9.503101878322838,9.200419661521835,5,7.685843643061371,8.703841818611993,0.9681491137655338,-6.781032797061738,0.0011351019627499211
3,1.188112943278243,56.80328783642699,6.475031136934173,0,4,-0.5651063535569466,39,0.08819478218692851,9.682625619181902,10.141928393538748,4,6.667907792852084,7.685843643061371,1.0474357671587486,-6.838110915483038,0.0010721268260133886
3,1.188112943278243,56.80328783642699,6.475031136934173,0,4,-0.5651063535569466,40,-0.06747199564309786,8.98628250346519,8.406726818567874,4,7.9192791631338295,6.667907792852084,0.93550662527315,-6.465970163622317,0.001555481455446179
3,1.188112943278243,56.80328783642699,6.475031136934173,0,4,-0.5651063535569466,41,-0.16253500440717236,8.116013780621689,9.311532643595786,4,8.510397275523934,7.9192791631338295,1.1473037004728348,-5.474714465957147,0.004191425173713208
3,1.188112943278243,56.80328783642699,6.475031136934173,0,4,-0.5651063535569466,42,0.16855291640160835,11.426867858990663,11.300697138849264,4,9.970613984929681,8.510397275523934,0.9889584161033133,-8.706665050635307,0.00016547920002788665
3,1.188112943278243,56.80328783642699,6.475031136934173,0,4,-0.5651063535569466,43,-0.17951707731235617,12.059098261595077,12.026665296044452,4,9.419780145868115,9.970613984929681,0.9973104982771461,-9.888768333873667,5.0741403991138036e-05
3,1.188112943278243,56.80328783642699,6.475031136934173,0,4,-0.5651063535569466,44,-0.2419680411959665,9.777734079874618,9.135499087954875,4,7.472514279489289,9.419780145868115,0.9343165822803826,-7.765667723285333,0.00042404637942195265
3,1.188112943278243,56.80328783642699,6.475031136934173,0,4,-0.5651063535569466,45,0.2802631334986427,11.192095636612368,11.351347456440939,4,6.702382869976309,7.472514279489289,1.0142289545228345,-8.718387237424945,0.00016355074686176505
3,1.188112943278243,56.80328783642699,6.475031136934173,0,4,-0.5651063535569466,46,0.035514301628569965,9.202565300768384,8.997891903925305,4,6.112560988254847,6.702382869976309,0.9777590932361013,-6.898946220888035,0.0010088479720274577
3,1.188112943278243,56.80328783642699,6.475031136934173,0,4,-0.5651063535569466,47,0.09425797907819627,10.79457886180086,10.512140958706,5,7.666216799548778,6.112560988254847,0.973835208699588,-8.261596955141705,0.0002582462540651613
3,1.188112943278243,56.80328783642699,6.475031136934173,0,4,-0.5651063535569466,48,0.12516814092890055,9.068669477840842,8.236766726144573,5,6.831443622691804,7.666216799548778,0.908266283854648,-5.890790465036348,0.0027647903628037268
3,1.188112943278243,56.80328783642699,6.475031136934173,0,4,-0.5651063535569466,49,-0.11435942179986343,11.37366543829385,12.12057769146137,4,7.120636331617797,6.831443622691804,1.0656703203747098,-9.379308368781615,8.445359308012631e-05
3,1.188112943278243,56.80328783642699,6.475031136934173,0,4,-0.5651063535569466,50,-0.10657251720030408,10.526592415172658,10.578155849531722,4,10.945217642052937,7.120636331617797,1.00489839753696,-8.072954664921397,0.00031186047523949295
3,1.188112943278243,56.80328783642699,6.475031136934173,0,4,-0.5651063535569466,51,0.12811633661312918,9.207905397548771,8.613507580699444,4,8.90126918296034,10.945217642052937,0.9354470108904941,-5.77393234160099,0.00310751365121042
