data_examples/final_simulated_panel.csv
store_id,store_size,area_income,manager_experience,manager_vacant,base_competitors,store_fe,week,week_fe,price,competitor_price,competitor_count,ad_spend,ad_spend_lag,relative_price,log_sales,sales
4,0.6097929622692326,55.29627345707205,3.132764639980246,0,2,-0.9240413746530577,0,0.048845901334352015,10.506513860580988,10.186902120218962,2,5.765432932026995,0.0,0.9695796584287424,-8.390093495677046,0.00022710604393262864
4,0.6097929622692326,55.29627345707205,3.132764639980246,0,2,-0.9240413746530577,1,0.13563566401577118,11.618668907001311,12.026723326354384,2,8.221821765879593,5.765432932026995,1.0351205824539145,-9.419797537491126,8.110243785006932e-05
4,0.6097929622692326,55.29627345707205,3.132764639980246,0,2,-0.9240413746530577,2,-0.11710587627041394,9.983255277331326,9.95253848446451,2,8.622719785018017,8.221821765879593,0.9969231686445439,-7.726480947962938,0.0004409932679899139
4,0.6097929622692326,55.29627345707205,3.132764639980246,0,2,-0.9240413746530577,3,-0.18173462462506965,9.946465346769106,10.174651517602351,2,10.345862512606903,8.622719785018017,1.022941433250694,-7.855165039632012,0.00038774407378115684
4,0.6097929622692326,55.29627345707205,3.132764639980246,0,2,-0.9240413746530577,4,-0.39836764222427296,10.008137083048574,9.4453021245233,2,8.302126638357175,10.345862512606903,0.9437622652592775,-8.316333415614157,0.0002444906684529818
4,0.6097929622692326,55.29627345707205,3.132764639980246,0,2,-0.9240413746530577,5,0.1943245963972403,10.132531124306725,10.65167772569486,2,9.542408098013464,8.302126638357175,1.0512356285926194,-7.961186478686043,0.0003487391003875794
4,0.6097929622692326,55.29627345707205,3.132764639980246,0,2,-0.9240413746530577,6,0.0033314601152094115,11.267227987755884,10.470857777743161,2,7.585910611240573,9.542408098013464,0.929319774936822,-9.013131987019056,0.00012179978266872939
4,0.6097929622692326,55.29627345707205,3.132764639980246,0,2,-0.9240413746530577,7,0.04114626898936563,11.3183981108743,11.25784117402,2,7.394238981572261,7.585910611240573,0.9946496901539345,-8.84104825041351,0.00014467101571850915
4,0.6097929622692326,55.29627345707205,3.132764639980246,0,2,-0.9240413746530577,8,-0.1567189753011227,7.927390545018363,6.9854522372752434,2,8.760473667711166,7.394238981572261,0.8811792730036442,-5.346906045940039,0.004762864309889765
4,0.6097929622692326,55.29627345707205,3.132764639980246,0,2,-0.9240413746530577,9,0.24529960585719213,11.255344921943141,11.459139160866535,2,7.479535044120179,8.760473667711166,1.0181064410141782,-9.32995234015851,8.872646568462102e-05
4,0.6097929622692326,55.29627345707205,3.132764639980246,0,2,-0.9240413746530577,10,0.18864011553560334,9.85323793921053,10.087340451821518,3,8.039808958869221,7.479535044120179,1.0237589423959192,-7.584507394366888,0.0005082651008852796
4,0.6097929622692326,55.29627345707205,3.132764639980246,0,2,-0.9240413746530577,11,-0.024364776297538047,11.733963215658715,11.717066845949008,2,6.119835440416715,8.039808958869221,0.9985600457919316,-10.221322717149313,3.638613664934774e-05
4,0.6097929622692326,55.29627345707205,3.132764639980246,0,2,-0.9240413746530577,12,-0.11117269158045646,10.537414041083201,10.797095450049214,2,7.302545649664076,6.119835440416715,1.024643751109482,-8.55659978104765,0.00019227195015304442
4,0.6097929622692326,55.29627345707205,3.132764639980246,0,2,-0.9240413746530577,13,-0.07133827681171602,11.049745702829249,11.488103038641452,2,7.234035457468946,7.302545649664076,1.0396712600996747,-8.968659567466213,0.00012733876683384624
4,0.6097929622692326,55.29627345707205,3.132764639980246,0,2,-0.9240413746530577,14,-0.15972510848492985,9.582107221295162,9.033958444405515,2,6.133631194231538,7.234035457468946,0.9427945477721802,-7.432530555316805,0.000591688315794649
4,0.6097929622692326,55.29627345707205,3.132764639980246,0,2,-0.9240413746530577,15,0.005312829848108214,8.76654545843479,8.542182695111087,2,7.862260993548462,6.133631194231538,0.9744069355041295,-6.425827626430348,0.0016191926366088524
4,0.6097929622692326,55.29627345707205,3.132764639980246,0,2,-0.9240413746530577,16,-0.12323354394010944,10.356682059661361,9.84760898369667,2,7.107900303565289,7.862260993548462,0.9508459298999339,-7.933210291558441,0.00035863324563819795
4,0.6097929622692326,55.29627345707205,3.132764639980246,0,2,-0.9240413746530577,17,0.11710850410840844,11.09132545683205,11.654627092123626,2,7.499732255863918,7.107900303565289,1.0507875850802477,-8.929677521299446,0.00013240071405656373
4,0.6097929622692326,55.29627345707205,3.132764639980246,0,2,-0.9240413746530577,18,-0.07189371493174873,10.87292574723571,9.838799201258334,2,8.635300718482117,7.499732255863918,0.9048897628827928,-8.949606658320045,0.000129788201115871
4,0.6097929622692326,55.29627345707205,3.132764639980246,0,2,-0.9240413746530577,19,-0.07079141278787165,10.929633521983083,10.3245182558215,2,10.070713858049624,8.635300718482117,0.9446353562592472,-8.092569507265178,0.0003058029837675807
4,0.6097929622692326,55.29627345707205,3.132764639980246,0,2,-0.9240413746530577,20,0.3074506008403983,10.382138906026137,9.993419269655737,3,6.460791686727443,10.070713858049624,0.9625588099052717,-7.700496192268669,0.00045260254927494516
4,0.6097929622692326,55.29627345707205,3.132764639980246,0,2,-0.9240413746530577,21,-0.14514390451041106,10.885351106124709,10.646455711970425,3,8.318432345555294,6.460791686727443,0.9780534966832748,-9.130764646218845,0.00010828275543614598
4,0.6097929622692326,55.29627345707205,3.132764639980246,0,2,-0.9240413746530577,22,-0.31358317758909293,9.349458570104112,10.047941481417503,2,11.51970140566988,8.318432345555294,1.0747083808197049,-7.405254422986192,0.0006080494038383225
4,0.6097929622692326,55.29627345707205,3.132764639980246,0,2,-0.9240413746530577,23,0.07324303848148955,10.041618197313039,9.500251261847353,2,5.789203823381452,11.51970140566988,0.946087679811353,-7.692493385466571,0.000456239172221442
4,0.6097929622692326,55.29627345707205,3.132764639980246,0,2,-0.9240413746530577,24,-0.4155737022818746,8.636412115293126,8.49508476592216,2,12.403696947729328,5.789203823381452,0.9836358724567222,-6.4680593566184745,0.0015522351467472774
4,0.6097929622692326,55.29627345707205,3.132764639980246,0,2,-0.9240413746530577,25,0.05287572716514413,10.150461236453609,10.160509170265268,2,9.29286223472993,12.403696947729328,1.0009898992348814,-7.150417453000919,0.0007845365058233178
4,0.6097929622692326,55.29627345707205,3.132764639980246,0,2,-0.9240413746530577,26,0.19634402837852838,9.903819670090144,10.232500395125786,2,8.909283501384877,9.29286223472993,1.0331872687492756,-6.832257341248018,0.0010784210037249173
4,0.6097929622692326,55.29627345707205,3.132764639980246,0,2,-0.9240413746530577,27,0.01402300615082264,10.277769613081544,10.22893809297235,3,9.55672715632359,8.909283501384877,0.9952488212961067,-7.759676465032508,0.0004265945766236744
4,0.6097929622692326,55.29627345707205,3.132764639980246,0,2,-0.9240413746530577,28,0.0018550148592412774,11.278611699979159,11.39238510947223,2,9.298330970474582,9.55672715632359,1.010087536703944,-9.244530836026012,9.663874250451125e-05
4,0.6097929622692326,55.29627345707205,3.132764639980246,0,2,-0.9240413746530577,29,-0.41012187044991083,10.307598299939976,10.320046525488667,2,9.241242622523579,9.298330970474582,1.0012076746868146,-7.739039957342298,0.0004354894629129383
4,0.6097929622692326,55.29627345707205,3.132764639980246,0,2,-0.9240413746530577,30,0.11106073711175773,7.345952619963658,7.475504365996675,2,10.526859218662155,9.241242622523579,1.0176357992945588,-4.643395329242589,0.009624962169644211
4,0.6097929622692326,55.29627345707205,3.132764639980246,0,2,-0.9240413746530577,31,0.07925851344932232,11.636898995129364,11.721754477320143,2,5.7908051209924505,10.526859218662155,1.0072919325179581,-9.796184941246008,5.5663554595636375e-05
4,0.6097929622692326,55.29627345707205,3.132764639980246,0,2,-0.9240413746530577,32,-0.2343995516749002,10.427461040346085,9.59209797270322,2,9.164416001470315,5.7908051209924505,0.9198881621891786,-8.64788355734678,0.00017549788659110624
4,0.6097929622692326,55.29627345707205,3.132764639980246,0,2,-0.9240413746530577,33,0.3826341494492407,11.062127372051382,11.166504535409317,2,5.948810708438213,9.164416001470315,1.0094355416320413,-8.104316023044102,0.0003022318792730034
4,0.6097929622692326,55.29627345707205,3.132764639980246,0,2,-0.9240413746530577,34,-0.2448032401480451,9.501105814197956,9.420595084532005,2,9.297945726650834,5.948810708438213,0.9915261727171125,-6.869249698965299,0.0010392565274107268
4,0.6097929622692326,55.29627345707205,3.132764639980246,0,2,-0.9240413746530577,35,-0.33585807234342985,11.132729785524946,11.003605658590793,2,8.103475418631739,9.297945726650834,0.9884013957563181,-8.809111210128439,0.00014936595190583648
4,0.6097929622692326,55.29627345707205,3.132764639980246,0,2,-0.9240413746530577,36,-0.36221155398213295,11.850065130871359,12.10475603218441,2,7.864117230910197,8.103475418631739,1.021492784934113,-10.122547035069632,4.016369679818646e-05
4,0.6097929622692326,55.29627345707205,3.132764639980246,0,2,-0.9240413746530577,37,0.005194181464211946,8.7043351261865,9.185950374698438,2,10.002156051589344,7.864117230910197,1.0553305038845557,-5.965219055279331,0.0025664823442977185
4,0.6097929622692326,55.29627345707205,3.132764639980246,0,2,-0.9240413746530577,38,0.0675742500294194,11.565455313775896,12.257364922344133,2,9.043171606798113,10.002156051589344,1.059825539920083,-9.197403277418928,0.00010130211408120835
4,0.6097929622692326,55.29627345707205,3.132764639980246,0,2,-0.9240413746530577,39,0.08819478218692851,9.407260630824776,9.516618360557223,2,12.680706937592902,9.043171606798113,1.0116248219353159,-7.101657607674501,0.0008237383559419774
4,0.6097929622692326,55.29627345707205,3.132764639980246,0,2,-0.9240413746530577,40,-0.06747199564309786,9.582812808942016,9.558812829470638,2,8.793203452288122,12.680706937592902,0.9974955182836314,-7.164083091516847,0.0007738882369417458
4,0.6097929622692326,55.29627345707205,3.132764639980246,0,2,-0.9240413746530577,41,-0.16253500440717236,10.365565228522264,10.4971278707326,2,9.088360813642806,8.793203452288122,1.0126922786466408,-8.382749738341724,0.00022877999462939471
4,0.6097929622692326,55.29627345707205,3.132764639980246,0,2,-0.9240413746530577,42,0.16855291640160835,12.464387564362976,11.757542652262543,2,9.555381566057743,9.088360813642806,0.9432908429354862,-10.061609319256402,4.268729089053705e-05
4,0.6097929622692326,55.29627345707205,3.132764639980246,0,2,-0.9240413746530577,43,-0.17951707731235617,8.572605515057365,8.395092881961077,2,6.9450035587110115,9.555381566057743,0.979293036080513,-6.143163292563116,0.002148117734617595
4,0.6097929622692326,55.29627345707205,3.132764639980246,0,2,-0.9240413746530577,44,-0.2419680411959665,9.75374596542748,9.18791424118891,2,9.929031465364176,6.9450035587110115,0.9419882652014742,-7.768350699583726,0.00042291019789215533
4,0.6097929622692326,55.29627345707205,3.132764639980246,0,2,-0.9240413746530577,45,0.2802631334986427,10.445700830807876,11.492013775235904,2,7.33380408556673,9.929031465364176,1.1001668496327313,-7.94201647704285,0.0003554889198342506
4,0.6097929622692326,55.29627345707205,3.132764639980246,0,2,-0.9240413746530577,46,0.035514301628569965,11.066884558784094,11.541508250806855,2,4.915072485641634,7.33380408556673,1.0428868386131342,-8.867876859920475,0.00014084129626309368
4,0.6097929622692326,55.29627345707205,3.132764639980246,0,2,-0.9240413746530577,47,0.09425797907819627,10.310029494370148,10.487094598816965,2,8.426123867023263,4.915072485641634,1.0171740638126694,-8.191018906924052,0.00027713136926581824
4,0.6097929622692326,55.29627345707205,3.132764639980246,0,2,-0.9240413746530577,48,0.12516814092890055,10.864369873230167,11.558820296242763,3,11.437846050920905,8.426123867023263,1.0639199908614785,-8.261081246415024,0.0002583794682589241
4,0.6097929622692326,55.29627345707205,3.132764639980246,0,2,-0.9240413746530577,49,-0.11435942179986343,9.406134982448425,10.054528173337898,2,6.832809447709216,11.437846050920905,1.0689330093709433,-7.613416531816753,0.000493781951562799
4,0.6097929622692326,55.29627345707205,3.132764639980246,0,2,-0.9240413746530577,50,-0.10657251720030408,11.22875371551854,11.409167768646983,2,3.8224762460189696,6.832809447709216,1.0160671484742874,-9.300918617159942,9.134028617300504e-05
4,0.6097929622692326,55.29627345707205,3.132764639980246,0,2,-0.9240413746530577,51,0.12811633661312918,11.521344917456378,12.060060965954175,2,6.363431386888567,3.8224762460189696,1.0467580870425612,-9.881581803985714,5.110737205261231e-05
