data_examples/final_simulated_panel.csv
store_id,store_size,area_income,manager_experience,manager_vacant,base_competitors,store_fe,week,week_fe,price,competitor_price,competitor_count,ad_spend,ad_spend_lag,relative_price,log_sales,sales
5,0.7395640986275364,53.61122151756658,4.58912488426474,0,4,0.021741434156152907,0,0.048845901334352015,8.831921499694936,9.04794046317837,4,8.482173114407887,0.0,1.0244588862673765,-5.605403252701443,0.0036779371071002545
5,0.7395640986275364,53.61122151756658,4.58912488426474,0,4,0.021741434156152907,1,0.13563566401577118,9.157110752968135,9.787044175614849,5,6.598575755349558,8.482173114407887,1.0687917225902865,-6.33863901604996,0.0017667050585917184
5,0.7395640986275364,53.61122151756658,4.58912488426474,0,4,0.021741434156152907,2,-0.11710587627041394,10.355904402766825,10.22281259820161,4,6.1100300078351575,6.598575755349558,0.9871482200502298,-8.156074664039666,0.00028698670594125617
5,0.7395640986275364,53.61122151756658,4.58912488426474,0,4,0.021741434156152907,3,-0.18173462462506965,10.302156457513728,10.384676733099251,6,9.101405073131064,6.1100300078351575,1.0080100002291597,-7.913355569914788,0.0003658249674675484
5,0.7395640986275364,53.61122151756658,4.58912488426474,0,4,0.021741434156152907,4,-0.39836764222427296,10.509405155873864,10.727188222819262,4,11.067088097778758,9.101405073131064,1.0207226825605515,-7.843195174864722,0.00039241320660446963
5,0.7395640986275364,53.61122151756658,4.58912488426474,0,4,0.021741434156152907,5,0.1943245963972403,8.762528000438206,9.20261155783043,4,8.849182185934678,11.067088097778758,1.0502233553342388,-5.222871513613314,0.00539182417923016
5,0.7395640986275364,53.61122151756658,4.58912488426474,0,4,0.021741434156152907,6,0.0033314601152094115,9.60437559106741,9.262971732585513,4,7.312350359443803,8.849182185934678,0.9644532999313957,-6.435813834959952,0.001603103509684609
5,0.7395640986275364,53.61122151756658,4.58912488426474,0,4,0.021741434156152907,7,0.04114626898936563,9.516616950029832,9.694435020563919,4,8.96521679080538,7.312350359443803,1.0186850087029646,-6.292177161148388,0.001850726228180744
5,0.7395640986275364,53.61122151756658,4.58912488426474,0,4,0.021741434156152907,8,-0.1567189753011227,11.383561979519117,11.027738850473638,4,6.761005974788358,8.96521679080538,0.9687423734604632,-8.384918603116969,0.00022828433945658064
5,0.7395640986275364,53.61122151756658,4.58912488426474,0,4,0.021741434156152907,9,0.24529960585719213,9.935387907006977,9.976397383711822,4,10.099496377649803,6.761005974788358,1.00412761706827,-6.39079542430081,0.0016769218063991337
5,0.7395640986275364,53.61122151756658,4.58912488426474,0,4,0.021741434156152907,10,0.18864011553560334,9.533079556193089,8.617095643563191,4,10.028267057677578,10.099496377649803,0.9039152136273911,-5.906677312315588,0.0027212136255662894
5,0.7395640986275364,53.61122151756658,4.58912488426474,0,4,0.021741434156152907,11,-0.024364776297538047,9.138690619174124,8.023138700288209,5,6.540303531586194,10.028267057677578,0.8779308803226857,-5.77788790113623,0.003095245974714316
5,0.7395640986275364,53.61122151756658,4.58912488426474,0,4,0.021741434156152907,12,-0.11117269158045646,10.061373810888192,9.819493544665137,4,8.07344017268017,6.540303531586194,0.975959518971326,-6.885798937114014,0.001022199156190686
5,0.7395640986275364,53.61122151756658,4.58912488426474,0,4,0.021741434156152907,13,-0.07133827681171602,11.270917066652283,11.283617271518152,4,7.032204650885293,8.07344017268017,1.0011268120234373,-8.204924301665372,0.00027330441748332226
5,0.7395640986275364,53.61122151756658,4.58912488426474,0,4,0.021741434156152907,14,-0.15972510848492985,8.518274590386378,7.964387341966059,5,10.591650465358986,7.032204650885293,0.934976591498303,-4.861114339146023,0.007741852033837645
5,0.7395640986275364,53.61122151756658,4.58912488426474,0,4,0.021741434156152907,15,0.005312829848108214,10.206988277434926,11.3143153825895,6,6.892623195324369,10.591650465358986,1.108487153610492,-7.133862798746269,0.0007976323358143842
5,0.7395640986275364,53.61122151756658,4.58912488426474,0,4,0.021741434156152907,16,-0.12323354394010944,10.613834320916128,10.072070722408286,7,7.97699618038478,6.892623195324369,0.9489568442348665,-8.053167838577858,0.00031809265853754065
5,0.7395640986275364,53.61122151756658,4.58912488426474,0,4,0.021741434156152907,17,0.11710850410840844,12.115535463409353,11.570418369405889,4,11.540061991151912,7.97699618038478,0.9550067683223911,-8.922683436895465,0.00013332998172598375
5,0.7395640986275364,53.61122151756658,4.58912488426474,0,4,0.021741434156152907,18,-0.07189371493174873,10.806951512290764,10.750929248172376,4,5.283040711421215,11.540061991151912,0.994816089990348,-7.955337397317449,0.0003507848808980158
5,0.7395640986275364,53.61122151756658,4.58912488426474,0,4,0.021741434156152907,19,-0.07079141278787165,11.495318260848947,11.19747297429428,5,8.803567426279283,5.283040711421215,0.9740898616466257,-9.577265854158354,6.928612736309124e-05
5,0.7395640986275364,53.61122151756658,4.58912488426474,0,4,0.021741434156152907,20,0.3074506008403983,10.186196063997016,10.33268272544506,4,9.385153495570991,8.803567426279283,1.014380899457237,-6.675403873897379,0.0012615629705876716
5,0.7395640986275364,53.61122151756658,4.58912488426474,0,4,0.021741434156152907,21,-0.14514390451041106,8.750538642509232,8.2145095929332,4,2.3707999833235984,9.385153495570991,0.938743308100823,-5.63880150115275,0.0035571290675995206
5,0.7395640986275364,53.61122151756658,4.58912488426474,0,4,0.021741434156152907,22,-0.31358317758909293,8.72745403104509,9.098069680908456,5,3.775468388253893,2.3707999833235984,1.042465494352078,-6.8379172359722595,0.0010723344951225201
5,0.7395640986275364,53.61122151756658,4.58912488426474,0,4,0.021741434156152907,23,0.07324303848148955,9.446047585922791,8.72635155545872,5,8.60907037006477,3.775468388253893,0.9238098237471706,-5.736429333651446,0.0032262676582179377
5,0.7395640986275364,53.61122151756658,4.58912488426474,0,4,0.021741434156152907,24,-0.4155737022818746,10.317232879066438,9.92249528089758,4,6.911396466224616,8.60907037006477,0.9617399740031286,-8.002849514806993,0.0003345080828181744
5,0.7395640986275364,53.61122151756658,4.58912488426474,0,4,0.021741434156152907,25,0.05287572716514413,9.900661571613243,9.722941603960107,4,8.474673666619388,6.911396466224616,0.9820496876529254,-6.812420672252855,0.001100026869945627
5,0.7395640986275364,53.61122151756658,4.58912488426474,0,4,0.021741434156152907,26,0.19634402837852838,9.72933223170335,9.173720701327278,4,6.465758112551896,8.474673666619388,0.9428931485589944,-7.082247009235753,0.0008398837998265077
5,0.7395640986275364,53.61122151756658,4.58912488426474,0,4,0.021741434156152907,27,0.01402300615082264,12.034637737541587,12.210018648610617,4,9.252793035435495,6.465758112551896,1.0145730112441969,-8.843754066268382,0.00014428009171313393
5,0.7395640986275364,53.61122151756658,4.58912488426474,0,4,0.021741434156152907,28,0.0018550148592412774,7.8051883204140236,7.780370759650354,4,6.844645127721325,9.252793035435495,0.9968203764284891,-4.13669961417211,0.015975489873640038
5,0.7395640986275364,53.61122151756658,4.58912488426474,0,4,0.021741434156152907,29,-0.41012187044991083,9.171793977027576,9.478767375865527,4,9.94540029341783,6.844645127721325,1.0334692863366557,-6.043607552294997,0.002372982793993506
5,0.7395640986275364,53.61122151756658,4.58912488426474,0,4,0.021741434156152907,30,0.11106073711175773,12.653103573840635,12.066460044341655,4,13.17712374062593,9.94540029341783,0.9536363923621219,-9.879221098690797,5.12281640174446e-05
5,0.7395640986275364,53.61122151756658,4.58912488426474,0,4,0.021741434156152907,31,0.07925851344932232,10.560762466082096,10.365539207136583,4,5.772741486620247,13.17712374062593,0.9815142836918727,-7.591762187052157,0.0005045910861709565
5,0.7395640986275364,53.61122151756658,4.58912488426474,0,4,0.021741434156152907,32,-0.2343995516749002,9.582857617223556,9.478967992126387,4,9.946119450713809,5.772741486620247,0.9891588053118471,-6.0619983953798044,0.002329740489790513
5,0.7395640986275364,53.61122151756658,4.58912488426474,0,4,0.021741434156152907,33,0.3826341494492407,9.136656591381476,9.502432794344307,4,3.1277716025360602,9.946119450713809,1.0400339226175868,-5.828138064449997,0.0029435525862325116
5,0.7395640986275364,53.61122151756658,4.58912488426474,0,4,0.021741434156152907,34,-0.2448032401480451,11.091737619055653,11.111211175394134,4,4.25542462799015,3.1277716025360602,1.0017556813014603,-9.061144078573754,0.00011609008440217108
5,0.7395640986275364,53.61122151756658,4.58912488426474,0,4,0.021741434156152907,35,-0.33585807234342985,10.994682106684097,11.223035492682628,4,11.458660871345602,4.25542462799015,1.0207694396056897,-8.7185631813783,0.00016352197362810047
5,0.7395640986275364,53.61122151756658,4.58912488426474,0,4,0.021741434156152907,36,-0.36221155398213295,11.117167186289757,11.384017181479972,4,6.76247091117482,11.458660871345602,1.0240034165825362,-8.395745596763886,0.0002258260383828812
5,0.7395640986275364,53.61122151756658,4.58912488426474,0,4,0.021741434156152907,37,0.005194181464211946,9.00166331959904,9.604946931244335,4,9.47928394107022,6.76247091117482,1.0670191263798752,-5.844576215879868,0.0028955615457185334
5,0.7395640986275364,53.61122151756658,4.58912488426474,0,4,0.021741434156152907,38,0.0675742500294194,10.455179285509535,10.547693900071296,5,8.301698522478867,9.47928394107022,1.0088486875294413,-7.487459843483208,0.0005600638048556464
5,0.7395640986275364,53.61122151756658,4.58912488426474,0,4,0.021741434156152907,39,0.08819478218692851,10.106657772197142,9.202741510411178,4,8.891251278062109,8.301698522478867,0.9105622964425898,-6.6256531022221505,0.0013259141906817198
5,0.7395640986275364,53.61122151756658,4.58912488426474,0,4,0.021741434156152907,40,-0.06747199564309786,10.785929870673794,10.52614703700055,4,8.165670529642973,8.891251278062109,0.97591465577951,-8.149016566037442,0.00028901945145693277
5,0.7395640986275364,53.61122151756658,4.58912488426474,0,4,0.021741434156152907,41,-0.16253500440717236,8.718015366897463,9.546594961134314,4,9.148990845041789,8.165670529642973,1.0950422268562396,-5.522678490277959,0.003995132674099339
5,0.7395640986275364,53.61122151756658,4.58912488426474,0,4,0.021741434156152907,42,0.16855291640160835,10.958849455846522,10.766179724785008,5,8.490217599154434,9.148990845041789,0.9824187993604817,-7.533643213606886,0.0005347863623083976
5,0.7395640986275364,53.61122151756658,4.58912488426474,0,4,0.021741434156152907,43,-0.17951707731235617,11.918225215946325,12.245675699670851,4,4.079995196937988,8.490217599154434,1.0274747689183121,-9.434300577473843,7.993469433502568e-05
5,0.7395640986275364,53.61122151756658,4.58912488426474,0,4,0.021741434156152907,44,-0.2419680411959665,8.996713988412148,9.93607163464407,4,5.509933161744735,4.079995196937988,1.1044111936248973,-5.9037393568553025,0.0027292201856955437
5,0.7395640986275364,53.61122151756658,4.58912488426474,0,4,0.021741434156152907,45,0.2802631334986427,11.272911894087784,11.14722026983698,4,10.757649100234563,5.509933161744735,0.9888501191678146,-8.129757070502377,0.0002946397688034744
5,0.7395640986275364,53.61122151756658,4.58912488426474,0,4,0.021741434156152907,46,0.035514301628569965,12.090457975552507,12.023739356985468,4,11.472075465951878,10.757649100234563,0.9944817128762246,-9.46168081037582,7.777575479485232e-05
5,0.7395640986275364,53.61122151756658,4.58912488426474,0,4,0.021741434156152907,47,0.09425797907819627,11.306516126284542,11.050046975701036,4,4.7983983950651545,11.472075465951878,0.9773166952827065,-8.847241369309168,0.00014377781960712164
5,0.7395640986275364,53.61122151756658,4.58912488426474,0,4,0.021741434156152907,48,0.12516814092890055,10.374274202469898,10.992149611536504,4,11.266148578404323,4.7983983950651545,1.0595584227877362,-7.271645136652422,0.0006949677358931308
5,0.7395640986275364,53.61122151756658,4.58912488426474,0,4,0.021741434156152907,49,-0.11435942179986343,10.56547765933888,10.621341405558423,5,7.184950435951443,11.266148578404323,1.0052873848226034,-7.938934056460313,0.00035658637674054966
5,0.7395640986275364,53.61122151756658,4.58912488426474,0,4,0.021741434156152907,50,-0.10657251720030408,9.908703358386772,9.490773158257884,4,8.578173853820777,7.184950435951443,0.9578219081737723,-7.384261418283006,0.0006209491159461826
5,0.7395640986275364,53.61122151756658,4.58912488426474,0,4,0.021741434156152907,51,0.12811633661312918,10.678364021786154,10.440133034478647,5,8.31956406049385,8.578173853820777,0.9776903103489014,-7.7107978960740855,0.00044796390585897264
