data_examples/final_simulated_panel.csv
store_id,store_size,area_income,manager_experience,manager_vacant,base_competitors,store_fe,week,week_fe,price,competitor_price,competitor_count,ad_spend,ad_spend_lag,relative_price,log_sales,sales
6,1.025568080633457,57.248577487733165,3.0999558901788378,0,3,-0.18871041345533432,0,0.048845901334352015,8.931017922254341,8.586667996284474,3,9.442573020855441,0.0,0.9614433730883223,-5.474921017518624,0.0041905595177031425
6,1.025568080633457,57.248577487733165,3.0999558901788378,0,3,-0.18871041345533432,1,0.13563566401577118,10.048160991604146,9.36803234099584,3,8.024292119026327,9.442573020855441,0.9323131216571277,-6.8656791192429685,0.0010429739083468756
6,1.025568080633457,57.248577487733165,3.0999558901788378,0,3,-0.18871041345533432,2,-0.11710587627041394,9.15352824190297,9.513685682890133,3,11.533227153421207,8.024292119026327,1.0393462970200316,-5.444229994297965,0.00432116604943067
6,1.025568080633457,57.248577487733165,3.0999558901788378,0,3,-0.18871041345533432,3,-0.18173462462506965,8.547039705859321,9.105205991728546,3,7.413510660973659,11.533227153421207,1.0653052173709432,-4.810447288641483,0.008144216067522756
6,1.025568080633457,57.248577487733165,3.0999558901788378,0,3,-0.18871041345533432,4,-0.39836764222427296,11.541566714809344,12.433199492886427,4,7.9844659293682,7.413510660973659,1.077254050520975,-9.629350180277914,6.576977443382562e-05
6,1.025568080633457,57.248577487733165,3.0999558901788378,0,3,-0.18871041345533432,5,0.1943245963972403,8.159848953623808,7.943836416358556,3,10.313574531871463,7.9844659293682,0.9735273853115479,-4.924518589714337,0.007266223472672714
6,1.025568080633457,57.248577487733165,3.0999558901788378,0,3,-0.18871041345533432,6,0.0033314601152094115,11.852549104736758,12.37283337566478,3,9.255906805537082,10.313574531871463,1.0438964029029076,-8.54044708227856,0.00019540287945066795
6,1.025568080633457,57.248577487733165,3.0999558901788378,0,3,-0.18871041345533432,7,0.04114626898936563,7.851388536532806,9.099093511212956,3,5.961738854034211,9.255906805537082,1.1589151993783688,-4.587102268075942,0.010182321302417443
6,1.025568080633457,57.248577487733165,3.0999558901788378,0,3,-0.18871041345533432,8,-0.1567189753011227,11.014197515654025,9.99290649876484,3,8.449157982711737,5.961738854034211,0.9072750406520614,-9.00863430771242,0.0001223488328310015
6,1.025568080633457,57.248577487733165,3.0999558901788378,0,3,-0.18871041345533432,9,0.24529960585719213,10.2674874198267,9.759648090340548,3,8.120320366286021,8.449157982711737,0.950539084323054,-6.492060607174884,0.0015154230968300864
6,1.025568080633457,57.248577487733165,3.0999558901788378,0,3,-0.18871041345533432,10,0.18864011553560334,8.449980751150218,7.992623441300472,3,11.526205802814667,8.120320366286021,0.9458747512782807,-4.569077659174416,0.010367517693909287
6,1.025568080633457,57.248577487733165,3.0999558901788378,0,3,-0.18871041345533432,11,-0.024364776297538047,9.583689811938322,10.608043369789968,4,9.997363464977944,11.526205802814667,1.106885091019496,-6.045860952616168,0.0023676415340619693
6,1.025568080633457,57.248577487733165,3.0999558901788378,0,3,-0.18871041345533432,12,-0.11117269158045646,9.075201452922942,9.335503844547066,3,8.994577725160589,9.997363464977944,1.0286828224116487,-6.015676756407768,0.002440196387079821
6,1.025568080633457,57.248577487733165,3.0999558901788378,0,3,-0.18871041345533432,13,-0.07133827681171602,9.152889950042201,9.178378832460403,3,7.329438674277229,8.994577725160589,1.0027847906570846,-6.263925326086755,0.0019037582388160626
6,1.025568080633457,57.248577487733165,3.0999558901788378,0,3,-0.18871041345533432,14,-0.15972510848492985,11.02056174789166,10.927093484554701,4,8.52980995851558,7.329438674277229,0.9915187387471568,-8.003143580745322,0.0003344097298467601
6,1.025568080633457,57.248577487733165,3.0999558901788378,0,3,-0.18871041345533432,15,0.005312829848108214,8.94647874798383,8.682252796142619,3,10.460593100512853,8.52980995851558,0.9704659275135754,-5.679625335024516,0.003414837623803021
6,1.025568080633457,57.248577487733165,3.0999558901788378,0,3,-0.18871041345533432,16,-0.12323354394010944,8.19877710483179,7.664426726767909,3,9.044533698349543,10.460593100512853,0.9348256000582121,-4.396325038996143,0.012322541654908904
6,1.025568080633457,57.248577487733165,3.0999558901788378,0,3,-0.18871041345533432,17,0.11710850410840844,11.28786192219905,11.140847242366,4,7.617125749081902,9.044533698349543,0.9869758612528802,-8.45790581523854,0.0002122160252161065
6,1.025568080633457,57.248577487733165,3.0999558901788378,0,3,-0.18871041345533432,18,-0.07189371493174873,10.563053876526363,9.925422057496485,3,6.8905168453272765,7.617125749081902,0.9396356558923884,-7.4098433106783315,0.000605265525749999
6,1.025568080633457,57.248577487733165,3.0999558901788378,0,3,-0.18871041345533432,19,-0.07079141278787165,10.180430158693458,10.510095588486209,3,10.164860543749992,6.8905168453272765,1.0323822691825293,-7.134049881856815,0.0007974831262336591
6,1.025568080633457,57.248577487733165,3.0999558901788378,0,3,-0.18871041345533432,20,0.3074506008403983,9.90107215068172,10.004221081149103,3,9.033938531156261,10.164860543749992,1.0104179556413273,-6.64253068919173,0.0013037237459433931
6,1.025568080633457,57.248577487733165,3.0999558901788378,0,3,-0.18871041345533432,21,-0.14514390451041106,10.903933758350043,11.079285785899923,4,7.8592199481717815,9.033938531156261,1.0160815382261104,-8.052572196708454,0.0003182821842824468
6,1.025568080633457,57.248577487733165,3.0999558901788378,0,3,-0.18871041345533432,22,-0.31358317758909293,10.585368220397509,11.556159215087373,3,5.375203847629568,7.8592199481717815,1.091710649500052,-7.7737953647419555,0.0004206138505665823
6,1.025568080633457,57.248577487733165,3.0999558901788378,0,3,-0.18871041345533432,23,0.07324303848148955,10.102692357099386,10.71827549096937,3,7.847069756484995,5.375203847629568,1.060932582336569,-7.192092727521936,0.0007525126675556503
6,1.025568080633457,57.248577487733165,3.0999558901788378,0,3,-0.18871041345533432,24,-0.4155737022818746,9.629955616767731,10.027648354133818,3,5.956148110838131,7.847069756484995,1.0412974631652117,-7.058900210017522,0.0008597230890720818
6,1.025568080633457,57.248577487733165,3.0999558901788378,0,3,-0.18871041345533432,25,0.05287572716514413,11.331676571990428,11.692522210886526,3,10.101948524757965,5.956148110838131,1.0318439761851335,-8.162243674665625,0.0002852217315730321
6,1.025568080633457,57.248577487733165,3.0999558901788378,0,3,-0.18871041345533432,26,0.19634402837852838,11.724370035835717,11.66049402912642,3,8.352533746723022,10.101948524757965,0.9945518602266852,-8.452814890000239,0.0002132991558640899
6,1.025568080633457,57.248577487733165,3.0999558901788378,0,3,-0.18871041345533432,27,0.01402300615082264,10.736637756701437,11.365754137062153,3,7.817865608435961,8.352533746723022,1.058595287893367,-7.872293642535309,0.0003811591160715371
6,1.025568080633457,57.248577487733165,3.0999558901788378,0,3,-0.18871041345533432,28,0.0018550148592412774,13.30747388122918,13.514526823353465,3,8.546728982313587,7.817865608435961,1.0155591469855405,-10.500770422993725,2.7515242806055948e-05
6,1.025568080633457,57.248577487733165,3.0999558901788378,0,3,-0.18871041345533432,29,-0.41012187044991083,10.510878464008009,10.38487646728476,3,11.99301690736165,8.546728982313587,0.9880122296956708,-7.6548715435992225,0.0004737306988557234
6,1.025568080633457,57.248577487733165,3.0999558901788378,0,3,-0.18871041345533432,30,0.11106073711175773,10.479898766922476,10.49285192365894,3,5.720936587550733,11.99301690736165,1.001236000177535,-7.371696292077643,0.0006288006443767338
6,1.025568080633457,57.248577487733165,3.0999558901788378,0,3,-0.18871041345533432,31,0.07925851344932232,11.84331250550338,12.058992893870098,3,7.2054497860347455,5.720936587550733,1.018211154038745,-9.126619854378111,0.00010873249631467918
6,1.025568080633457,57.248577487733165,3.0999558901788378,0,3,-0.18871041345533432,32,-0.2343995516749002,10.611226366807069,10.338046985657744,3,7.031897031188395,7.2054497860347455,0.9742556259091922,-7.949272049091594,0.00035291897883408396
6,1.025568080633457,57.248577487733165,3.0999558901788378,0,3,-0.18871041345533432,33,0.3826341494492407,10.587950893668644,11.075017979220718,4,6.939782256365506,7.031897031188395,1.0460020159182386,-7.267221476624828,0.0006980488467558908
6,1.025568080633457,57.248577487733165,3.0999558901788378,0,3,-0.18871041345533432,34,-0.2448032401480451,9.970315027663036,11.35785832520923,3,10.124832517835314,6.939782256365506,1.1391674479388465,-7.5631570661390555,0.000519233399359447
6,1.025568080633457,57.248577487733165,3.0999558901788378,0,3,-0.18871041345533432,35,-0.33585807234342985,10.829213346109738,10.29210979809662,3,4.662491440685068,10.124832517835314,0.9504023486427973,-8.181242341314068,0.00027985404982620074
6,1.025568080633457,57.248577487733165,3.0999558901788378,0,3,-0.18871041345533432,36,-0.36221155398213295,8.6445902962192,8.35705551930725,3,9.636189802122463,4.662491440685068,0.9667381834119189,-6.01666175527221,0.0024377939797879987
6,1.025568080633457,57.248577487733165,3.0999558901788378,0,3,-0.18871041345533432,37,0.005194181464211946,9.62183054344575,9.529725410284577,3,7.47696969154376,9.636189802122463,0.9904274833416273,-6.002302324534921,0.0024730518492338594
6,1.025568080633457,57.248577487733165,3.0999558901788378,0,3,-0.18871041345533432,38,0.0675742500294194,9.275365753894159,9.372245129489974,3,10.065540934722005,7.47696969154376,1.0104448038132774,-5.521251779592475,0.004000836640562814
6,1.025568080633457,57.248577487733165,3.0999558901788378,0,3,-0.18871041345533432,39,0.08819478218692851,8.163343602146702,7.824014235810762,3,7.980238838522365,10.065540934722005,0.9584325513081788,-4.7161006550126245,0.008950009770565932
6,1.025568080633457,57.248577487733165,3.0999558901788378,0,3,-0.18871041345533432,40,-0.06747199564309786,11.499721089021307,12.088371973505847,3,9.79912287394263,7.980238838522365,1.0511882749092516,-8.247082073734532,0.0002620220038067171
6,1.025568080633457,57.248577487733165,3.0999558901788378,0,3,-0.18871041345533432,41,-0.16253500440717236,10.065692728091472,10.012204981238645,3,10.559454660992525,9.79912287394263,0.9946861335530784,-6.509114919836848,0.001489797730120475
6,1.025568080633457,57.248577487733165,3.0999558901788378,0,3,-0.18871041345533432,42,0.16855291640160835,9.51734188834615,10.068266494571041,3,7.112963573875792,10.559454660992525,1.0578863944038293,-6.093392668016466,0.0022577361573637923
6,1.025568080633457,57.248577487733165,3.0999558901788378,0,3,-0.18871041345533432,43,-0.17951707731235617,10.807082890119041,11.234647835527475,3,6.66099532501514,7.112963573875792,1.0395634002029686,-8.126662171293882,0.0002955530617365329
6,1.025568080633457,57.248577487733165,3.0999558901788378,0,3,-0.18871041345533432,44,-0.2419680411959665,9.167380773926988,9.009556260890411,3,9.17048841812486,6.66099532501514,0.9827841215578776,-6.139076355247286,0.002156914921677045
6,1.025568080633457,57.248577487733165,3.0999558901788378,0,3,-0.18871041345533432,45,0.2802631334986427,11.353733743959651,11.642153098107366,4,7.936587080694834,9.17048841812486,1.0254030401497796,-8.308927194194723,0.00024630814247837425
6,1.025568080633457,57.248577487733165,3.0999558901788378,0,3,-0.18871041345533432,46,0.035514301628569965,11.881964255861615,13.093360102219208,3,9.007284014647185,7.936587080694834,1.1019524903687525,-9.43756802705107,7.967393798791417e-05
6,1.025568080633457,57.248577487733165,3.0999558901788378,0,3,-0.18871041345533432,47,0.09425797907819627,9.00907608949578,8.849798588581546,4,7.569696933598854,9.007284014647185,0.9823203290401837,-5.846727858639478,0.0028893380294765275
6,1.025568080633457,57.248577487733165,3.0999558901788378,0,3,-0.18871041345533432,48,0.12516814092890055,11.678560377545825,11.33233028989537,3,4.702887653357031,7.569696933598854,0.9703533589365908,-9.151167935517822,0.00010609581728374168
6,1.025568080633457,57.248577487733165,3.0999558901788378,0,3,-0.18871041345533432,49,-0.11435942179986343,10.69035201150949,11.807907257988134,3,8.353606006427425,4.702887653357031,1.1045386761142624,-7.755153729193717,0.00042852832081483305
6,1.025568080633457,57.248577487733165,3.0999558901788378,0,3,-0.18871041345533432,50,-0.10657251720030408,11.64448459647518,11.572557816243737,3,12.529078430507322,8.353606006427425,0.9938231031493471,-8.975208701118657,0.00012650753313206417
6,1.025568080633457,57.248577487733165,3.0999558901788378,0,3,-0.18871041345533432,51,0.12811633661312918,10.70447381185477,10.244575888606402,4,7.807535571068922,12.529078430507322,0.9570368491406789,-7.491067409092723,0.0005580469780389842
