data_examples/final_simulated_panel.csv
store_id,store_size,area_income,manager_experience,manager_vacant,base_competitors,store_fe,week,week_fe,price,competitor_price,competitor_count,ad_spend,ad_spend_lag,relative_price,log_sales,sales
7,0.9367514815312835,74.94941311234396,4.321933848198875,0,2,0.18375430868664472,0,0.048845901334352015,9.311979403840018,8.319485305573632,2,10.269203736478962,0.0,0.8934174942593722,-4.98997575942926,0.006805829467421638
7,0.9367514815312835,74.94941311234396,4.321933848198875,0,2,0.18375430868664472,1,0.13563566401577118,8.559297981093474,8.878537214684531,2,7.803267976524723,10.269203736478962,1.0372973618042298,-4.309452917444361,0.013440900865581437
7,0.9367514815312835,74.94941311234396,4.321933848198875,0,2,0.18375430868664472,2,-0.11710587627041394,9.06103393666298,9.198134146248549,2,7.343836979840075,7.803267976524723,1.0151307467275705,-5.383142899958823,0.004593362740433951
7,0.9367514815312835,74.94941311234396,4.321933848198875,0,2,0.18375430868664472,3,-0.18173462462506965,9.690169398717986,8.814683771442484,2,9.292092251518019,7.343836979840075,0.9096521855034516,-5.533572564170518,0.003951845617843039
7,0.9367514815312835,74.94941311234396,4.321933848198875,0,2,0.18375430868664472,4,-0.39836764222427296,11.281252065913465,11.397635818920588,2,11.57001765746851,9.292092251518019,1.01031656347426,-8.008584251221329,0.0003325952571525342
7,0.9367514815312835,74.94941311234396,4.321933848198875,0,2,0.18375430868664472,5,0.1943245963972403,10.866161837961023,9.951952852220732,2,10.727530799193904,11.57001765746851,0.9158664301734863,-6.346288740203347,0.0017532418129445708
7,0.9367514815312835,74.94941311234396,4.321933848198875,0,2,0.18375430868664472,6,0.0033314601152094115,10.537990679592191,10.862673031303297,2,6.429680891356378,10.727530799193904,1.0308106508710322,-6.76358578046453,0.001155079876260018
7,0.9367514815312835,74.94941311234396,4.321933848198875,0,2,0.18375430868664472,7,0.04114626898936563,11.73103910788239,12.368815834083135,2,9.014332560180977,6.429680891356378,1.0543666013160085,-7.684147549200965,0.00046006280315570076
7,0.9367514815312835,74.94941311234396,4.321933848198875,0,2,0.18375430868664472,8,-0.1567189753011227,8.38222103033712,8.455603148658943,4,7.911867483340768,9.014332560180977,1.0087544957423857,-4.725799699474163,0.008863622840419218
7,0.9367514815312835,74.94941311234396,4.321933848198875,0,2,0.18375430868664472,9,0.24529960585719213,9.06858338363685,9.80763849657841,2,7.290328539736958,7.911867483340768,1.0814962030646478,-4.975080442357765,0.006907963224254197
7,0.9367514815312835,74.94941311234396,4.321933848198875,0,2,0.18375430868664472,10,0.18864011553560334,9.109921133766875,8.266647902735121,2,7.208739673615048,7.290328539736958,0.9074335311305745,-4.482742593352762,0.01130237279608252
7,0.9367514815312835,74.94941311234396,4.321933848198875,0,2,0.18375430868664472,11,-0.024364776297538047,10.35052472591174,9.316148040747425,2,7.9232904751681925,7.208739673615048,0.9000652901611034,-6.787161618028094,0.001128166401159022
7,0.9367514815312835,74.94941311234396,4.321933848198875,0,2,0.18375430868664472,12,-0.11117269158045646,8.601476102064193,9.095046308122209,2,9.300194433944403,7.9232904751681925,1.0573820353857133,-4.741517702897765,0.008725393576140713
7,0.9367514815312835,74.94941311234396,4.321933848198875,0,2,0.18375430868664472,13,-0.07133827681171602,9.708914265880681,8.940607403183321,3,10.358622660471513,9.300194433944403,0.9208658309614121,-5.712725305121122,0.003303656792367166
7,0.9367514815312835,74.94941311234396,4.321933848198875,0,2,0.18375430868664472,14,-0.15972510848492985,11.699778013316847,11.609315161549537,2,8.068132595869155,10.358622660471513,0.9922679856263645,-8.306788634782508,0.000246835450713804
7,0.9367514815312835,74.94941311234396,4.321933848198875,0,2,0.18375430868664472,15,0.005312829848108214,11.337085252046545,12.233199418595435,2,7.2600426732491155,8.068132595869155,1.0790427298222112,-8.257355291809851,0.00025934397416534576
7,0.9367514815312835,74.94941311234396,4.321933848198875,0,2,0.18375430868664472,16,-0.12323354394010944,11.904709601467317,12.230661772119928,3,11.478137869794645,7.2600426732491155,1.0273801026286635,-8.423629167300529,0.00021961618094993714
7,0.9367514815312835,74.94941311234396,4.321933848198875,0,2,0.18375430868664472,17,0.11710850410840844,9.769253984730355,9.64645087863182,2,7.206916195155015,11.478137869794645,0.9874296331848388,-5.352934587350425,0.004734237560636393
7,0.9367514815312835,74.94941311234396,4.321933848198875,0,2,0.18375430868664472,18,-0.07189371493174873,9.309195403477169,9.204341338071313,2,9.400120705344902,7.206916195155015,0.9887365061252564,-5.292874151802355,0.005027290279774046
7,0.9367514815312835,74.94941311234396,4.321933848198875,0,2,0.18375430868664472,19,-0.07079141278787165,10.638727262322034,11.202883322039112,3,9.057639806503442,9.400120705344902,1.0530285292410009,-6.599555452493044,0.001360972920207105
7,0.9367514815312835,74.94941311234396,4.321933848198875,0,2,0.18375430868664472,20,0.3074506008403983,9.438664404686708,9.002171821629476,2,9.841028972428191,9.057639806503442,0.9537548360295028,-4.952567380119823,0.007065246450756354
7,0.9367514815312835,74.94941311234396,4.321933848198875,0,2,0.18375430868664472,21,-0.14514390451041106,10.295610715363368,10.447477333113829,2,7.950535990033275,9.841028972428191,1.0147506177097239,-6.480504331256001,0.0015330373256876894
7,0.9367514815312835,74.94941311234396,4.321933848198875,0,2,0.18375430868664472,22,-0.31358317758909293,10.259625062880037,10.323515002652911,2,7.191820257451841,7.950535990033275,1.0062273172149372,-6.55602880804056,0.001421519643606351
7,0.9367514815312835,74.94941311234396,4.321933848198875,0,2,0.18375430868664472,23,0.07324303848148955,10.949871934940962,11.069034757578514,2,7.649690841506202,7.191820257451841,1.0108825768324563,-7.073811723872902,0.000846998424106568
7,0.9367514815312835,74.94941311234396,4.321933848198875,0,2,0.18375430868664472,24,-0.4155737022818746,11.877551995893205,11.764681304520115,2,8.395191869651825,7.649690841506202,0.9904971418847827,-8.271276545499939,0.0002557585952964703
7,0.9367514815312835,74.94941311234396,4.321933848198875,0,2,0.18375430868664472,25,0.05287572716514413,11.835962526664385,11.43236529972454,3,6.470561512282687,8.395191869651825,0.965900768439355,-8.25675763357275,0.0002594990195552103
7,0.9367514815312835,74.94941311234396,4.321933848198875,0,2,0.18375430868664472,26,0.19634402837852838,11.389640784749002,10.633785253918896,2,9.388703252306179,6.470561512282687,0.9336365786142954,-7.067106773327208,0.0008526965882595284
7,0.9367514815312835,74.94941311234396,4.321933848198875,0,2,0.18375430868664472,27,0.01402300615082264,10.242319176274613,10.746399367369339,2,5.0189831268788465,9.388703252306179,1.0492154347486438,-6.867050717207196,0.001041544348072543
7,0.9367514815312835,74.94941311234396,4.321933848198875,0,2,0.18375430868664472,28,0.0018550148592412774,11.131459259230875,10.965027271265905,2,9.480231999454206,5.0189831268788465,0.9850485022593103,-7.205022064114106,0.0007428458057075132
7,0.9367514815312835,74.94941311234396,4.321933848198875,0,2,0.18375430868664472,29,-0.41012187044991083,10.086546855008022,10.613418174319841,2,6.713789623764421,9.480231999454206,1.0522350539669802,-6.441609824923862,0.001593838812812531
7,0.9367514815312835,74.94941311234396,4.321933848198875,0,2,0.18375430868664472,30,0.11106073711175773,9.556643655352122,9.844025343907123,2,7.58949974074703,6.713789623764421,1.0300714036139722,-5.631418905093135,0.0035834870902393366
7,0.9367514815312835,74.94941311234396,4.321933848198875,0,2,0.18375430868664472,31,0.07925851344932232,8.948002363133375,7.838700742341609,2,13.248425944248094,7.58949974074703,0.8760280143239351,-4.067137553412457,0.017126341649393997
7,0.9367514815312835,74.94941311234396,4.321933848198875,0,2,0.18375430868664472,32,-0.2343995516749002,9.92071040034717,10.205441675855248,2,4.855180052623886,13.248425944248094,1.028700694206144,-6.029947632578738,0.0024056199514344394
7,0.9367514815312835,74.94941311234396,4.321933848198875,0,2,0.18375430868664472,33,0.3826341494492407,11.022988694238501,10.859926381085346,2,5.251077950209703,4.855180052623886,0.985207068819876,-6.900674000454367,0.0010071064100666842
7,0.9367514815312835,74.94941311234396,4.321933848198875,0,2,0.18375430868664472,34,-0.2448032401480451,11.220301434066009,11.607872586925259,2,10.521288932419335,5.251077950209703,1.0345419555024202,-7.668556092697024,0.00046729206323899527
7,0.9367514815312835,74.94941311234396,4.321933848198875,0,2,0.18375430868664472,35,-0.33585807234342985,10.578978256251142,10.053170239030559,2,6.833734583840833,10.521288932419335,0.9502968997114742,-6.8439302053169575,0.0010659059274354583
7,0.9367514815312835,74.94941311234396,4.321933848198875,0,2,0.18375430868664472,36,-0.36221155398213295,11.136834557380654,11.55753320833518,2,5.718596206199102,6.833734583840833,1.0377754243171116,-8.021748172137062,0.0003282456909737766
7,0.9367514815312835,74.94941311234396,4.321933848198875,0,2,0.18375430868664472,37,0.005194181464211946,9.984789950537493,10.904899224626917,2,7.6358442059622815,5.718596206199102,1.092151089672136,-5.62659156027037,0.003600827638821298
7,0.9367514815312835,74.94941311234396,4.321933848198875,0,2,0.18375430868664472,38,0.0675742500294194,12.258275845804652,11.280855904166046,2,8.119198874480238,7.6358442059622815,0.9202644846686882,-8.840285843430676,0.00014478135596785005
7,0.9367514815312835,74.94941311234396,4.321933848198875,0,2,0.18375430868664472,39,0.08819478218692851,10.732953481579248,10.625720354393012,3,9.618373294108899,8.119198874480238,0.9900089823951741,-7.2880960179590915,0.0006836284306700914
7,0.9367514815312835,74.94941311234396,4.321933848198875,0,2,0.18375430868664472,40,-0.06747199564309786,10.266349384918978,10.342698002632815,3,8.33476423614461,9.618373294108899,1.0074367835002762,-6.63398583090599,0.0013149116118876905
7,0.9367514815312835,74.94941311234396,4.321933848198875,0,2,0.18375430868664472,41,-0.16253500440717236,11.275998032522951,11.68963687231183,2,7.763425987390665,8.33476423614461,1.036683124508876,-7.402287151469282,0.0006098563310111852
7,0.9367514815312835,74.94941311234396,4.321933848198875,0,2,0.18375430868664472,42,0.16855291640160835,10.4564470811182,10.857860126383224,2,7.536638222642683,7.763425987390665,1.0383890476517477,-6.493755429692117,0.0015128568988817448
7,0.9367514815312835,74.94941311234396,4.321933848198875,0,2,0.18375430868664472,43,-0.17951707731235617,10.964604654618109,10.600081030803066,2,8.156605102680132,7.536638222642683,0.9667545127893407,-7.295556419563835,0.0006785472653628752
7,0.9367514815312835,74.94941311234396,4.321933848198875,0,2,0.18375430868664472,44,-0.2419680411959665,12.14000167799645,12.219753123406106,2,8.990711293734538,8.156605102680132,1.0065693109049734,-8.922376441043452,0.00013337091976090446
7,0.9367514815312835,74.94941311234396,4.321933848198875,0,2,0.18375430868664472,45,0.2802631334986427,9.828658156159857,10.266718902537725,2,7.274304643832676,8.990711293734538,1.0445697407945076,-5.213833532781197,0.0054407762635914
7,0.9367514815312835,74.94941311234396,4.321933848198875,0,2,0.18375430868664472,46,0.035514301628569965,10.377847638601613,9.974012461448241,2,10.96977961938207,7.274304643832676,0.9610868080534098,-6.205836122649843,0.0020176211245919668
7,0.9367514815312835,74.94941311234396,4.321933848198875,0,2,0.18375430868664472,47,0.09425797907819627,10.490179942070556,10.523936186124827,2,8.346231886572303,10.96977961938207,1.0032178898970925,-5.754905363699832,0.003167206329568494
7,0.9367514815312835,74.94941311234396,4.321933848198875,0,2,0.18375430868664472,48,0.12516814092890055,10.731989464662732,10.59504979557003,2,10.404645167077932,8.346231886572303,0.9872400481249443,-6.837629733867012,0.0010726428378698676
7,0.9367514815312835,74.94941311234396,4.321933848198875,0,2,0.18375430868664472,49,-0.11435942179986343,12.618230611637305,12.61678586821412,2,11.195762063859949,10.404645167077932,0.9998855034855796,-9.753895519720116,5.806801745785512e-05
7,0.9367514815312835,74.94941311234396,4.321933848198875,0,2,0.18375430868664472,50,-0.10657251720030408,11.630122104276884,10.643876247574322,2,9.633094329701192,11.195762063859949,0.9151990109940568,-7.728144340387022,0.0004402603328772192
7,0.9367514815312835,74.94941311234396,4.321933848198875,0,2,0.18375430868664472,51,0.12811633661312918,12.04791911276118,12.382705587900373,2,6.349076475716003,9.633094329701192,1.0277879086011281,-8.252880225397377,0.000260507156391088
