data_examples/final_simulated_panel.csv
store_id,store_size,area_income,manager_experience,manager_vacant,base_competitors,store_fe,week,week_fe,price,competitor_price,competitor_count,ad_spend,ad_spend_lag,relative_price,log_sales,sales
9,0.829391214485284,69.68278354591482,1.5453591536153026,1,4,0.05529657282347277,0,0.048845901334352015,8.331364220484428,7.227041370788923,4,12.070901378923804,0.0,0.8674499373127521,-4.704586521256489,0.009053656938776933
9,0.829391214485284,69.68278354591482,1.5453591536153026,1,4,0.05529657282347277,1,0.13563566401577118,11.72344505212038,12.067574091626337,4,10.384860546526772,12.070901378923804,1.0293539175537583,-8.83225560141407,0.00014594866591364643
9,0.829391214485284,69.68278354591482,1.5453591536153026,1,4,0.05529657282347277,2,-0.11710587627041394,9.311300939971746,8.878634329162265,4,10.591033042171023,10.384860546526772,0.9535331729047527,-5.766168428391043,0.0031317340182474146
9,0.829391214485284,69.68278354591482,1.5453591536153026,1,4,0.05529657282347277,3,-0.18173462462506965,11.847037260841082,11.852141624397452,4,10.476632919741746,10.591033042171023,1.0004308557020616,-8.744658886330026,0.00015930994934730514
9,0.829391214485284,69.68278354591482,1.5453591536153026,1,4,0.05529657282347277,4,-0.39836764222427296,10.291283285753451,10.449203896184567,4,7.95396561611462,10.476632919741746,1.015345084383182,-7.668640459907303,0.00046725264077423926
9,0.829391214485284,69.68278354591482,1.5453591536153026,1,4,0.05529657282347277,5,0.1943245963972403,11.176334456640767,11.908829205806896,5,4.8476027179171135,7.95396561611462,1.065539802160349,-8.50281517826843,0.0002028963747905071
9,0.829391214485284,69.68278354591482,1.5453591536153026,1,4,0.05529657282347277,6,0.0033314601152094115,8.423872202082217,7.797001492507144,4,8.245938249423219,4.8476027179171135,0.9255840194940134,-4.918217026797324,0.007312156610334172
9,0.829391214485284,69.68278354591482,1.5453591536153026,1,4,0.05529657282347277,7,0.04114626898936563,9.43493662934707,10.064047720926968,4,7.4914313120231455,8.245938249423219,1.066678888931068,-5.676408564583274,0.003425840059199987
9,0.829391214485284,69.68278354591482,1.5453591536153026,1,4,0.05529657282347277,8,-0.1567189753011227,9.571783366028425,9.768861043994061,4,8.592169619869182,7.4914313120231455,1.0205894419492496,-6.661594522674436,0.0012791051812410254
9,0.829391214485284,69.68278354591482,1.5453591536153026,1,4,0.05529657282347277,9,0.24529960585719213,9.660943246446337,9.491003029210827,4,7.399457265635854,8.592169619869182,0.9824095626171885,-6.009737481494502,0.002454732508545727
9,0.829391214485284,69.68278354591482,1.5453591536153026,1,4,0.05529657282347277,10,0.18864011553560334,9.445735400447617,9.319400485264106,4,8.767472816520796,7.399457265635854,0.9866251901172751,-6.170351473541775,0.002090501115545199
9,0.829391214485284,69.68278354591482,1.5453591536153026,1,4,0.05529657282347277,11,-0.024364776297538047,9.606287880149745,9.656017542146245,4,10.28997553105483,8.767472816520796,1.0051767823967945,-5.941402868014862,0.0026283398495589847
9,0.829391214485284,69.68278354591482,1.5453591536153026,1,4,0.05529657282347277,12,-0.11117269158045646,10.126875240007605,10.639988148629142,4,8.437375152924774,10.28997553105483,1.0506684338910797,-6.51635493219218,0.0014790505280307454
9,0.829391214485284,69.68278354591482,1.5453591536153026,1,4,0.05529657282347277,13,-0.07133827681171602,9.642665290117613,9.868359707830498,5,13.509464356822786,8.437375152924774,1.0234058127003736,-6.6259651101482735,0.001325500559476331
9,0.829391214485284,69.68278354591482,1.5453591536153026,1,4,0.05529657282347277,14,-0.15972510848492985,10.116378587623018,9.688672202576084,4,9.190927916831885,13.509464356822786,0.957721393941285,-6.875616161358439,0.0010326611566788707
9,0.829391214485284,69.68278354591482,1.5453591536153026,1,4,0.05529657282347277,15,0.005312829848108214,10.607281358242894,10.173781752916868,4,10.888206648587254,9.190927916831885,0.9591318839686331,-7.346976324934745,0.0006445382913015545
9,0.829391214485284,69.68278354591482,1.5453591536153026,1,4,0.05529657282347277,16,-0.12323354394010944,8.505461003094819,8.511149549703168,4,9.980827609271714,10.888206648587254,1.0006688110857576,-4.5511942145374,0.010554592406959733
9,0.829391214485284,69.68278354591482,1.5453591536153026,1,4,0.05529657282347277,17,0.11710850410840844,10.054585438828596,9.392671161904328,4,10.153348763440635,9.980827609271714,0.9341679196072967,-6.531067958862997,0.001457448523286749
9,0.829391214485284,69.68278354591482,1.5453591536153026,1,4,0.05529657282347277,18,-0.07189371493174873,9.327211944976755,10.359897663919577,4,12.860666548267435,10.153348763440635,1.110717513983263,-5.407718539864355,0.004481853726665328
9,0.829391214485284,69.68278354591482,1.5453591536153026,1,4,0.05529657282347277,19,-0.07079141278787165,10.211149634693932,11.117618917092408,4,9.518107365741754,12.860666548267435,1.088772500142257,-6.604682947217842,0.0013540123990060527
9,0.829391214485284,69.68278354591482,1.5453591536153026,1,4,0.05529657282347277,20,0.3074506008403983,10.929030092078957,10.87536024986223,4,8.699194752989651,9.518107365741754,0.995089240146239,-7.171789707583359,0.0007679470998571053
9,0.829391214485284,69.68278354591482,1.5453591536153026,1,4,0.05529657282347277,21,-0.14514390451041106,8.927937780273233,9.316296768416052,4,8.785275369773426,8.699194752989651,1.0434992937563834,-5.825330445527937,0.002951828572643277
9,0.829391214485284,69.68278354591482,1.5453591536153026,1,4,0.05529657282347277,22,-0.31358317758909293,9.950646774894016,9.063024554683102,5,7.967053065151162,8.785275369773426,0.9107975350456183,-7.07026698805673,0.0008500061373818619
9,0.829391214485284,69.68278354591482,1.5453591536153026,1,4,0.05529657282347277,23,0.07324303848148955,11.268276575242643,12.67445694933897,4,10.058627926989749,7.967053065151162,1.1247910773849679,-8.148605959725343,0.00028913814903534037
9,0.829391214485284,69.68278354591482,1.5453591536153026,1,4,0.05529657282347277,24,-0.4155737022818746,11.405496675492593,10.857814292425756,5,6.511944361839355,10.058627926989749,0.951980838831538,-8.831718426847544,0.00014602708688598383
9,0.829391214485284,69.68278354591482,1.5453591536153026,1,4,0.05529657282347277,25,0.05287572716514413,9.840709011271874,9.18968669917623,4,8.960363274273606,6.511944361839355,0.9338439627317562,-6.083667063358542,0.0022798011303320834
9,0.829391214485284,69.68278354591482,1.5453591536153026,1,4,0.05529657282347277,26,0.19634402837852838,11.271901082170233,12.747278067048837,5,7.226936875753537,8.960363274273606,1.1308898094583477,-8.613568006369492,0.00018162471479527372
9,0.829391214485284,69.68278354591482,1.5453591536153026,1,4,0.05529657282347277,27,0.01402300615082264,10.684306179092308,10.566245297388013,4,7.935399743750473,7.226936875753537,0.9889500656640369,-6.674800036152286,0.0012623249799689836
9,0.829391214485284,69.68278354591482,1.5453591536153026,1,4,0.05529657282347277,28,0.0018550148592412774,10.454269432069784,10.930833214573804,6,7.241476124474513,7.935399743750473,1.04558556536166,-7.777866811823506,0.00041890482499664825
9,0.829391214485284,69.68278354591482,1.5453591536153026,1,4,0.05529657282347277,29,-0.41012187044991083,9.906903410365608,9.469528304112046,5,7.61904568273985,7.241476124474513,0.9558514817257696,-7.179861049581787,0.0007617736835692373
9,0.829391214485284,69.68278354591482,1.5453591536153026,1,4,0.05529657282347277,30,0.11106073711175773,10.691095146716505,10.786457708081041,4,5.945418900263566,7.61904568273985,1.0089198122414826,-7.729584376675061,0.0004396267982875716
9,0.829391214485284,69.68278354591482,1.5453591536153026,1,4,0.05529657282347277,31,0.07925851344932232,11.10776552825298,11.536832191648026,4,6.762904584165771,5.945418900263566,1.0386276305800388,-7.821578905941497,0.00040098806028895456
9,0.829391214485284,69.68278354591482,1.5453591536153026,1,4,0.05529657282347277,32,-0.2343995516749002,9.775827393150513,10.099333251253423,4,9.829990786698104,6.762904584165771,1.0330924273816022,-6.441918284690149,0.0015933472534818676
9,0.829391214485284,69.68278354591482,1.5453591536153026,1,4,0.05529657282347277,33,0.3826341494492407,10.917194311483605,11.047559960117397,4,8.497513182989675,9.829990786698104,1.0119413143078952,-7.504974939818506,0.0005503396417820166
9,0.829391214485284,69.68278354591482,1.5453591536153026,1,4,0.05529657282347277,34,-0.2448032401480451,9.30717140266688,9.453348830779058,4,3.998735981760687,8.497513182989675,1.0157058919179562,-6.16359416007243,0.0021046751220599497
9,0.829391214485284,69.68278354591482,1.5453591536153026,1,4,0.05529657282347277,35,-0.33585807234342985,9.290115217542175,9.51823139576299,4,9.253148310628992,3.998735981760687,1.0245547200308207,-6.5892794855802395,0.0013750303359742633
9,0.829391214485284,69.68278354591482,1.5453591536153026,1,4,0.05529657282347277,36,-0.36221155398213295,11.026106377086746,11.441969088400228,4,10.436504724588575,9.253148310628992,1.037716188932993,-7.923523594514859,0.000362124097353829
9,0.829391214485284,69.68278354591482,1.5453591536153026,1,4,0.05529657282347277,37,0.005194181464211946,10.268676334802262,11.122772647218788,4,10.064710870872002,10.436504724588575,1.0831749180292938,-6.912995872225009,0.0009947731147095084
9,0.829391214485284,69.68278354591482,1.5453591536153026,1,4,0.05529657282347277,38,0.0675742500294194,9.690005380521079,9.53156128701898,4,8.458782492801587,10.064710870872002,0.9836487094402853,-6.198203265722506,0.0020330802616053845
9,0.829391214485284,69.68278354591482,1.5453591536153026,1,4,0.05529657282347277,39,0.08819478218692851,10.854906097406184,10.81388080554056,4,9.324298482186608,8.458782492801587,0.9962205760697066,-7.646559281309992,0.0004776848840237857
9,0.829391214485284,69.68278354591482,1.5453591536153026,1,4,0.05529657282347277,40,-0.06747199564309786,11.224568833727625,10.979556546449103,4,12.231485089338559,9.324298482186608,0.9781717862923779,-8.031728685697127,0.000324985924534465
9,0.829391214485284,69.68278354591482,1.5453591536153026,1,4,0.05529657282347277,41,-0.16253500440717236,10.577709300240219,10.520624067357526,4,9.285076547870808,12.231485089338559,0.9946032518702894,-7.5093847182172615,0.0005479181090531892
9,0.829391214485284,69.68278354591482,1.5453591536153026,1,4,0.05529657282347277,42,0.16855291640160835,12.004463328184132,11.973122753653175,4,6.8099517194916706,9.285076547870808,0.9973892565061717,-9.099219815336955,0.00011175296243494998
9,0.829391214485284,69.68278354591482,1.5453591536153026,1,4,0.05529657282347277,43,-0.17951707731235617,9.8649317779333,10.103042101914435,5,9.258296829590085,6.8099517194916706,1.0241370472032822,-6.39864583690734,0.0016638088168442118
9,0.829391214485284,69.68278354591482,1.5453591536153026,1,4,0.05529657282347277,44,-0.2419680411959665,9.908562728768498,9.806021038022507,4,8.439588817322186,9.258296829590085,0.9896512043620341,-7.139996988437842,0.0007927544838922784
9,0.829391214485284,69.68278354591482,1.5453591536153026,1,4,0.05529657282347277,45,0.2802631334986427,11.486353316541015,12.598815374584634,4,11.98644807014486,8.439588817322186,1.0968507608451856,-8.41271270049959,0.00022202674719267346
9,0.829391214485284,69.68278354591482,1.5453591536153026,1,4,0.05529657282347277,46,0.035514301628569965,9.578662844548735,9.994806312008965,4,7.570291621020333,11.98644807014486,1.0434448392446614,-5.983524305730792,0.0025199296217373697
9,0.829391214485284,69.68278354591482,1.5453591536153026,1,4,0.05529657282347277,47,0.09425797907819627,11.298904401626995,11.582115998761878,4,2.409151172320554,7.570291621020333,1.0250654034292124,-8.636309164823832,0.00017754096892724173
9,0.829391214485284,69.68278354591482,1.5453591536153026,1,4,0.05529657282347277,48,0.12516814092890055,8.994516931138453,9.49181068230793,5,7.7064071130986465,2.409151172320554,1.0552885446741311,-5.552401748953722,0.003878131750338428
9,0.829391214485284,69.68278354591482,1.5453591536153026,1,4,0.05529657282347277,49,-0.11435942179986343,9.619495480833042,9.611103821463667,4,9.369226050851907,7.7064071130986465,0.9991276403854968,-6.485374072501362,0.0015255899786360914
9,0.829391214485284,69.68278354591482,1.5453591536153026,1,4,0.05529657282347277,50,-0.10657251720030408,10.44410495518265,11.296098566162822,4,8.275880784776527,9.369226050851907,1.0815765079569972,-7.137652706717998,0.0007946151037936918
9,0.829391214485284,69.68278354591482,1.5453591536153026,1,4,0.05529657282347277,51,0.12811633661312918,10.223213891238258,9.78361892321962,4,8.57141293192286,8.275880784776527,0.9570003158795896,-6.99894328445828,0.0009128460747045793
