data_examples/final_simulated_panel.csv
store_id,store_size,area_income,manager_experience,manager_vacant,base_competitors,store_fe,week,week_fe,price,competitor_price,competitor_count,ad_spend,ad_spend_lag,relative_price,log_sales,sales
10,1.1758795949725658,43.17130228384195,5.8688472870917145,0,3,0.3040532341503415,0,0.048845901334352015,11.371110168449238,10.90198919691867,3,4.076781586197743,0.0,0.958744488041967,-8.611962881546964,0.00018191647922990208
10,1.1758795949725658,43.17130228384195,5.8688472870917145,0,3,0.3040532341503415,1,0.13563566401577118,8.911465754282613,9.217698623384498,3,11.70819932160399,4.076781586197743,1.0343639169521264,-5.251264939105609,0.005240884804382111
10,1.1758795949725658,43.17130228384195,5.8688472870917145,0,3,0.3040532341503415,2,-0.11710587627041394,9.839848923188304,9.998236116641086,3,5.54364549066239,11.70819932160399,1.016096506632285,-6.866172843236833,0.0010424590942018557
10,1.1758795949725658,43.17130228384195,5.8688472870917145,0,3,0.3040532341503415,3,-0.18173462462506965,10.037830851562592,9.946365488656179,3,6.197191133183473,5.54364549066239,0.990887935425593,-7.10977339229155,0.0008170801277830274
10,1.1758795949725658,43.17130228384195,5.8688472870917145,0,3,0.3040532341503415,4,-0.39836764222427296,9.78671424479685,9.468676368643214,3,7.2246139178201005,6.197191133183473,0.9675030997944257,-6.622671389502576,0.0013298735858451466
10,1.1758795949725658,43.17130228384195,5.8688472870917145,0,3,0.3040532341503415,5,0.1943245963972403,11.031536304234677,10.771184933930861,3,5.829770022872415,7.2246139178201005,0.9763993551647131,-8.22067489356494,0.00026903343468819485
10,1.1758795949725658,43.17130228384195,5.8688472870917145,0,3,0.3040532341503415,6,0.0033314601152094115,9.346902823134483,10.448567265335633,3,4.720353991273364,5.829770022872415,1.1178641163867056,-5.71750908271278,0.0032878905741408984
10,1.1758795949725658,43.17130228384195,5.8688472870917145,0,3,0.3040532341503415,7,0.04114626898936563,9.408922408726452,9.846761888325553,3,7.458780194760752,4.720353991273364,1.0465344978499365,-6.010245782885543,0.0024534850816582687
10,1.1758795949725658,43.17130228384195,5.8688472870917145,0,3,0.3040532341503415,8,-0.1567189753011227,8.952176656606213,7.758333437613256,4,5.385730573583347,7.458780194760752,0.8666421290835491,-6.0008418695889905,0.0024766662687445993
10,1.1758795949725658,43.17130228384195,5.8688472870917145,0,3,0.3040532341503415,9,0.24529960585719213,10.81528634887311,11.197671773933434,3,11.209054642867432,5.385730573583347,1.0353560148779757,-7.658731560169689,0.0004719056152008804
10,1.1758795949725658,43.17130228384195,5.8688472870917145,0,3,0.3040532341503415,10,0.18864011553560334,10.212134535229008,10.717353968632235,3,9.9308613585402,11.209054642867432,1.0494724615760163,-6.278129095643718,0.0018769088283171241
10,1.1758795949725658,43.17130228384195,5.8688472870917145,0,3,0.3040532341503415,11,-0.024364776297538047,10.237340072081079,10.742895554922345,3,7.5319708320991605,9.9308613585402,1.0493834804042508,-6.990198336203943,0.0009208638729111534
10,1.1758795949725658,43.17130228384195,5.8688472870917145,0,3,0.3040532341503415,12,-0.11117269158045646,10.186156536647754,9.944751754391222,4,4.742852013192746,7.5319708320991605,0.9763006997400829,-7.22629953252796,0.0007272068957598128
10,1.1758795949725658,43.17130228384195,5.8688472870917145,0,3,0.3040532341503415,13,-0.07133827681171602,8.88125847086994,9.13993571963584,4,8.80287239687728,4.742852013192746,1.029126193051846,-5.513558716813465,0.004031734023376354
10,1.1758795949725658,43.17130228384195,5.8688472870917145,0,3,0.3040532341503415,14,-0.15972510848492985,10.489141920550976,11.180792661324366,3,7.194824132536487,8.80287239687728,1.0659396875370963,-7.220413927406143,0.0007314995684867794
10,1.1758795949725658,43.17130228384195,5.8688472870917145,0,3,0.3040532341503415,15,0.005312829848108214,10.32209881924802,10.482238812108697,3,11.778649399186698,7.194824132536487,1.0155142859669255,-7.2020796335142965,0.0007450347968350669
10,1.1758795949725658,43.17130228384195,5.8688472870917145,0,3,0.3040532341503415,16,-0.12323354394010944,11.43574986228729,11.250612669400248,3,9.833615844778521,11.778649399186698,0.9838106643537573,-8.09410296478919,0.00030533440724417587
10,1.1758795949725658,43.17130228384195,5.8688472870917145,0,3,0.3040532341503415,17,0.11710850410840844,10.44636436169232,10.449553493476195,3,8.243709079806457,9.833615844778521,1.000305286286545,-6.4380774645791945,0.0015994787811665582
10,1.1758795949725658,43.17130228384195,5.8688472870917145,0,3,0.3040532341503415,18,-0.07189371493174873,9.26066327350574,9.708139883474374,3,5.296961242942709,8.243709079806457,1.048320146921748,-6.0647906219518655,0.002323244399986775
10,1.1758795949725658,43.17130228384195,5.8688472870917145,0,3,0.3040532341503415,19,-0.07079141278787165,9.745986910805197,9.25225222905319,3,10.87021378067592,5.296961242942709,0.949339693735417,-6.482832735413848,0.0015294719476357614
10,1.1758795949725658,43.17130228384195,5.8688472870917145,0,3,0.3040532341503415,20,0.3074506008403983,11.83753049900834,12.275112984994568,3,9.036004172213158,10.87021378067592,1.0369656902698485,-8.709557673059036,0.0001650012228202996
10,1.1758795949725658,43.17130228384195,5.8688472870917145,0,3,0.3040532341503415,21,-0.14514390451041106,8.882625656268194,8.481443295795085,3,7.279032424346582,9.036004172213158,0.9548351606835973,-5.83134607937777,0.0029341247559907012
10,1.1758795949725658,43.17130228384195,5.8688472870917145,0,3,0.3040532341503415,22,-0.31358317758909293,8.735178815629794,8.795059788294145,4,7.630180582657376,7.279032424346582,1.0068551513286947,-5.514275193937428,0.004028846412755705
10,1.1758795949725658,43.17130228384195,5.8688472870917145,0,3,0.3040532341503415,23,0.07324303848148955,10.326161819317397,10.084078308128124,3,9.781571451529011,7.630180582657376,0.9765562930907783,-6.967689931488364,0.000941826077547093
10,1.1758795949725658,43.17130228384195,5.8688472870917145,0,3,0.3040532341503415,24,-0.4155737022818746,11.528599841741087,11.613456824839833,3,10.961782290911493,9.781571451529011,1.0073605627971844,-8.607265083779906,0.0001827730965919729
10,1.1758795949725658,43.17130228384195,5.8688472870917145,0,3,0.3040532341503415,25,0.05287572716514413,10.182391120411232,9.676955152216536,3,5.790104492050957,10.961782290911493,0.9503617605906417,-6.313324444886324,0.0018119993231728727
10,1.1758795949725658,43.17130228384195,5.8688472870917145,0,3,0.3040532341503415,26,0.19634402837852838,8.965338019013483,8.760018177352244,3,5.869826298814394,5.790104492050957,0.977098482932177,-5.799128394007012,0.0030301947305823138
10,1.1758795949725658,43.17130228384195,5.8688472870917145,0,3,0.3040532341503415,27,0.01402300615082264,12.296580859198317,12.294509487300422,3,8.698162140334443,5.869826298814394,0.9998315489548182,-9.63418168146672,6.545277410085924e-05
10,1.1758795949725658,43.17130228384195,5.8688472870917145,0,3,0.3040532341503415,28,0.0018550148592412774,9.389069328849505,8.828980576330714,3,4.998638929185141,8.698162140334443,0.9403467230987609,-5.898657112844038,0.0027431260552193215
10,1.1758795949725658,43.17130228384195,5.8688472870917145,0,3,0.3040532341503415,29,-0.41012187044991083,10.965432818474724,10.45468428796265,3,4.065938237550104,4.998638929185141,0.9534219452193845,-8.54096852853257,0.0001953010139121654
10,1.1758795949725658,43.17130228384195,5.8688472870917145,0,3,0.3040532341503415,30,0.11106073711175773,11.590779081603236,12.295464291862826,3,10.09981880763025,4.065938237550104,1.060797053010704,-9.103306497145452,0.00011129719555773663
10,1.1758795949725658,43.17130228384195,5.8688472870917145,0,3,0.3040532341503415,31,0.07925851344932232,10.267240918989526,10.552072000652345,3,7.4354223040127145,10.09981880763025,1.0277417354779332,-6.827684156612673,0.0010833641163579316
10,1.1758795949725658,43.17130228384195,5.8688472870917145,0,3,0.3040532341503415,32,-0.2343995516749002,10.780719205193828,10.799830583751207,4,8.029069942261787,7.4354223040127145,1.0017727368827278,-7.99109016636088,0.0003384648991165106
10,1.1758795949725658,43.17130228384195,5.8688472870917145,0,3,0.3040532341503415,33,0.3826341494492407,11.654930858692849,11.740469772818466,3,4.094237068815191,8.029069942261787,1.0073392897103133,-8.04394954204451,0.0003210384878926734
10,1.1758795949725658,43.17130228384195,5.8688472870917145,0,3,0.3040532341503415,34,-0.2448032401480451,8.935539108672426,8.752969064873545,3,9.586854045904843,4.094237068815191,0.979568099744347,-5.210474181919212,0.00545908447465697
10,1.1758795949725658,43.17130228384195,5.8688472870917145,0,3,0.3040532341503415,35,-0.33585807234342985,10.991240108367489,11.312909935357016,3,7.1028901639994935,9.586854045904843,1.029266017648422,-8.725225456687161,0.0001624361662109244
10,1.1758795949725658,43.17130228384195,5.8688472870917145,0,3,0.3040532341503415,36,-0.36221155398213295,11.392596705020676,11.555860199169146,3,8.361941500526799,7.1028901639994935,1.0143306656397764,-8.822041739031096,0.00014744700438785058
10,1.1758795949725658,43.17130228384195,5.8688472870917145,0,3,0.3040532341503415,37,0.005194181464211946,11.47688216231206,11.10643451137613,3,8.214364841638726,8.361941500526799,0.9677222745954113,-8.45536200962639,0.00021275654873394373
10,1.1758795949725658,43.17130228384195,5.8688472870917145,0,3,0.3040532341503415,38,0.0675742500294194,9.833040858576464,9.752570841048593,3,7.745909217327207,8.214364841638726,0.991816364979539,-5.996016342206404,0.0024886463715519318
10,1.1758795949725658,43.17130228384195,5.8688472870917145,0,3,0.3040532341503415,39,0.08819478218692851,10.702454864796065,10.719896450810506,3,3.0293132785314834,7.745909217327207,1.0016296808755356,-7.4217197433880004,0.0005981196482221839
10,1.1758795949725658,43.17130228384195,5.8688472870917145,0,3,0.3040532341503415,40,-0.06747199564309786,9.697200231912351,9.806456757667156,3,8.088306432598477,3.0293132785314834,1.0112668113622378,-6.283605228224418,0.001866658717828412
10,1.1758795949725658,43.17130228384195,5.8688472870917145,0,3,0.3040532341503415,41,-0.16253500440717236,9.682169381960767,9.003268376870457,3,9.276301231166846,8.088306432598477,0.9298813129260889,-6.100709818858098,0.002241276254575016
10,1.1758795949725658,43.17130228384195,5.8688472870917145,0,3,0.3040532341503415,42,0.16855291640160835,9.361748434809144,9.723201478829498,3,6.405804444906483,9.276301231166846,1.0386095659947867,-5.705247258308559,0.003328454295398677
10,1.1758795949725658,43.17130228384195,5.8688472870917145,0,3,0.3040532341503415,43,-0.17951707731235617,10.913884541447446,10.84889762997595,3,9.602850121098763,6.405804444906483,0.9940454829602882,-7.995290258134695,0.00033704629669362586
10,1.1758795949725658,43.17130228384195,5.8688472870917145,0,3,0.3040532341503415,44,-0.2419680411959665,10.498635373815421,10.797030381271465,3,9.73486430123975,9.602850121098763,1.0284222660213793,-7.447669422151544,0.0005827982874398673
10,1.1758795949725658,43.17130228384195,5.8688472870917145,0,3,0.3040532341503415,45,0.2802631334986427,11.435906718537108,11.218831083905123,3,7.413055962025717,9.73486430123975,0.9810180652942792,-8.359602679729162,0.0002341373428032027
10,1.1758795949725658,43.17130228384195,5.8688472870917145,0,3,0.3040532341503415,46,0.035514301628569965,7.972515867890842,7.347332602561273,4,6.665442418500935,7.413055962025717,0.9215826878630015,-4.263496232397518,0.014073013771424999
10,1.1758795949725658,43.17130228384195,5.8688472870917145,0,3,0.3040532341503415,47,0.09425797907819627,9.45474052022392,8.67212037951006,3,8.063654675627244,6.665442418500935,0.917224577550297,-6.130467053452129,0.0021755646184251475
10,1.1758795949725658,43.17130228384195,5.8688472870917145,0,3,0.3040532341503415,48,0.12516814092890055,10.66977539916392,9.635346541050492,3,6.595558944475266,8.063654675627244,0.9030505498555775,-7.151197328862198,0.0007839249032581709
10,1.1758795949725658,43.17130228384195,5.8688472870917145,0,3,0.3040532341503415,49,-0.11435942179986343,12.070974387639458,11.639954531244845,3,7.055775467889861,6.595558944475266,0.964292869609932,-8.941355996160025,0.0001308634694537687
10,1.1758795949725658,43.17130228384195,5.8688472870917145,0,3,0.3040532341503415,50,-0.10657251720030408,9.661682809205052,9.873900674626528,3,10.18018292913538,7.055775467889861,1.021964896758905,-5.744496336095738,0.0032003460445673947
10,1.1758795949725658,43.17130228384195,5.8688472870917145,0,3,0.3040532341503415,51,0.12811633661312918,8.632570927852845,9.456533742529071,3,9.092734867136059,10.18018292913538,1.095448137242374,-4.56421278202311,0.01041807727721874
