data_examples/final_simulated_panel.csv
store_id,store_size,area_income,manager_experience,manager_vacant,base_competitors,store_fe,week,week_fe,price,competitor_price,competitor_count,ad_spend,ad_spend_lag,relative_price,log_sales,sales
11,1.1555583870857897,56.65114970014225,5.475471204664556,0,5,0.09168454964602737,0,0.048845901334352015,9.43155709784607,9.361880867312237,5,7.227540963306516,0.0,0.9926124361215238,-7.000069895292854,0.0009118182315248658
11,1.1555583870857897,56.65114970014225,5.475471204664556,0,5,0.09168454964602737,1,0.13563566401577118,9.94557976446344,9.312042137547254,5,7.961463051670694,7.227540963306516,0.9362995781120895,-6.733548957438594,0.001190301125252834
11,1.1555583870857897,56.65114970014225,5.475471204664556,0,5,0.09168454964602737,2,-0.11710587627041394,10.84037015754007,10.942778540634228,5,8.553762607782875,7.961463051670694,1.0094469452247372,-7.698323229907539,0.0004535871068949924
11,1.1555583870857897,56.65114970014225,5.475471204664556,0,5,0.09168454964602737,3,-0.18173462462506965,11.164518195722124,11.109562526019982,5,9.02604485655993,8.553762607782875,0.9950776496810047,-8.644257642765133,0.00017613538199063485
11,1.1555583870857897,56.65114970014225,5.475471204664556,0,5,0.09168454964602737,4,-0.39836764222427296,10.765908558567345,11.017326329509944,5,7.763347031209805,9.02604485655993,1.0233531401065565,-7.722178799652702,0.0004428945733489191
11,1.1555583870857897,56.65114970014225,5.475471204664556,0,5,0.09168454964602737,5,0.1943245963972403,9.979189857402618,9.380966497216658,5,13.050858703978221,7.763347031209805,0.9400529132390246,-6.380827976014132,0.001693720016354756
11,1.1555583870857897,56.65114970014225,5.475471204664556,0,5,0.09168454964602737,6,0.0033314601152094115,12.15194872225456,12.247519207513758,5,5.359539748454405,13.050858703978221,1.0078646221641945,-9.659498726985426,6.381650340620672e-05
11,1.1555583870857897,56.65114970014225,5.475471204664556,0,5,0.09168454964602737,7,0.04114626898936563,9.412783718938366,9.079951093834648,5,10.464848224583399,5.359539748454405,0.9646403619755902,-6.187156689122833,0.002055663341665643
11,1.1555583870857897,56.65114970014225,5.475471204664556,0,5,0.09168454964602737,8,-0.1567189753011227,10.105928262133432,10.56530999358088,5,11.05912050368266,10.464848224583399,1.0454566586593275,-6.844079267253711,0.0010657470532748564
11,1.1555583870857897,56.65114970014225,5.475471204664556,0,5,0.09168454964602737,9,0.24529960585719213,10.70255254304878,10.394319205508221,6,9.677492713825568,11.05912050368266,0.971200016416574,-7.807726792822519,0.0004065812415137815
11,1.1555583870857897,56.65114970014225,5.475471204664556,0,5,0.09168454964602737,10,0.18864011553560334,9.622841971076497,9.763923871321667,5,7.801997151764191,9.677492713825568,1.014661146953179,-5.963358417849308,0.002571262082712167
11,1.1555583870857897,56.65114970014225,5.475471204664556,0,5,0.09168454964602737,11,-0.024364776297538047,9.914551078464578,10.130399849201359,5,6.864991525726124,7.801997151764191,1.0217709071271643,-6.984103521251796,0.0009264935061722724
11,1.1555583870857897,56.65114970014225,5.475471204664556,0,5,0.09168454964602737,12,-0.11117269158045646,10.785984324728558,11.474395104866296,5,5.7415288789138454,6.864991525726124,1.0638245670874422,-8.159671789509359,0.00028595623323279817
11,1.1555583870857897,56.65114970014225,5.475471204664556,0,5,0.09168454964602737,13,-0.07133827681171602,9.271389154446295,9.137670226927483,5,11.811655971628632,5.7415288789138454,0.9855772500440579,-5.740492835044752,0.0032131843151876303
11,1.1555583870857897,56.65114970014225,5.475471204664556,0,5,0.09168454964602737,14,-0.15972510848492985,9.99015816892441,9.776715112352784,5,9.635418562989152,11.811655971628632,0.9786346669429553,-6.907122010100207,0.0010006334694390017
11,1.1555583870857897,56.65114970014225,5.475471204664556,0,5,0.09168454964602737,15,0.005312829848108214,10.032889931530487,9.518664491833427,5,8.854866367375143,9.635418562989152,0.9487460299867341,-6.798072700470895,0.0011159237960420094
11,1.1555583870857897,56.65114970014225,5.475471204664556,0,5,0.09168454964602737,16,-0.12323354394010944,12.437698746958487,11.600604691059683,6,6.763687322310126,8.854866367375143,0.9326970307828442,-10.199942341456179,3.717246193236309e-05
11,1.1555583870857897,56.65114970014225,5.475471204664556,0,5,0.09168454964602737,17,0.11710850410840844,11.023287784406834,11.148462556066441,5,7.199107029254305,6.763687322310126,1.0113554843262529,-8.143350799966791,0.0002906616157251413
11,1.1555583870857897,56.65114970014225,5.475471204664556,0,5,0.09168454964602737,18,-0.07189371493174873,9.550234139839242,9.888257203712515,5,8.115654307468569,7.199107029254305,1.0353942174530772,-6.744726506654697,0.0011770705562607197
11,1.1555583870857897,56.65114970014225,5.475471204664556,0,5,0.09168454964602737,19,-0.07079141278787165,10.984131494065931,11.497068078853786,6,5.143372871964855,8.115654307468569,1.046697964701621,-8.564068287226574,0.0001908413149092662
11,1.1555583870857897,56.65114970014225,5.475471204664556,0,5,0.09168454964602737,20,0.3074506008403983,9.213771665305655,9.448558355353976,6,11.952628869688887,5.143372871964855,1.0254821476564702,-6.009086198376562,0.0024563317551122175
11,1.1555583870857897,56.65114970014225,5.475471204664556,0,5,0.09168454964602737,21,-0.14514390451041106,10.684851500877246,12.046560232227755,7,6.627688813822332,11.952628869688887,1.127442925270296,-8.309850299735755,0.00024608087897748767
11,1.1555583870857897,56.65114970014225,5.475471204664556,0,5,0.09168454964602737,22,-0.31358317758909293,8.660384893073784,9.457607608954532,5,8.017995067769261,6.627688813822332,1.0920539590010987,-5.874277381863175,0.0028108246136735833
11,1.1555583870857897,56.65114970014225,5.475471204664556,0,5,0.09168454964602737,23,0.07324303848148955,11.009343170141209,11.390896823942624,6,6.111102941423059,8.017995067769261,1.0346572586488392,-8.33968446350239,0.00023884769621350976
11,1.1555583870857897,56.65114970014225,5.475471204664556,0,5,0.09168454964602737,24,-0.4155737022818746,10.144591539329738,10.439520099413942,5,7.635452295774755,6.111102941423059,1.029072492366084,-7.540352249258126,0.0005312104703441204
11,1.1555583870857897,56.65114970014225,5.475471204664556,0,5,0.09168454964602737,25,0.05287572716514413,9.008167135242797,9.424464322158155,5,8.78320694984472,7.635452295774755,1.0462133062880985,-5.489473313597205,0.004130018826284429
11,1.1555583870857897,56.65114970014225,5.475471204664556,0,5,0.09168454964602737,26,0.19634402837852838,10.739165277550441,10.188968391543606,5,4.233614962671459,8.78320694984472,0.948767257809414,-7.658392883668441,0.00047206546561081686
11,1.1555583870857897,56.65114970014225,5.475471204664556,0,5,0.09168454964602737,27,0.01402300615082264,11.169984604944128,11.333731156417645,6,8.46881041348619,4.233614962671459,1.0146595145172392,-8.850441276087626,0.00014331847930259354
11,1.1555583870857897,56.65114970014225,5.475471204664556,0,5,0.09168454964602737,28,0.0018550148592412774,10.732015814963438,10.5740597795152,5,9.977500755240548,8.46881041348619,0.9852817925195373,-7.941966448542301,0.0003555067048567471
11,1.1555583870857897,56.65114970014225,5.475471204664556,0,5,0.09168454964602737,29,-0.41012187044991083,10.533728730577858,10.472886143268134,5,6.980306906864267,9.977500755240548,0.9942240218192532,-7.495288461693127,0.000555696396844697
11,1.1555583870857897,56.65114970014225,5.475471204664556,0,5,0.09168454964602737,30,0.11106073711175773,9.082805867724604,9.076523800472945,5,7.945691095855333,6.980306906864267,0.9993083561023822,-5.58087994997796,0.0037692473099900843
11,1.1555583870857897,56.65114970014225,5.475471204664556,0,5,0.09168454964602737,31,0.07925851344932232,11.175273121035794,11.343822501720094,5,11.419831822547623,7.945691095855333,1.0150823500113864,-7.948879215540629,0.0003530576444842189
11,1.1555583870857897,56.65114970014225,5.475471204664556,0,5,0.09168454964602737,32,-0.2343995516749002,8.262958773911151,7.880335846612807,5,11.341502955611043,11.419831822547623,0.9536941986802101,-4.6409754963653596,0.009648281172210062
11,1.1555583870857897,56.65114970014225,5.475471204664556,0,5,0.09168454964602737,33,0.3826341494492407,9.841787193864011,9.402852222567597,5,9.223488526037592,11.341502955611043,0.9554008878011432,-6.381228253436368,0.0016930421941401342
11,1.1555583870857897,56.65114970014225,5.475471204664556,0,5,0.09168454964602737,34,-0.2448032401480451,12.349754220519262,11.939560930210996,5,9.049380796628146,9.223488526037592,0.9667853073847635,-9.995482232231065,4.56055001117822e-05
11,1.1555583870857897,56.65114970014225,5.475471204664556,0,5,0.09168454964602737,35,-0.33585807234342985,9.060488173423366,9.576378498593785,5,8.917239908215498,9.049380796628146,1.056938469020207,-6.565480944947873,0.0014081465470540714
11,1.1555583870857897,56.65114970014225,5.475471204664556,0,5,0.09168454964602737,36,-0.36221155398213295,8.681966977159405,8.508514988456591,5,10.145181976496382,8.917239908215498,0.980021579308107,-6.019369817853307,0.0024312012119738846
11,1.1555583870857897,56.65114970014225,5.475471204664556,0,5,0.09168454964602737,37,0.005194181464211946,9.525445524644976,9.076004713266379,5,6.799699089427393,10.145181976496382,0.9528168199360577,-5.9048889753066,0.002726084426621018
11,1.1555583870857897,56.65114970014225,5.475471204664556,0,5,0.09168454964602737,38,0.0675742500294194,10.811386027637617,11.35562214509998,5,8.125058763708374,6.799699089427393,1.0503391624414398,-7.938400834939169,0.00035677656697303054
11,1.1555583870857897,56.65114970014225,5.475471204664556,0,5,0.09168454964602737,39,0.08819478218692851,10.368262292334355,10.518906983625355,5,6.740175752473114,8.125058763708374,1.0145294058969145,-7.211996102636252,0.0007376831934952883
11,1.1555583870857897,56.65114970014225,5.475471204664556,0,5,0.09168454964602737,40,-0.06747199564309786,11.434610588441863,11.509357775144485,5,10.344975650579462,6.740175752473114,1.0065369245523916,-8.769591952170174,0.0001553869730315769
11,1.1555583870857897,56.65114970014225,5.475471204664556,0,5,0.09168454964602737,41,-0.16253500440717236,10.513973313216297,10.590812566826292,5,7.530982114342922,10.344975650579462,1.0073082983303188,-8.24524666869863,0.0002625033619204443
11,1.1555583870857897,56.65114970014225,5.475471204664556,0,5,0.09168454964602737,42,0.16855291640160835,9.447288981224816,8.605206133328167,5,7.380793329262872,7.530982114342922,0.9108651328894276,-5.791002956967265,0.003054916689426432
11,1.1555583870857897,56.65114970014225,5.475471204664556,0,5,0.09168454964602737,43,-0.17951707731235617,11.390678255036825,11.003966137645051,5,8.377620834938709,7.380793329262872,0.9660501237298337,-7.973723202929305,0.0003443943458530055
11,1.1555583870857897,56.65114970014225,5.475471204664556,0,5,0.09168454964602737,44,-0.2419680411959665,9.940501271900954,9.342779736239157,5,4.929897606218937,8.377620834938709,0.9398700810640817,-6.772996160215253,0.0011442611201218564
11,1.1555583870857897,56.65114970014225,5.475471204664556,0,5,0.09168454964602737,45,0.2802631334986427,11.156278582988186,10.667089718889512,5,6.552872700898289,4.929897606218937,0.9561512505752034,-7.80885293004028,0.0004061236329590428
11,1.1555583870857897,56.65114970014225,5.475471204664556,0,5,0.09168454964602737,46,0.035514301628569965,11.872945441456128,11.984963081493898,5,6.926385417558544,6.552872700898289,1.0094346967726007,-8.936187821088204,0.00013154154547291574
11,1.1555583870857897,56.65114970014225,5.475471204664556,0,5,0.09168454964602737,47,0.09425797907819627,11.020091066383786,12.3227911178401,5,9.744763415425112,6.926385417558544,1.1182113689994935,-7.750197507227666,0.000430657474211548
11,1.1555583870857897,56.65114970014225,5.475471204664556,0,5,0.09168454964602737,48,0.12516814092890055,11.807388680657828,12.458735756150842,5,8.503473505518102,9.744763415425112,1.0551643630195737,-8.672442756389671,0.00017124029458405853
11,1.1555583870857897,56.65114970014225,5.475471204664556,0,5,0.09168454964602737,49,-0.11435942179986343,9.362332770200334,10.117120375138366,6,13.797826972090512,8.503473505518102,1.0806196087518347,-5.518429196637142,0.004012145286158719
11,1.1555583870857897,56.65114970014225,5.475471204664556,0,5,0.09168454964602737,50,-0.10657251720030408,10.145029162773591,9.560807268687153,5,6.875983088806151,13.797826972090512,0.9424129901735329,-7.01748875793616,0.0008960729257672188
11,1.1555583870857897,56.65114970014225,5.475471204664556,0,5,0.09168454964602737,51,0.12811633661312918,10.751935117507351,11.29367361117656,6,6.031415456916262,6.875983088806151,1.0503852085925536,-8.02327904630726,0.0003277435725621021
