data_examples/final_simulated_panel.csv
store_id,store_size,area_income,manager_experience,manager_vacant,base_competitors,store_fe,week,week_fe,price,competitor_price,competitor_count,ad_spend,ad_spend_lag,relative_price,log_sales,sales
12,1.0132061395122431,61.62753065105006,3.811700088606411,0,4,0.2120258822405867,0,0.048845901334352015,8.963072673472077,8.98180924691077,4,9.709920195623422,0.0,1.002090418556367,-5.304473198700651,0.004969315380817146
12,1.0132061395122431,61.62753065105006,3.811700088606411,0,4,0.2120258822405867,1,0.13563566401577118,11.423656038372888,10.917270696129718,4,8.24976888943557,9.709920195623422,0.9556722173232295,-7.8932105731561,0.0003732692409320625
12,1.0132061395122431,61.62753065105006,3.811700088606411,0,4,0.2120258822405867,2,-0.11710587627041394,11.34351936866648,11.026959614706257,4,13.255048340538455,8.24976888943557,0.9720933386128263,-8.333254410564376,0.000240388447792793
12,1.0132061395122431,61.62753065105006,3.811700088606411,0,4,0.2120258822405867,3,-0.18173462462506965,10.611255943835083,10.988681003396335,4,7.045653467830583,13.255048340538455,1.0355683683023902,-7.384959684620923,0.0006205156794256352
12,1.0132061395122431,61.62753065105006,3.811700088606411,0,4,0.2120258822405867,4,-0.39836764222427296,10.748592713586431,12.3419556149214,4,7.1621018584118765,7.045653467830583,1.148239210824402,-7.993839728493478,0.0003375355470877581
12,1.0132061395122431,61.62753065105006,3.811700088606411,0,4,0.2120258822405867,5,0.1943245963972403,10.048250076249152,10.050648754392078,4,5.926025333293492,7.1621018584118765,1.000238716007735,-6.691881856917156,0.0012409452927664257
12,1.0132061395122431,61.62753065105006,3.811700088606411,0,4,0.2120258822405867,6,0.0033314601152094115,9.146302560393293,9.09707076516916,4,7.950613726338306,5.926025333293492,0.994617300827405,-5.611351376727156,0.003656125215256426
12,1.0132061395122431,61.62753065105006,3.811700088606411,0,4,0.2120258822405867,7,0.04114626898936563,9.593531401638932,10.13948913669177,4,7.299596632993727,7.950613726338306,1.056908943349012,-6.272274109679902,0.0018879303370662466
12,1.0132061395122431,61.62753065105006,3.811700088606411,0,4,0.2120258822405867,8,-0.1567189753011227,9.958406787585519,9.636269730547383,4,8.11900828810661,7.299596632993727,0.9676517475225331,-6.469181334656455,0.0015504945496413018
12,1.0132061395122431,61.62753065105006,3.811700088606411,0,4,0.2120258822405867,9,0.24529960585719213,10.442508722095596,10.942899534664868,4,9.608259408136616,8.11900828810661,1.047918639657009,-6.509446502599153,0.0014893038207642855
12,1.0132061395122431,61.62753065105006,3.811700088606411,0,4,0.2120258822405867,10,0.18864011553560334,10.097343475062717,10.679250978895887,4,6.937515115422007,9.608259408136616,1.0576297622508632,-7.220338147373503,0.0007315550036483682
12,1.0132061395122431,61.62753065105006,3.811700088606411,0,4,0.2120258822405867,11,-0.024364776297538047,10.512304924506198,11.288525753283027,4,9.078938642135052,6.937515115422007,1.0738392611659608,-7.285390326746079,0.0006854806227078268
12,1.0132061395122431,61.62753065105006,3.811700088606411,0,4,0.2120258822405867,12,-0.11117269158045646,8.959252694790068,9.03957583855455,5,12.886111750206107,9.078938642135052,1.0089653843351456,-5.401388007561945,0.004510316242841293
12,1.0132061395122431,61.62753065105006,3.811700088606411,0,4,0.2120258822405867,13,-0.07133827681171602,9.524729900153423,9.352934893064047,4,7.630708249974252,12.886111750206107,0.9819632673167342,-5.15993103489035,0.00574209567625721
12,1.0132061395122431,61.62753065105006,3.811700088606411,0,4,0.2120258822405867,14,-0.15972510848492985,10.436194907647895,9.72552353347515,4,9.657414916908126,7.630708249974252,0.9319032098900387,-6.79045164217632,0.0011244608055480396
12,1.0132061395122431,61.62753065105006,3.811700088606411,0,4,0.2120258822405867,15,0.005312829848108214,11.220976870256166,12.201553318854462,4,10.963842861834875,9.657414916908126,1.0873877969749268,-7.5229887799150506,0.0005405146698933403
12,1.0132061395122431,61.62753065105006,3.811700088606411,0,4,0.2120258822405867,16,-0.12323354394010944,8.7021553617481,7.518453946900814,4,9.741831967430938,10.963842861834875,0.8639760650504518,-4.993522655499231,0.0067817326573336775
12,1.0132061395122431,61.62753065105006,3.811700088606411,0,4,0.2120258822405867,17,0.11710850410840844,10.628479326371606,10.804922122106724,4,10.254361602136736,9.741831967430938,1.0166009445299786,-6.626090990100583,0.0013253337160304603
12,1.0132061395122431,61.62753065105006,3.811700088606411,0,4,0.2120258822405867,18,-0.07189371493174873,11.026524721890212,11.204603852640204,5,10.245460906913841,10.254361602136736,1.016150068606518,-7.806383351508609,0.00040712782662139164
12,1.0132061395122431,61.62753065105006,3.811700088606411,0,4,0.2120258822405867,19,-0.07079141278787165,10.260975101078905,10.205039253430165,4,12.497959838285453,10.245460906913841,0.9945486810855959,-6.351677163806698,0.001743820010505554
12,1.0132061395122431,61.62753065105006,3.811700088606411,0,4,0.2120258822405867,20,0.3074506008403983,10.413217174075152,11.048646480053316,4,7.338393772130887,12.497959838285453,1.0610214206960107,-6.468006731974284,0.001552316834718957
12,1.0132061395122431,61.62753065105006,3.811700088606411,0,4,0.2120258822405867,21,-0.14514390451041106,9.952774501384003,11.138107857340447,4,6.036637263681461,7.338393772130887,1.1190957713139804,-6.356803919503756,0.0017349027491737046
12,1.0132061395122431,61.62753065105006,3.811700088606411,0,4,0.2120258822405867,22,-0.31358317758909293,10.316746143608517,10.393892275616022,4,11.325982218970498,6.036637263681461,1.007477758096752,-7.131747833757909,0.0007993210854719231
12,1.0132061395122431,61.62753065105006,3.811700088606411,0,4,0.2120258822405867,23,0.07324303848148955,10.000327001911367,10.475253481879513,4,7.673892077189153,11.325982218970498,1.0474910950289298,-6.436781883584825,0.0016015523784428964
12,1.0132061395122431,61.62753065105006,3.811700088606411,0,4,0.2120258822405867,24,-0.4155737022818746,8.906655936020616,9.388119045538458,4,6.4416281585762345,7.673892077189153,1.054056551973754,-5.606684506100297,0.0036732277552617774
12,1.0132061395122431,61.62753065105006,3.811700088606411,0,4,0.2120258822405867,25,0.05287572716514413,11.705784515191791,11.699710281473005,4,11.109358828996612,6.4416281585762345,0.9994810912749246,-8.43006223207657,0.00021820791043642714
12,1.0132061395122431,61.62753065105006,3.811700088606411,0,4,0.2120258822405867,26,0.19634402837852838,10.707242382595096,10.841986624875988,5,8.599279050184759,11.109358828996612,1.0125844019838313,-7.3789323154679165,0.0006242670505831477
12,1.0132061395122431,61.62753065105006,3.811700088606411,0,4,0.2120258822405867,27,0.01402300615082264,9.896197213568458,10.051879000935829,5,10.566863130958707,8.599279050184759,1.0157314758394183,-6.350713301975782,0.001745501622344211
12,1.0132061395122431,61.62753065105006,3.811700088606411,0,4,0.2120258822405867,28,0.0018550148592412774,11.708124611133963,11.419216234706742,6,7.413588452045142,10.566863130958707,0.9753241115872238,-8.826675442197741,0.0001467653592270212
12,1.0132061395122431,61.62753065105006,3.811700088606411,0,4,0.2120258822405867,29,-0.41012187044991083,10.15906285372417,10.569763045315028,5,4.2343328897544765,7.413588452045142,1.0404269761398615,-7.946687059724412,0.0003538324507908299
12,1.0132061395122431,61.62753065105006,3.811700088606411,0,4,0.2120258822405867,30,0.11106073711175773,11.062310433400215,11.518142049713111,4,7.891025268117921,4.2343328897544765,1.0412058239603015,-8.297560192693131,0.0002491239005485761
12,1.0132061395122431,61.62753065105006,3.811700088606411,0,4,0.2120258822405867,31,0.07925851344932232,8.822100851915527,8.780104862170623,6,8.429021903988717,7.891025268117921,0.995239683783961,-5.970091991472946,0.0025540064613698205
12,1.0132061395122431,61.62753065105006,3.811700088606411,0,4,0.2120258822405867,32,-0.2343995516749002,9.876160281334693,10.54407235870992,4,8.96229585193872,8.429021903988717,1.0676287199021606,-6.922070519087907,0.000985786735760936
12,1.0132061395122431,61.62753065105006,3.811700088606411,0,4,0.2120258822405867,33,0.3826341494492407,11.520871933127923,10.852813210739304,5,9.966522601244664,8.96229585193872,0.94201318040281,-7.7843502560149975,0.0004161976642878849
12,1.0132061395122431,61.62753065105006,3.811700088606411,0,4,0.2120258822405867,34,-0.2448032401480451,11.91184543536609,11.308693152374259,4,8.870492786037401,9.966522601244664,0.9493653366924086,-8.878780399167987,0.00013931396942726797
12,1.0132061395122431,61.62753065105006,3.811700088606411,0,4,0.2120258822405867,35,-0.33585807234342985,12.321293438226373,13.160749591213191,5,5.78432940597272,8.870492786037401,1.0681305219452395,-9.97396283965976,4.659753852126946e-05
12,1.0132061395122431,61.62753065105006,3.811700088606411,0,4,0.2120258822405867,36,-0.36221155398213295,11.896042817281467,11.356847993187573,4,9.78879397250602,5.78432940597272,0.9546744381828719,-8.873506390847252,0.00014005065339232133
12,1.0132061395122431,61.62753065105006,3.811700088606411,0,4,0.2120258822405867,37,0.005194181464211946,12.269854261448394,12.850248625896945,4,4.48298006366988,9.78879397250602,1.047302466034347,-9.530857447122944,7.257736605110846e-05
12,1.0132061395122431,61.62753065105006,3.811700088606411,0,4,0.2120258822405867,38,0.0675742500294194,9.854177255777065,9.377902699790312,6,7.0937900321192355,4.48298006366988,0.9516677502723492,-6.545230910027631,0.0014369522375831684
12,1.0132061395122431,61.62753065105006,3.811700088606411,0,4,0.2120258822405867,39,0.08819478218692851,9.163229424819445,9.498633942709617,4,8.335783717002393,7.0937900321192355,1.0366033089798776,-5.656096089188669,0.0034961389058321118
12,1.0132061395122431,61.62753065105006,3.811700088606411,0,4,0.2120258822405867,40,-0.06747199564309786,8.19448514557222,8.367139616032224,4,7.9887464460447974,8.335783717002393,1.0210695934391065,-4.453037374738431,0.011643148602755839
12,1.0132061395122431,61.62753065105006,3.811700088606411,0,4,0.2120258822405867,41,-0.16253500440717236,10.657969017921902,10.576848690241906,4,6.731202357138873,7.9887464460447974,0.9923887630426034,-7.7207558053201915,0.0004435252584409265
12,1.0132061395122431,61.62753065105006,3.811700088606411,0,4,0.2120258822405867,42,0.16855291640160835,10.33003988765497,10.366662207503758,5,7.113184085770524,6.731202357138873,1.003545225405427,-6.81996913768529,0.0010917546158341178
12,1.0132061395122431,61.62753065105006,3.811700088606411,0,4,0.2120258822405867,43,-0.17951707731235617,12.077445237403207,11.984160486908024,4,6.2517935800558275,7.113184085770524,0.9922761189422508,-9.428869998116523,8.036996685727728e-05
12,1.0132061395122431,61.62753065105006,3.811700088606411,0,4,0.2120258822405867,44,-0.2419680411959665,10.364248472410528,9.543560252105175,4,8.539052642202982,6.2517935800558275,0.9208154626464222,-6.743350872928368,0.0011786908884524635
12,1.0132061395122431,61.62753065105006,3.811700088606411,0,4,0.2120258822405867,45,0.2802631334986427,12.197993057381423,12.545174943426021,4,6.255514078939276,8.539052642202982,1.028462213776594,-9.164290611390992,0.00010471265152887246
12,1.0132061395122431,61.62753065105006,3.811700088606411,0,4,0.2120258822405867,46,0.035514301628569965,9.065011978764819,8.616066692496679,4,9.707972085490834,6.255514078939276,0.9504749373393203,-5.994372238614709,0.002492741329334843
12,1.0132061395122431,61.62753065105006,3.811700088606411,0,4,0.2120258822405867,47,0.09425797907819627,12.358518246671533,13.067201918722988,4,10.156868323011317,9.707972085490834,1.0573437412079982,-8.79653838,0.00015125575986898548
12,1.0132061395122431,61.62753065105006,3.811700088606411,0,4,0.2120258822405867,48,0.12516814092890055,10.562525643419908,11.049659950694473,4,10.27303605962063,10.156868323011317,1.0461191123903242,-6.719413435577401,0.0012072461339488973
12,1.0132061395122431,61.62753065105006,3.811700088606411,0,4,0.2120258822405867,49,-0.11435942179986343,11.994537318835524,11.548934073524194,4,5.879573340628836,10.27303605962063,0.9628494844389219,-9.224015972814836,9.864174853707344e-05
12,1.0132061395122431,61.62753065105006,3.811700088606411,0,4,0.2120258822405867,50,-0.10657251720030408,11.629583374442394,12.206588728719307,4,7.107117083881162,5.879573340628836,1.0496153074189194,-8.469223372199457,0.00020982779820203832
12,1.0132061395122431,61.62753065105006,3.811700088606411,0,4,0.2120258822405867,51,0.12811633661312918,9.813550678905868,9.790634425525656,4,9.076547110707917,7.107117083881162,0.9976648356818018,-5.864150362254814,0.0028394345116402086
