data_examples/final_simulated_panel.csv
store_id,store_size,area_income,manager_experience,manager_vacant,base_competitors,store_fe,week,week_fe,price,competitor_price,competitor_count,ad_spend,ad_spend_lag,relative_price,log_sales,sales
13,1.2254482413936065,65.86222331359278,2.107884291223091,0,3,-0.281869305147953,0,0.048845901334352015,11.093188454433404,10.022128298068518,4,5.358892239994719,0.0,0.9034488451391235,-8.47110610935968,0.0002094331192640519
13,1.2254482413936065,65.86222331359278,2.107884291223091,0,3,-0.281869305147953,1,0.13563566401577118,9.617367890383507,9.999477579995633,3,6.306179096708954,5.358892239994719,1.039731212735888,-6.230682719252797,0.001968107772794232
13,1.2254482413936065,65.86222331359278,2.107884291223091,0,3,-0.281869305147953,2,-0.11710587627041394,11.107456376012305,10.916593793905172,3,6.955361747125105,6.306179096708954,0.9828167155786162,-7.8157994538962345,0.0004033122613890952
13,1.2254482413936065,65.86222331359278,2.107884291223091,0,3,-0.281869305147953,3,-0.18173462462506965,10.819431434064466,10.528867783428382,3,8.150401849586176,6.955361747125105,0.9731442772749354,-7.622316714163767,0.000489406701298253
13,1.2254482413936065,65.86222331359278,2.107884291223091,0,3,-0.281869305147953,4,-0.39836764222427296,10.668120029769414,10.88269075107968,3,9.40668829155018,8.150401849586176,1.0201132646343973,-7.4955508371242825,0.0005555506148886213
13,1.2254482413936065,65.86222331359278,2.107884291223091,0,3,-0.281869305147953,5,0.1943245963972403,10.101120139587143,10.590927009495884,3,7.410298945646049,9.40668829155018,1.0484903518758426,-6.887483443752559,0.0010204787043892327
13,1.2254482413936065,65.86222331359278,2.107884291223091,0,3,-0.281869305147953,6,0.0033314601152094115,10.029889792342143,9.997494422710401,5,4.041131595408593,7.410298945646049,0.9967701170897735,-7.869743006966266,0.00038213255498666966
13,1.2254482413936065,65.86222331359278,2.107884291223091,0,3,-0.281869305147953,7,0.04114626898936563,10.343755379790382,10.445916256321498,3,8.080657198973107,4.041131595408593,1.0098765750716339,-7.361672175016124,0.0006351355133328943
13,1.2254482413936065,65.86222331359278,2.107884291223091,0,3,-0.281869305147953,8,-0.1567189753011227,7.91137232902598,6.979457882304963,3,6.296601183551001,8.080657198973107,0.8822057150183765,-3.972225245335724,0.018831481809405286
13,1.2254482413936065,65.86222331359278,2.107884291223091,0,3,-0.281869305147953,9,0.24529960585719213,11.27334419133871,11.215290708977898,3,9.503089202890287,6.296601183551001,0.9948503761283707,-7.686860733109654,0.0004588162599763285
13,1.2254482413936065,65.86222331359278,2.107884291223091,0,3,-0.281869305147953,10,0.18864011553560334,10.23545416106302,10.001882145843945,3,10.196212025136724,9.503089202890287,0.977180102461148,-6.767572226347573,0.0011504843787795947
13,1.2254482413936065,65.86222331359278,2.107884291223091,0,3,-0.281869305147953,11,-0.024364776297538047,10.538190329939193,10.460502582016147,5,9.828123306706816,10.196212025136724,0.9926279801853328,-7.706360142458345,0.00044995627685796705
13,1.2254482413936065,65.86222331359278,2.107884291223091,0,3,-0.281869305147953,12,-0.11117269158045646,9.411288721149933,9.883598353483963,4,11.690205821944287,9.828123306706816,1.050185436482531,-6.082547404643457,0.002282355159089779
13,1.2254482413936065,65.86222331359278,2.107884291223091,0,3,-0.281869305147953,13,-0.07133827681171602,10.642929506707835,10.936871790662309,4,7.259474098139987,11.690205821944287,1.027618550303205,-7.533917801306963,0.0005346395367103129
13,1.2254482413936065,65.86222331359278,2.107884291223091,0,3,-0.281869305147953,14,-0.15972510848492985,9.891329896365955,10.44557775452948,3,12.395835752700949,7.259474098139987,1.0560337046656543,-6.782468681155927,0.0011334732574921466
13,1.2254482413936065,65.86222331359278,2.107884291223091,0,3,-0.281869305147953,15,0.005312829848108214,11.932657231273348,11.44144824932992,4,7.442854390750345,12.395835752700949,0.958834903875722,-9.046256438505962,0.00011783132108591262
13,1.2254482413936065,65.86222331359278,2.107884291223091,0,3,-0.281869305147953,16,-0.12323354394010944,8.972031115773277,8.434138615717302,3,10.565672985651009,7.442854390750345,0.9400478561526238,-5.381279139279407,0.004601931652015687
13,1.2254482413936065,65.86222331359278,2.107884291223091,0,3,-0.281869305147953,17,0.11710850410840844,11.616881282448771,11.976454589033521,3,11.75683118712589,10.565672985651009,1.0309526539733178,-8.789884682297902,0.00015226552558342786
13,1.2254482413936065,65.86222331359278,2.107884291223091,0,3,-0.281869305147953,18,-0.07189371493174873,9.593163878545093,9.238640073555786,3,7.2953645935294515,11.75683118712589,0.9630441208471178,-6.700464795208831,0.0012303399136577994
13,1.2254482413936065,65.86222331359278,2.107884291223091,0,3,-0.281869305147953,19,-0.07079141278787165,10.75887071892572,11.359432833655823,4,11.020848102165036,7.2953645935294515,1.055820181357293,-8.17376899088926,0.0002819533317725986
13,1.2254482413936065,65.86222331359278,2.107884291223091,0,3,-0.281869305147953,20,0.3074506008403983,10.152928922782147,9.525429404230891,3,8.469688349345772,11.020848102165036,0.9381952219577535,-6.165113950337662,0.002101478886716859
13,1.2254482413936065,65.86222331359278,2.107884291223091,0,3,-0.281869305147953,21,-0.14514390451041106,9.451377257147405,9.614135965800225,3,11.557608930271671,8.469688349345772,1.0172206340118037,-6.742391705818147,0.0011798219923578991
13,1.2254482413936065,65.86222331359278,2.107884291223091,0,3,-0.281869305147953,22,-0.31358317758909293,8.37684965235941,8.497500399855362,4,9.938137912131973,11.557608930271671,1.0144028784689922,-5.51807984003153,0.004013547200486873
13,1.2254482413936065,65.86222331359278,2.107884291223091,0,3,-0.281869305147953,23,0.07324303848148955,11.169461879485931,9.84237992648464,3,7.876861359494785,9.938137912131973,0.8811865811155469,-7.503573858228015,0.0005511112529415056
13,1.2254482413936065,65.86222331359278,2.107884291223091,0,3,-0.281869305147953,24,-0.4155737022818746,8.72903651254731,8.761143528694998,3,8.608043695815125,7.876861359494785,1.0036781855708286,-5.404687950819429,0.004495456986003122
13,1.2254482413936065,65.86222331359278,2.107884291223091,0,3,-0.281869305147953,25,0.05287572716514413,9.985802479298771,10.578102223501098,3,8.023283756671633,8.608043695815125,1.0593141858583928,-7.0131750763055365,0.000899946648082395
13,1.2254482413936065,65.86222331359278,2.107884291223091,0,3,-0.281869305147953,26,0.19634402837852838,11.760573759585176,11.842001634210717,3,9.057343200749042,8.023283756671633,1.0069238011928776,-9.022083305630868,0.00012071437915098696
13,1.2254482413936065,65.86222331359278,2.107884291223091,0,3,-0.281869305147953,27,0.01402300615082264,11.7997559092489,11.95269575773055,3,6.563953586353846,9.057343200749042,1.0129612722210444,-9.13025862538668,0.00010833756263178269
13,1.2254482413936065,65.86222331359278,2.107884291223091,0,3,-0.281869305147953,28,0.0018550148592412774,10.76343440538194,10.913032219123954,3,10.089734572632807,6.563953586353846,1.0138987063150784,-7.684481106027909,0.0004599093716573696
13,1.2254482413936065,65.86222331359278,2.107884291223091,0,3,-0.281869305147953,29,-0.41012187044991083,8.869386190604342,8.818123492585366,4,8.979292629170102,10.089734572632807,0.9942202654256639,-5.671923379797523,0.0034412400950985657
13,1.2254482413936065,65.86222331359278,2.107884291223091,0,3,-0.281869305147953,30,0.11106073711175773,10.362426028386732,10.456090511081207,3,7.419589086360338,8.979292629170102,1.0090388565802924,-7.264625625830411,0.0006998632313262544
13,1.2254482413936065,65.86222331359278,2.107884291223091,0,3,-0.281869305147953,31,0.07925851344932232,10.5721676539179,10.134750742209384,3,8.324678978378042,7.419589086360338,0.9586256171839637,-7.638490370651598,0.00048155487297636473
13,1.2254482413936065,65.86222331359278,2.107884291223091,0,3,-0.281869305147953,32,-0.2343995516749002,9.707857219073079,10.048186035019793,3,6.080895304451164,8.324678978378042,1.0350570479423686,-6.831312876345224,0.0010794400156481213
13,1.2254482413936065,65.86222331359278,2.107884291223091,0,3,-0.281869305147953,33,0.3826341494492407,11.853840245876638,11.901153218219282,3,10.190704106962604,6.080895304451164,1.0039913624075625,-8.251718399840849,0.0002608099961524633
13,1.2254482413936065,65.86222331359278,2.107884291223091,0,3,-0.281869305147953,34,-0.2448032401480451,10.7627733734759,10.469561948043193,3,4.9324536330338,10.190704106962604,0.9727568893947627,-7.971116472190345,0.00034529326028559255
13,1.2254482413936065,65.86222331359278,2.107884291223091,0,3,-0.281869305147953,35,-0.33585807234342985,10.85099022026479,10.4698811616249,3,6.4495911248575055,4.9324536330338,0.9648779465372523,-8.129457302691094,0.0002947281055616824
13,1.2254482413936065,65.86222331359278,2.107884291223091,0,3,-0.281869305147953,36,-0.36221155398213295,10.440404035365674,10.35896973267272,3,11.129770005436622,6.4495911248575055,0.9922000812978977,-7.305652279045603,0.0006717312123711805
13,1.2254482413936065,65.86222331359278,2.107884291223091,0,3,-0.281869305147953,37,0.005194181464211946,9.196275795159758,9.194404388341324,3,11.319292721057355,11.129770005436622,0.9997965038391499,-5.4772481116136875,0.004180819029306691
13,1.2254482413936065,65.86222331359278,2.107884291223091,0,3,-0.281869305147953,38,0.0675742500294194,9.635840862373394,9.005048953496829,3,7.67975014417548,11.319292721057355,0.9345369109052309,-6.74561967704504,0.0011760197010587585
13,1.2254482413936065,65.86222331359278,2.107884291223091,0,3,-0.281869305147953,39,0.08819478218692851,9.598091277732303,9.294703062919716,3,9.1557707191556,7.67975014417548,0.9683907762456425,-5.335785474136147,0.00481612568401886
13,1.2254482413936065,65.86222331359278,2.107884291223091,0,3,-0.281869305147953,40,-0.06747199564309786,11.794290029927184,13.13943892459844,3,10.164775420037932,9.1557707191556,1.1140508577674482,-8.88160563507498,0.0001389209300743779
13,1.2254482413936065,65.86222331359278,2.107884291223091,0,3,-0.281869305147953,41,-0.16253500440717236,10.6321682476562,10.925820438857315,3,9.321788653014089,10.164775420037932,1.0276192197453091,-7.333655886863658,0.0006531812599636396
13,1.2254482413936065,65.86222331359278,2.107884291223091,0,3,-0.281869305147953,42,0.16855291640160835,11.054378036891558,10.788534743067519,3,10.849352600255589,9.321788653014089,0.9759513115132443,-7.680658834139522,0.0004616706341876884
13,1.2254482413936065,65.86222331359278,2.107884291223091,0,3,-0.281869305147953,43,-0.17951707731235617,11.025308137018637,10.689042305812833,3,8.417052130076344,10.849352600255589,0.9695005502769799,-8.185691984058959,0.00027861156563916523
13,1.2254482413936065,65.86222331359278,2.107884291223091,0,3,-0.281869305147953,44,-0.2419680411959665,11.025855506282104,10.541909662922599,4,7.771033383486802,8.417052130076344,0.9561080912874496,-8.605473340014672,0.00018310087270595872
13,1.2254482413936065,65.86222331359278,2.107884291223091,0,3,-0.281869305147953,45,0.2802631334986427,12.300265364794516,12.13165972829472,3,7.091329247312241,7.771033383486802,0.9862925204050984,-8.80597510408562,0.00014983511465774618
13,1.2254482413936065,65.86222331359278,2.107884291223091,0,3,-0.281869305147953,46,0.035514301628569965,11.490813070073116,11.537774755291002,3,9.613513531606548,7.091329247312241,1.004086889668425,-8.720023812317553,0.0001632833027216593
13,1.2254482413936065,65.86222331359278,2.107884291223091,0,3,-0.281869305147953,47,0.09425797907819627,10.954003522288467,11.210497079550368,3,10.086731805217088,9.613513531606548,1.023415508014034,-7.933498301317775,0.0003585299706362506
13,1.2254482413936065,65.86222331359278,2.107884291223091,0,3,-0.281869305147953,48,0.12516814092890055,10.815451962111176,11.616710306783432,3,7.756963617795862,10.086731805217088,1.0740845918856867,-7.603627888010183,0.0004986391410701509
13,1.2254482413936065,65.86222331359278,2.107884291223091,0,3,-0.281869305147953,49,-0.11435942179986343,12.130107372433365,12.478423957124305,3,11.667610751537033,7.756963617795862,1.0287150454646854,-9.316931437695139,8.98893186079618e-05
13,1.2254482413936065,65.86222331359278,2.107884291223091,0,3,-0.281869305147953,50,-0.10657251720030408,8.88893245122915,7.839466360341913,5,10.756627152179245,11.667610751537033,0.8819356433806492,-5.098077738981327,0.0061084773750059605
13,1.2254482413936065,65.86222331359278,2.107884291223091,0,3,-0.281869305147953,51,0.12811633661312918,12.032973471549493,11.238673490498899,3,8.131684445003808,10.756627152179245,0.9339897172607735,-8.505961721233922,0.0002022589559884194
