data_examples/final_simulated_panel.csv
store_id,store_size,area_income,manager_experience,manager_vacant,base_competitors,store_fe,week,week_fe,price,competitor_price,competitor_count,ad_spend,ad_spend_lag,relative_price,log_sales,sales
14,1.0935018684504092,67.11226579792854,5.144259015427739,0,1,-0.07184456553258342,0,0.048845901334352015,9.678839316386643,8.717730724846474,1,9.165113316726197,0.0,0.9007000157639795,-6.283220499973541,0.0018673770123371412
14,1.0935018684504092,67.11226579792854,5.144259015427739,0,1,-0.07184456553258342,1,0.13563566401577118,10.697124790727738,10.39419098937019,1,6.523516428647705,9.165113316726197,0.9716808201003571,-7.308121614067044,0.0006700745292581104
14,1.0935018684504092,67.11226579792854,5.144259015427739,0,1,-0.07184456553258342,2,-0.11710587627041394,9.949334112966618,10.049745332936162,1,5.597030723544085,6.523516428647705,1.010092255303667,-6.443235855766107,0.001591249287639783
14,1.0935018684504092,67.11226579792854,5.144259015427739,0,1,-0.07184456553258342,3,-0.18173462462506965,10.262774353378724,10.298257567953994,1,10.9915590459748,5.597030723544085,1.0034574680640413,-6.636059527082703,0.00131218770995403
14,1.0935018684504092,67.11226579792854,5.144259015427739,0,1,-0.07184456553258342,4,-0.39836764222427296,9.992938204366032,8.914654006969869,2,11.630762227174687,10.9915590459748,0.8920953802231011,-6.357296971327039,0.0017340475630528683
14,1.0935018684504092,67.11226579792854,5.144259015427739,0,1,-0.07184456553258342,5,0.1943245963972403,6.625306779667291,6.713297925501187,2,7.113232549649454,11.630762227174687,1.0132810673920694,-1.8550005878828577,0.1564528506989787
14,1.0935018684504092,67.11226579792854,5.144259015427739,0,1,-0.07184456553258342,6,0.0033314601152094115,9.113348146554952,8.009513638453354,1,5.236621611835442,7.113232549649454,0.8788771711175248,-5.366656410937428,0.004669718857482414
14,1.0935018684504092,67.11226579792854,5.144259015427739,0,1,-0.07184456553258342,7,0.04114626898936563,9.425312660038662,9.44660379086909,1,6.477153083849288,5.236621611835442,1.0022589309870535,-5.894758855545493,0.0027538403363289643
14,1.0935018684504092,67.11226579792854,5.144259015427739,0,1,-0.07184456553258342,8,-0.1567189753011227,8.917004437485701,9.220744212005346,1,12.019021762161993,6.477153083849288,1.034062983443495,-4.745401518509159,0.00869157147826444
14,1.0935018684504092,67.11226579792854,5.144259015427739,0,1,-0.07184456553258342,9,0.24529960585719213,8.375728266165325,8.48841042820056,2,5.767595839586237,12.019021762161993,1.0134534166408462,-4.802625014061198,0.008208172176856472
14,1.0935018684504092,67.11226579792854,5.144259015427739,0,1,-0.07184456553258342,10,0.18864011553560334,10.769183645512564,11.220050216706078,1,8.617879805519632,5.767595839586237,1.0418663648085698,-7.143770792070986,0.0007897684220900693
14,1.0935018684504092,67.11226579792854,5.144259015427739,0,1,-0.07184456553258342,11,-0.024364776297538047,9.229318208833877,8.836348950565663,1,7.128337443284677,8.617879805519632,0.9574216372892981,-5.361340269592102,0.0046946098463582
14,1.0935018684504092,67.11226579792854,5.144259015427739,0,1,-0.07184456553258342,12,-0.11117269158045646,10.364781997916879,10.077697261714755,2,8.32008855886464,7.128337443284677,0.9723019030926244,-6.785779004511624,0.0011297272980840313
14,1.0935018684504092,67.11226579792854,5.144259015427739,0,1,-0.07184456553258342,13,-0.07133827681171602,11.462263893792391,11.179248303724702,1,5.667573150807145,8.32008855886464,0.9753089273907781,-8.252420328846988,0.00026062699028714945
14,1.0935018684504092,67.11226579792854,5.144259015427739,0,1,-0.07184456553258342,14,-0.15972510848492985,9.194530357984336,9.114275734541653,1,7.434778977611193,5.667573150807145,0.9912714820313806,-6.028375116616736,0.0024094058030825123
14,1.0935018684504092,67.11226579792854,5.144259015427739,0,1,-0.07184456553258342,15,0.005312829848108214,10.10320790783982,9.29505203940315,1,8.219176766224889,7.434778977611193,0.9200099734848014,-6.823251163250641,0.0010881773228684681
14,1.0935018684504092,67.11226579792854,5.144259015427739,0,1,-0.07184456553258342,16,-0.12323354394010944,11.427539337273162,11.709045075019167,1,10.701628681294991,8.219176766224889,1.0246339766976622,-7.884151085856056,0.00037666623314992753
14,1.0935018684504092,67.11226579792854,5.144259015427739,0,1,-0.07184456553258342,17,0.11710850410840844,9.988968963597156,10.72923796316587,1,8.69582565994942,10.701628681294991,1.074108649477887,-5.901872770419866,0.002734319268532416
14,1.0935018684504092,67.11226579792854,5.144259015427739,0,1,-0.07184456553258342,18,-0.07189371493174873,9.93155933525159,9.980288577009903,2,8.571576290200321,8.69582565994942,1.004906504619607,-6.49194584669053,0.0015155970174980985
14,1.0935018684504092,67.11226579792854,5.144259015427739,0,1,-0.07184456553258342,19,-0.07079141278787165,8.186201323551323,7.7329990449168395,1,8.832507523712009,8.571576290200321,0.9446382686276428,-4.485563649960819,0.011270533094535606
14,1.0935018684504092,67.11226579792854,5.144259015427739,0,1,-0.07184456553258342,20,0.3074506008403983,11.66463493913485,11.529769364084785,1,5.674976697175168,8.832507523712009,0.9884380800810499,-8.082905283826081,0.000308772658819429
14,1.0935018684504092,67.11226579792854,5.144259015427739,0,1,-0.07184456553258342,21,-0.14514390451041106,10.075968088306277,9.492524085705336,1,7.5268144805725115,5.674976697175168,0.9420954892385913,-6.426637795563994,0.001617881347967762
14,1.0935018684504092,67.11226579792854,5.144259015427739,0,1,-0.07184456553258342,22,-0.31358317758909293,8.985257178046579,8.962469402236014,2,9.266607076448375,7.5268144805725115,0.9974638704981932,-5.175303057224061,0.005654503016274134
14,1.0935018684504092,67.11226579792854,5.144259015427739,0,1,-0.07184456553258342,23,0.07324303848148955,11.17921104011773,10.510769572269965,2,7.452546305524954,9.266607076448375,0.9402067403997477,-7.431729753946486,0.0005921623303791719
14,1.0935018684504092,67.11226579792854,5.144259015427739,0,1,-0.07184456553258342,24,-0.4155737022818746,9.9180966385427,9.781102414096873,1,9.850153732449044,7.452546305524954,0.9861874481124278,-5.806520534282397,0.00300787769303194
14,1.0935018684504092,67.11226579792854,5.144259015427739,0,1,-0.07184456553258342,25,0.05287572716514413,10.274721532247518,10.111253236367215,2,7.054615846339769,9.850153732449044,0.98409024562201,-6.591252844742017,0.0013723195827875375
14,1.0935018684504092,67.11226579792854,5.144259015427739,0,1,-0.07184456553258342,26,0.19634402837852838,9.699599204003302,8.41588070204211,2,8.030283254663004,7.054615846339769,0.8676524179028587,-5.715508175162604,0.003294475925357225
14,1.0935018684504092,67.11226579792854,5.144259015427739,0,1,-0.07184456553258342,27,0.01402300615082264,11.098023903279323,11.911750565078336,1,8.87379588193909,8.030283254663004,1.0733217615037365,-7.349632623530149,0.0006428284770376593
14,1.0935018684504092,67.11226579792854,5.144259015427739,0,1,-0.07184456553258342,28,0.0018550148592412774,11.041992293054419,11.907416994127514,3,9.095347467354403,8.87379588193909,1.0783757747791094,-7.785786982476312,0.00041560013143887787
14,1.0935018684504092,67.11226579792854,5.144259015427739,0,1,-0.07184456553258342,29,-0.41012187044991083,9.916494993202411,9.758424332310236,1,9.333423352105468,9.095347467354403,0.9840598254725555,-7.087554987549769,0.0008354375256335732
14,1.0935018684504092,67.11226579792854,5.144259015427739,0,1,-0.07184456553258342,30,0.11106073711175773,10.411769907855193,11.09451713731063,1,6.894602885609714,9.333423352105468,1.0655745598969044,-6.673851980153332,0.0012635223022134604
14,1.0935018684504092,67.11226579792854,5.144259015427739,0,1,-0.07184456553258342,31,0.07925851344932232,11.948900711738467,12.108489975782776,2,7.968633697884935,6.894602885609714,1.013355978754391,-8.746052567398822,0.00015908807673257311
14,1.0935018684504092,67.11226579792854,5.144259015427739,0,1,-0.07184456553258342,32,-0.2343995516749002,10.565697669945854,10.869702451742947,1,5.433890954468037,7.968633697884935,1.0287728071816626,-7.137239912232817,0.0007949431842366191
14,1.0935018684504092,67.11226579792854,5.144259015427739,0,1,-0.07184456553258342,33,0.3826341494492407,9.964930842070038,10.307017804856423,1,8.284184864526797,5.433890954468037,1.034329085490705,-5.628944836759564,0.0035923638585107997
14,1.0935018684504092,67.11226579792854,5.144259015427739,0,1,-0.07184456553258342,34,-0.2448032401480451,11.834538163103497,11.02157653642814,2,12.92307665494998,8.284184864526797,0.9313060116524087,-8.937894396168154,0.00013131725139121488
14,1.0935018684504092,67.11226579792854,5.144259015427739,0,1,-0.07184456553258342,35,-0.33585807234342985,9.793121421890135,10.036177858279872,1,11.496720622296529,12.92307665494998,1.0248190976011433,-6.775167809707521,0.0011417788822921146
14,1.0935018684504092,67.11226579792854,5.144259015427739,0,1,-0.07184456553258342,36,-0.36221155398213295,10.5246245397485,10.523469623580525,1,7.962085467842586,11.496720622296529,0.9998902653331135,-7.158013708461269,0.0007785995439948632
14,1.0935018684504092,67.11226579792854,5.144259015427739,0,1,-0.07184456553258342,37,0.005194181464211946,9.25166133081037,9.767663244976719,1,8.458235994422909,7.962085467842586,1.0557739735292657,-5.790086897727829,0.003057716456265842
14,1.0935018684504092,67.11226579792854,5.144259015427739,0,1,-0.07184456553258342,38,0.0675742500294194,9.593777795608835,10.326795183352043,1,7.385041176236017,8.458235994422909,1.0764054998312258,-5.969614292311835,0.002555226799567948
14,1.0935018684504092,67.11226579792854,5.144259015427739,0,1,-0.07184456553258342,39,0.08819478218692851,9.92457263033597,9.643157965174208,1,7.575471348615052,7.385041176236017,0.9716446565868665,-5.74173483448439,0.0032091960193120182
14,1.0935018684504092,67.11226579792854,5.144259015427739,0,1,-0.07184456553258342,40,-0.06747199564309786,11.042619378272017,10.097900627908054,2,11.17159585240741,7.575471348615052,0.9144479477194662,-8.013231028457305,0.00033105334631537296
14,1.0935018684504092,67.11226579792854,5.144259015427739,0,1,-0.07184456553258342,41,-0.16253500440717236,11.53761565446032,11.333853384284687,1,10.798745868903836,11.17159585240741,0.9823393085470948,-8.264934848284955,0.000257385692694394
14,1.0935018684504092,67.11226579792854,5.144259015427739,0,1,-0.07184456553258342,42,0.16855291640160835,10.06717867163645,9.108461416937132,1,9.752950445392786,10.798745868903836,0.9047680302525638,-5.883210478108372,0.0027858270658554524
14,1.0935018684504092,67.11226579792854,5.144259015427739,0,1,-0.07184456553258342,43,-0.17951707731235617,11.270418193349785,11.649160770410134,2,6.737271709044871,9.752950445392786,1.033605015409617,-7.638848338729401,0.00048138252255394383
14,1.0935018684504092,67.11226579792854,5.144259015427739,0,1,-0.07184456553258342,44,-0.2419680411959665,10.43801276823338,10.271968437431621,1,6.411661049575897,6.737271709044871,0.9840923426241543,-7.022116150457621,0.0008919360235289521
14,1.0935018684504092,67.11226579792854,5.144259015427739,0,1,-0.07184456553258342,45,0.2802631334986427,11.242479675284244,11.879530601605929,1,6.475485808821865,6.411661049575897,1.0566646277975662,-7.921918878458378,0.000362705670212142
14,1.0935018684504092,67.11226579792854,5.144259015427739,0,1,-0.07184456553258342,46,0.035514301628569965,9.76508928684026,9.548465609436008,1,12.745243498224484,6.475485808821865,0.9778165185139494,-5.937142094149845,0.002639562502914244
14,1.0935018684504092,67.11226579792854,5.144259015427739,0,1,-0.07184456553258342,47,0.09425797907819627,10.834798466804006,11.747736979630334,1,7.414886608293679,12.745243498224484,1.0842598517751314,-7.43529103571626,0.0005900572241303734
14,1.0935018684504092,67.11226579792854,5.144259015427739,0,1,-0.07184456553258342,48,0.12516814092890055,10.420520509583925,9.344862378779254,2,6.993995732156851,7.414886608293679,0.8967750094810167,-7.305038841557906,0.000672143403892445
14,1.0935018684504092,67.11226579792854,5.144259015427739,0,1,-0.07184456553258342,49,-0.11435942179986343,10.718444481346044,10.89468895931474,1,7.981065630583705,6.993995732156851,1.0164431021941127,-7.152403344827188,0.0007829800471797683
14,1.0935018684504092,67.11226579792854,5.144259015427739,0,1,-0.07184456553258342,50,-0.10657251720030408,13.090551691659153,12.734216025604608,1,8.004574013130394,7.981065630583705,0.9727791712337388,-10.103828049753808,4.0922601249514584e-05
14,1.0935018684504092,67.11226579792854,5.144259015427739,0,1,-0.07184456553258342,51,0.12811633661312918,10.90050400502991,10.78549740035552,1,9.411155074452747,8.004574013130394,0.9894494231990263,-6.91182408328696,0.0009959394620641998
