data_examples/final_simulated_panel.csv
store_id,store_size,area_income,manager_experience,manager_vacant,base_competitors,store_fe,week,week_fe,price,competitor_price,competitor_count,ad_spend,ad_spend_lag,relative_price,log_sales,sales
15,0.8281415074233524,67.93347235199926,3.941014581872395,0,2,0.0787104386627829,0,0.048845901334352015,11.515090780579479,12.408678033791455,3,7.635482996470022,0.0,1.077601407599759,-8.63517653924691,0.00017774217029099647
15,0.8281415074233524,67.93347235199926,3.941014581872395,0,2,0.0787104386627829,1,0.13563566401577118,11.197958591166062,10.838905154301372,3,8.785122792824493,7.635482996470022,0.9679358131268727,-7.683967642943022,0.0004601455787787381
15,0.8281415074233524,67.93347235199926,3.941014581872395,0,2,0.0787104386627829,2,-0.11710587627041394,8.609818904422871,8.649422258958975,2,8.39048735968192,8.785122792824493,1.0045997894933376,-5.480394622201008,0.004167684712437241
15,0.8281415074233524,67.93347235199926,3.941014581872395,0,2,0.0787104386627829,3,-0.18173462462506965,10.555833696600173,10.555191863177473,2,7.062307314914239,8.39048735968192,0.9999391963305649,-7.433616993605845,0.0005910458320258714
15,0.8281415074233524,67.93347235199926,3.941014581872395,0,2,0.0787104386627829,4,-0.39836764222427296,11.231653085715548,11.753162128231939,2,4.2341550934321175,7.062307314914239,1.046432082484781,-9.211304867182822,9.990359697693618e-05
15,0.8281415074233524,67.93347235199926,3.941014581872395,0,2,0.0787104386627829,5,0.1943245963972403,8.620553536255525,8.345342851873779,2,7.7013548898516815,4.2341550934321175,0.9680750565234251,-5.223041407118027,0.005390908221133426
15,0.8281415074233524,67.93347235199926,3.941014581872395,0,2,0.0787104386627829,6,0.0033314601152094115,9.378159976120568,9.076792330668512,2,8.479198686474254,7.7013548898516815,0.9678649493909869,-4.652961307871151,0.009533328966622352
15,0.8281415074233524,67.93347235199926,3.941014581872395,0,2,0.0787104386627829,7,0.04114626898936563,13.630732187125473,12.970864132023184,2,8.418157780266817,8.479198686474254,0.9515896838083615,-10.429482354802367,2.954835881818119e-05
15,0.8281415074233524,67.93347235199926,3.941014581872395,0,2,0.0787104386627829,8,-0.1567189753011227,10.298960989207552,10.53844554650188,2,8.672105936181314,8.418157780266817,1.0232532735627689,-7.037167097542991,0.0008786120622764208
15,0.8281415074233524,67.93347235199926,3.941014581872395,0,2,0.0787104386627829,9,0.24529960585719213,9.78274504424449,10.076169943818698,2,9.713131464139968,8.672105936181314,1.0299941272359787,-5.303283572182447,0.004975230527881794
15,0.8281415074233524,67.93347235199926,3.941014581872395,0,2,0.0787104386627829,10,0.18864011553560334,10.267759879682275,8.959339013531364,2,7.737846793088474,9.713131464139968,0.8725699781176224,-6.208298146458551,0.0020126598032979555
15,0.8281415074233524,67.93347235199926,3.941014581872395,0,2,0.0787104386627829,11,-0.024364776297538047,9.392732381983198,9.081515202683004,3,7.70934149807759,7.737846793088474,0.9668661719887646,-5.886043713187429,0.0027779453335608603
15,0.8281415074233524,67.93347235199926,3.941014581872395,0,2,0.0787104386627829,12,-0.11117269158045646,10.362521725289653,10.539883863767908,2,3.659816694055479,7.70934149807759,1.017115731400148,-7.061751824769708,0.000857274982216242
15,0.8281415074233524,67.93347235199926,3.941014581872395,0,2,0.0787104386627829,13,-0.07133827681171602,10.49060876818076,10.300296551246038,4,6.229195297063166,3.659816694055479,0.9818588014156089,-7.253359731434142,0.0007077923972911964
15,0.8281415074233524,67.93347235199926,3.941014581872395,0,2,0.0787104386627829,14,-0.15972510848492985,9.991123580978241,9.87504745242107,2,9.218535871417266,6.229195297063166,0.9883820745868698,-6.694911064296333,0.0012371918999012296
15,0.8281415074233524,67.93347235199926,3.941014581872395,0,2,0.0787104386627829,15,0.005312829848108214,11.702834606120444,11.256937660867477,2,6.352960412143306,9.218535871417266,0.9618983810110614,-7.8081976880026165,0.0004063898294378838
15,0.8281415074233524,67.93347235199926,3.941014581872395,0,2,0.0787104386627829,16,-0.12323354394010944,12.005390129773888,12.477765108799543,2,6.598557471135933,6.352960412143306,1.0393469078405162,-8.947799309535819,0.0001300229857683322
15,0.8281415074233524,67.93347235199926,3.941014581872395,0,2,0.0787104386627829,17,0.11710850410840844,11.347422451444102,12.867235266592376,2,8.919405626202252,6.598557471135933,1.133934628912565,-7.736786937807183,0.0004364717353041517
15,0.8281415074233524,67.93347235199926,3.941014581872395,0,2,0.0787104386627829,18,-0.07189371493174873,9.54663142838057,9.173689362658365,2,9.426003962847965,8.919405626202252,0.9609346952880669,-5.988993825556199,0.0025061844407489207
15,0.8281415074233524,67.93347235199926,3.941014581872395,0,2,0.0787104386627829,19,-0.07079141278787165,9.80772272578573,9.4575339937378,2,6.965927661365011,9.426003962847965,0.9642945929611937,-6.195415262097213,0.002038756405623597
15,0.8281415074233524,67.93347235199926,3.941014581872395,0,2,0.0787104386627829,20,0.3074506008403983,8.993434499242689,8.853458255033544,2,8.045136541499675,6.965927661365011,0.9844357298403706,-4.638932160069641,0.009668016010910198
15,0.8281415074233524,67.93347235199926,3.941014581872395,0,2,0.0787104386627829,21,-0.14514390451041106,10.74111884317524,11.252662706788318,2,7.93200376284133,8.045136541499675,1.04762482112728,-6.782830553795809,0.0011330631587384567
15,0.8281415074233524,67.93347235199926,3.941014581872395,0,2,0.0787104386627829,22,-0.31358317758909293,9.882194121754065,10.606899520918459,2,6.801972384940621,7.93200376284133,1.073334462998361,-6.884604823052816,0.0010234205076477848
15,0.8281415074233524,67.93347235199926,3.941014581872395,0,2,0.0787104386627829,23,0.07324303848148955,9.806034420723543,9.965830528740815,2,5.424771700643655,6.801972384940621,1.0162956911184777,-5.93600398566155,0.0026425683215535985
15,0.8281415074233524,67.93347235199926,3.941014581872395,0,2,0.0787104386627829,24,-0.4155737022818746,9.690711237534613,9.777183919245415,2,6.632477516123688,5.424771700643655,1.0089232544022022,-6.015037644989519,0.002441756442925224
15,0.8281415074233524,67.93347235199926,3.941014581872395,0,2,0.0787104386627829,25,0.05287572716514413,10.617993383781785,11.169588054713056,2,8.463186712604267,6.632477516123688,1.0519490501636395,-6.746188044825052,0.0011753514792678737
15,0.8281415074233524,67.93347235199926,3.941014581872395,0,2,0.0787104386627829,26,0.19634402837852838,10.545055896481271,10.189242553214214,3,5.219072886737672,8.463186712604267,0.9662578039642458,-6.966151277117669,0.0009432763377962613
15,0.8281415074233524,67.93347235199926,3.941014581872395,0,2,0.0787104386627829,27,0.01402300615082264,9.247622998443072,9.59229301608677,2,9.859780285162946,5.219072886737672,1.0372712012267074,-5.546906446868593,0.0038995019198223117
15,0.8281415074233524,67.93347235199926,3.941014581872395,0,2,0.0787104386627829,28,0.0018550148592412774,11.93114344769285,11.440430286425174,2,6.048497693451532,9.859780285162946,0.9588712378307239,-8.581222280881208,0.00018759554277280355
15,0.8281415074233524,67.93347235199926,3.941014581872395,0,2,0.0787104386627829,29,-0.41012187044991083,10.592064603263477,10.49177919033914,2,11.058950973826018,6.048497693451532,0.9905320240500195,-7.224885851675231,0.0007282356612260101
15,0.8281415074233524,67.93347235199926,3.941014581872395,0,2,0.0787104386627829,30,0.11106073711175773,9.065350181269489,9.681215326084919,2,8.196958163076667,11.058950973826018,1.067936167108901,-4.714916465439127,0.008960614556618212
15,0.8281415074233524,67.93347235199926,3.941014581872395,0,2,0.0787104386627829,31,0.07925851344932232,11.289043016229158,10.933975229670104,2,13.092903120206113,8.196958163076667,0.9685475743117811,-7.886317817664853,0.000375850981975536
15,0.8281415074233524,67.93347235199926,3.941014581872395,0,2,0.0787104386627829,32,-0.2343995516749002,9.590644814994974,9.36269348099331,2,9.822115707278721,13.092903120206113,0.9762319074057186,-5.953168869285585,0.002597596020194251
15,0.8281415074233524,67.93347235199926,3.941014581872395,0,2,0.0787104386627829,33,0.3826341494492407,12.279096009780286,11.634438717136957,2,4.892264425689014,9.822115707278721,0.9474996129902511,-8.698458588675358,0.00016684278624462008
15,0.8281415074233524,67.93347235199926,3.941014581872395,0,2,0.0787104386627829,34,-0.2448032401480451,11.813561965043196,10.93711410483791,2,7.919524008365537,4.892264425689014,0.9258100255622538,-8.546419455771453,0.0001942393384821711
15,0.8281415074233524,67.93347235199926,3.941014581872395,0,2,0.0787104386627829,35,-0.33585807234342985,11.025938007585351,11.418444585981767,2,9.478238311052493,7.919524008365537,1.0355984749892835,-7.176994206058759,0.000763960702943267
15,0.8281415074233524,67.93347235199926,3.941014581872395,0,2,0.0787104386627829,36,-0.36221155398213295,12.832452304948758,12.45399878107491,2,12.013125824304407,9.478238311052493,0.9705080903571409,-9.801560995877617,5.536510723859791e-05
15,0.8281415074233524,67.93347235199926,3.941014581872395,0,2,0.0787104386627829,37,0.005194181464211946,9.610394017812958,9.873881702521347,2,4.907057676290949,12.013125824304407,1.0274169492135299,-5.823001853144254,0.0029587101873036785
15,0.8281415074233524,67.93347235199926,3.941014581872395,0,2,0.0787104386627829,38,0.0675742500294194,10.819732288654697,10.657791436398089,2,12.775937875805168,4.907057676290949,0.985032822630333,-7.332882303190972,0.0006536867458142446
15,0.8281415074233524,67.93347235199926,3.941014581872395,0,2,0.0787104386627829,39,0.08819478218692851,10.260858780538541,9.929729391761303,2,10.679712938348652,12.775937875805168,0.9677288815819899,-6.68415107882705,0.00125057594369481
15,0.8281415074233524,67.93347235199926,3.941014581872395,0,2,0.0787104386627829,40,-0.06747199564309786,9.63671716064999,10.250992468676367,2,6.157351678483369,10.679712938348652,1.0637432123186799,-6.428544097657898,0.0016148001151797967
15,0.8281415074233524,67.93347235199926,3.941014581872395,0,2,0.0787104386627829,41,-0.16253500440717236,9.257397248614103,8.804960101118613,2,7.737233459953113,6.157351678483369,0.9511269598414153,-5.2920852112569765,0.005031258077881744
15,0.8281415074233524,67.93347235199926,3.941014581872395,0,2,0.0787104386627829,42,0.16855291640160835,11.671492112085343,11.93906494149554,4,7.286209154161271,7.737233459953113,1.022925331811957,-8.947410057419448,0.00013007360734235758
15,0.8281415074233524,67.93347235199926,3.941014581872395,0,2,0.0787104386627829,43,-0.17951707731235617,10.321669755129395,9.607549597413781,2,6.883632354336274,7.286209154161271,0.930813504533922,-6.439590461976634,0.001597060603742768
15,0.8281415074233524,67.93347235199926,3.941014581872395,0,2,0.0787104386627829,44,-0.2419680411959665,9.615657529994365,9.530560649977014,2,5.2807449156699375,6.883632354336274,0.9911501756638164,-5.996652016596534,0.0024870649054894362
15,0.8281415074233524,67.93347235199926,3.941014581872395,0,2,0.0787104386627829,45,0.2802631334986427,10.054295315904197,10.118189427126046,2,7.084495616173948,5.2807449156699375,1.0063549069541233,-6.194301306384589,0.0020410287553818073
15,0.8281415074233524,67.93347235199926,3.941014581872395,0,2,0.0787104386627829,46,0.035514301628569965,13.69981863164004,14.273728647198379,2,11.432023868924427,7.084495616173948,1.0418917965988892,-10.14127101801032,3.941866913346849e-05
15,0.8281415074233524,67.93347235199926,3.941014581872395,0,2,0.0787104386627829,47,0.09425797907819627,10.629169080321786,10.582795576109888,2,10.235853345882251,11.432023868924427,0.9956371468116213,-6.64081656849502,0.0013059604022008513
15,0.8281415074233524,67.93347235199926,3.941014581872395,0,2,0.0787104386627829,48,0.12516814092890055,9.906780058281004,9.948365182092141,2,8.957976237197046,10.235853345882251,1.0041976427826695,-5.8328411909509335,0.0029297411898876907
15,0.8281415074233524,67.93347235199926,3.941014581872395,0,2,0.0787104386627829,49,-0.11435942179986343,10.395112359460187,11.076705747555526,3,12.49991607775382,8.957976237197046,1.065568640773281,-6.475397183980544,0.001540886800238584
15,0.8281415074233524,67.93347235199926,3.941014581872395,0,2,0.0787104386627829,50,-0.10657251720030408,11.81812491627276,11.605652490569861,2,12.017372510482843,12.49991607775382,0.9820214774164099,-8.200351776184059,0.00027455697037907366
15,0.8281415074233524,67.93347235199926,3.941014581872395,0,2,0.0787104386627829,51,0.12811633661312918,10.525560989982436,11.077173410706171,2,8.04747634842127,12.017372510482843,1.052406937858108,-6.623412090139715,0.001328888912351958
