data_examples/final_simulated_panel.csv
store_id,store_size,area_income,manager_experience,manager_vacant,base_competitors,store_fe,week,week_fe,price,competitor_price,competitor_count,ad_spend,ad_spend_lag,relative_price,log_sales,sales
16,1.0737501568164998,56.512749277515624,5.465352422709408,0,2,0.32821139016696754,0,0.048845901334352015,9.82305857961357,10.583559841295777,2,5.6609181013020535,0.0,1.0774200067645454,-6.297501065446708,0.0018408993208277752
16,1.0737501568164998,56.512749277515624,5.465352422709408,0,2,0.32821139016696754,1,0.13563566401577118,9.951550369598978,10.280366214239544,2,9.990784351578753,5.6609181013020535,1.033041670134642,-5.9699722902204275,0.0025543121974403163
16,1.0737501568164998,56.512749277515624,5.465352422709408,0,2,0.32821139016696754,2,-0.11710587627041394,9.504980867721937,9.678812526439195,2,8.481338295500137,9.990784351578753,1.0182884806541352,-6.06551354672149,0.00232156547600512
16,1.0737501568164998,56.512749277515624,5.465352422709408,0,2,0.32821139016696754,3,-0.18173462462506965,9.780050742722738,9.876163270263538,3,9.357962149109868,8.481338295500137,1.009827405815079,-5.956546675800622,0.002588836645498656
16,1.0737501568164998,56.512749277515624,5.465352422709408,0,2,0.32821139016696754,4,-0.39836764222427296,11.43015829972601,11.86836525131348,2,8.601673836101012,9.357962149109868,1.0383377850154512,-8.646725217590927,0.00017570129055291767
16,1.0737501568164998,56.512749277515624,5.465352422709408,0,2,0.32821139016696754,5,0.1943245963972403,9.835845096007564,9.463095977321304,2,6.99695179016616,8.601673836101012,0.9621029901296879,-6.052008854365591,0.0023531301594920608
16,1.0737501568164998,56.512749277515624,5.465352422709408,0,2,0.32821139016696754,6,0.0033314601152094115,9.980944049120843,9.585108173744208,2,7.4148734441919775,6.99695179016616,0.9603408381583401,-5.654003052815966,0.003503464115016479
16,1.0737501568164998,56.512749277515624,5.465352422709408,0,2,0.32821139016696754,7,0.04114626898936563,7.172993546013302,6.607922007564688,2,8.05550085024305,7.4148734441919775,0.9212223550984963,-3.149563233949794,0.04287084730916401
16,1.0737501568164998,56.512749277515624,5.465352422709408,0,2,0.32821139016696754,8,-0.1567189753011227,10.78128585894307,10.42749095863477,2,5.655326831099325,8.05550085024305,0.9671843502772142,-6.928053467111715,0.0009799064332711674
16,1.0737501568164998,56.512749277515624,5.465352422709408,0,2,0.32821139016696754,9,0.24529960585719213,11.331770336186938,11.111774425553818,3,6.443673602569991,5.655326831099325,0.9805859186952824,-8.162054599853015,0.0002852756649170393
16,1.0737501568164998,56.512749277515624,5.465352422709408,0,2,0.32821139016696754,10,0.18864011553560334,9.417040199067491,10.292113247875166,2,9.114598558076704,6.443673602569991,1.0929244253299808,-5.051178867298129,0.006401782144519648
16,1.0737501568164998,56.512749277515624,5.465352422709408,0,2,0.32821139016696754,11,-0.024364776297538047,10.585262692527994,10.851768060401497,3,7.53521756241885,9.114598558076704,1.0251770197504522,-7.12682176176316,0.0008032683128670334
16,1.0737501568164998,56.512749277515624,5.465352422709408,0,2,0.32821139016696754,12,-0.11117269158045646,9.031316596709386,9.26434964961205,2,8.790699092329586,7.53521756241885,1.0258027775249925,-4.789752330828048,0.008314516376323983
16,1.0737501568164998,56.512749277515624,5.465352422709408,0,2,0.32821139016696754,13,-0.07133827681171602,10.447083715557474,10.130229530233407,2,9.812864457393548,8.790699092329586,0.9696705612828376,-7.182610612127611,0.0007596820160835564
16,1.0737501568164998,56.512749277515624,5.465352422709408,0,2,0.32821139016696754,14,-0.15972510848492985,10.496528434298131,11.006205672976892,2,8.005357090026111,9.812864457393548,1.0485567434860992,-7.396983168443424,0.0006130995921367142
16,1.0737501568164998,56.512749277515624,5.465352422709408,0,2,0.32821139016696754,15,0.005312829848108214,7.909405173399303,8.182159716133608,2,9.851700056343969,8.005357090026111,1.0344848363125492,-3.48068055465427,0.03078645203846622
16,1.0737501568164998,56.512749277515624,5.465352422709408,0,2,0.32821139016696754,16,-0.12323354394010944,11.24542003930634,11.319751145555246,2,7.246999986306103,9.851700056343969,1.006609900385143,-8.25391325810174,0.000260238182931925
16,1.0737501568164998,56.512749277515624,5.465352422709408,0,2,0.32821139016696754,17,0.11710850410840844,11.483141504119212,11.264566282202964,2,11.145000304856547,7.246999986306103,0.9809655553022801,-7.712800937086377,0.00044706751383820776
16,1.0737501568164998,56.512749277515624,5.465352422709408,0,2,0.32821139016696754,18,-0.07189371493174873,10.028882197895856,9.520646039015107,2,5.795120069476523,11.145000304856547,0.94932275114495,-6.254865563675844,0.0019210842021950179
16,1.0737501568164998,56.512749277515624,5.465352422709408,0,2,0.32821139016696754,19,-0.07079141278787165,9.08853053116424,9.220323126828442,2,11.836746553534594,5.795120069476523,1.0145009795821547,-4.991425501988705,0.006795969915423329
16,1.0737501568164998,56.512749277515624,5.465352422709408,0,2,0.32821139016696754,20,0.3074506008403983,10.185541111583031,10.164683214645043,2,10.181799651815293,11.836746553534594,0.9979522053163903,-5.982743705761863,0.002521897446663916
16,1.0737501568164998,56.512749277515624,5.465352422709408,0,2,0.32821139016696754,21,-0.14514390451041106,10.055356391252882,9.599555430127001,2,9.901477445194061,10.181799651815293,0.9546708298154026,-5.939347782446599,0.002633746866890958
16,1.0737501568164998,56.512749277515624,5.465352422709408,0,2,0.32821139016696754,22,-0.31358317758909293,11.147938836714653,11.160263188921737,2,8.293333783654512,9.901477445194061,1.0011055274331515,-8.043589382835933,0.0003211541336845942
16,1.0737501568164998,56.512749277515624,5.465352422709408,0,2,0.32821139016696754,23,0.07324303848148955,10.169063202885823,10.092188478747497,2,9.437145654719659,8.293333783654512,0.9924403337254792,-6.545204524642522,0.0014369901526215393
16,1.0737501568164998,56.512749277515624,5.465352422709408,0,2,0.32821139016696754,24,-0.4155737022818746,10.107086469151279,10.572162922108093,3,11.957287164794353,9.437145654719659,1.046014888106114,-6.560027882054104,0.0014158462330951774
16,1.0737501568164998,56.512749277515624,5.465352422709408,0,2,0.32821139016696754,25,0.05287572716514413,11.251985352963146,10.820183572580888,2,5.10176698370484,11.957287164794353,0.9616243918884461,-7.937953891155099,0.0003569360616818702
16,1.0737501568164998,56.512749277515624,5.465352422709408,0,2,0.32821139016696754,26,0.19634402837852838,10.920655606654671,10.651498433136029,2,10.322635193519385,5.10176698370484,0.9753533869015494,-6.417274451298017,0.0016331012715053066
16,1.0737501568164998,56.512749277515624,5.465352422709408,0,2,0.32821139016696754,27,0.01402300615082264,10.370460035301495,10.031356339354126,2,8.419826331029478,10.322635193519385,0.9673009977577615,-6.981786472894078,0.0009286427253900693
16,1.0737501568164998,56.512749277515624,5.465352422709408,0,2,0.32821139016696754,28,0.0018550148592412774,9.599269774622243,9.829209159690608,2,7.0975446313682635,8.419826331029478,1.0239538413303333,-5.87061053757304,0.002821150389795597
16,1.0737501568164998,56.512749277515624,5.465352422709408,0,2,0.32821139016696754,29,-0.41012187044991083,9.541028933350509,9.787173306986542,2,7.270462915433251,7.0975446313682635,1.0257985145371102,-5.467778064136922,0.004220599648884671
16,1.0737501568164998,56.512749277515624,5.465352422709408,0,2,0.32821139016696754,30,0.11106073711175773,9.633722824657127,8.992206204168712,2,9.481060187836508,7.270462915433251,0.933409271559435,-5.8290536270117554,0.002940858813033109
16,1.0737501568164998,56.512749277515624,5.465352422709408,0,2,0.32821139016696754,31,0.07925851344932232,9.516546037791713,9.43081304902065,2,11.0966080547696,9.481060187836508,0.990991165446938,-5.301694183092564,0.004983144392441484
16,1.0737501568164998,56.512749277515624,5.465352422709408,0,2,0.32821139016696754,32,-0.2343995516749002,9.958909314903751,9.77929474062729,2,7.918690020769966,11.0966080547696,0.9819644331927329,-6.295053034975313,0.0018454114190835811
16,1.0737501568164998,56.512749277515624,5.465352422709408,0,2,0.32821139016696754,33,0.3826341494492407,11.527146151583201,11.688408946542575,2,5.867561666071324,7.918690020769966,1.0139898282574673,-8.023273403122532,0.0003277454220848442
16,1.0737501568164998,56.512749277515624,5.465352422709408,0,2,0.32821139016696754,34,-0.2448032401480451,10.01570775156326,9.498390821935436,2,4.936971637797237,5.867561666071324,0.948349438456101,-6.62571773284572,0.0013258284987899666
16,1.0737501568164998,56.512749277515624,5.465352422709408,0,2,0.32821139016696754,35,-0.33585807234342985,10.117422604537918,10.32306954736993,2,11.255099185564546,4.936971637797237,1.0203260208523635,-6.991586485944525,0.0009195864627882522
16,1.0737501568164998,56.512749277515624,5.465352422709408,0,2,0.32821139016696754,36,-0.36221155398213295,8.323254463464634,8.520533478912231,2,8.209517097519013,11.255099185564546,1.023702148758465,-4.533894088922906,0.010738776794171524
16,1.0737501568164998,56.512749277515624,5.465352422709408,0,2,0.32821139016696754,37,0.005194181464211946,11.43227788997672,11.021741554534554,2,10.496990702681455,8.209517097519013,0.9640897169056654,-7.446721267176741,0.0005833511325854304
16,1.0737501568164998,56.512749277515624,5.465352422709408,0,2,0.32821139016696754,38,0.0675742500294194,10.028081860230765,10.882219560476102,2,4.988424788360802,10.496990702681455,1.0851745839483686,-5.9769937377385745,0.002536440046013442
16,1.0737501568164998,56.512749277515624,5.465352422709408,0,2,0.32821139016696754,39,0.08819478218692851,11.052082755135688,10.647290673264248,3,9.678503820748832,4.988424788360802,0.9633741358221969,-7.691610696406104,0.0004566420673371147
16,1.0737501568164998,56.512749277515624,5.465352422709408,0,2,0.32821139016696754,40,-0.06747199564309786,10.925978592965501,10.889849944073193,3,7.957681358302116,9.678503820748832,0.9966933260407842,-7.232003109549251,0.0007230710210712845
16,1.0737501568164998,56.512749277515624,5.465352422709408,0,2,0.32821139016696754,41,-0.16253500440717236,9.780182220442512,10.134917470674159,2,7.451329053044054,7.957681358302116,1.0362708221826562,-5.9024427827488,0.0027327611169631017
16,1.0737501568164998,56.512749277515624,5.465352422709408,0,2,0.32821139016696754,42,0.16855291640160835,10.939403007908217,11.17462330564362,2,7.670628098432908,7.451329053044054,1.0215021146551928,-7.087993478753759,0.0008350712739320427
16,1.0737501568164998,56.512749277515624,5.465352422709408,0,2,0.32821139016696754,43,-0.17951707731235617,8.965153284795973,8.384267867739318,3,10.940545860090573,7.670628098432908,0.935206303941085,-4.807212510964682,0.008170603451504024
16,1.0737501568164998,56.512749277515624,5.465352422709408,0,2,0.32821139016696754,44,-0.2419680411959665,9.76934342331174,9.828291876982002,2,3.86159893783803,10.940545860090573,1.0060340241013124,-6.631872947371221,0.0013176928041150895
16,1.0737501568164998,56.512749277515624,5.465352422709408,0,2,0.32821139016696754,45,0.2802631334986427,11.981817907409805,11.40169011472559,3,5.966276637629621,3.86159893783803,0.9515826565578623,-8.723433949833025,0.0001627274325409627
16,1.0737501568164998,56.512749277515624,5.465352422709408,0,2,0.32821139016696754,46,0.035514301628569965,9.548357697340109,9.439769268152133,2,10.74052097086764,5.966276637629621,0.9886275281435859,-5.573928740244168,0.003795539413675933
16,1.0737501568164998,56.512749277515624,5.465352422709408,0,2,0.32821139016696754,47,0.09425797907819627,10.930487271917528,10.20736501277224,2,5.489807071481918,10.74052097086764,0.9338435477617613,-7.7583140394941426,0.00042717617607240197
16,1.0737501568164998,56.512749277515624,5.465352422709408,0,2,0.32821139016696754,48,0.12516814092890055,10.527869106638024,11.4733935928179,2,7.5151289660840765,5.489807071481918,1.0898115731305686,-7.005037441565394,0.0009072999639105982
16,1.0737501568164998,56.512749277515624,5.465352422709408,0,2,0.32821139016696754,49,-0.11435942179986343,9.721570551528071,10.550199949227677,3,6.131097273155785,7.5151289660840765,1.0852361656285423,-7.032087748095307,0.0008830861931875594
16,1.0737501568164998,56.512749277515624,5.465352422709408,0,2,0.32821139016696754,50,-0.10657251720030408,12.016215957971829,12.204204263966702,2,10.666426127070888,6.131097273155785,1.0156445512174868,-9.094994586465157,0.00011222614322294547
16,1.0737501568164998,56.512749277515624,5.465352422709408,0,2,0.32821139016696754,51,0.12811633661312918,10.409008252673749,9.859147465791995,3,10.868216925474979,10.666426127070888,0.9471745267623828,-6.379623995424672,0.0016957604504534718
