data_examples/final_simulated_panel.csv
store_id,store_size,area_income,manager_experience,manager_vacant,base_competitors,store_fe,week,week_fe,price,competitor_price,competitor_count,ad_spend,ad_spend_lag,relative_price,log_sales,sales
17,0.8082234798342002,55.376482073354325,5.043704291046886,1,1,-0.15749646888982885,0,0.048845901334352015,10.779518178486626,10.440729926153004,1,10.869922416547656,0.0,0.9685711135948764,-7.037488371641352,0.000878329832317319
17,0.8082234798342002,55.376482073354325,5.043704291046886,1,1,-0.15749646888982885,1,0.13563566401577118,12.102459325525672,13.479339682121589,1,10.921996308254215,10.869922416547656,1.1137686415265942,-9.101232464117132,0.00011152826916159352
17,0.8082234798342002,55.376482073354325,5.043704291046886,1,1,-0.15749646888982885,2,-0.11710587627041394,8.526098364477134,8.36444222445933,1,6.241586572285242,10.921996308254215,0.9810398457644679,-5.156349862486516,0.0057626959754284385
17,0.8082234798342002,55.376482073354325,5.043704291046886,1,1,-0.15749646888982885,3,-0.18173462462506965,9.952016341776266,9.670693993631607,1,8.393122468943712,6.241586572285242,0.9717321255830607,-7.124945215935016,0.0008047770978777769
17,0.8082234798342002,55.376482073354325,5.043704291046886,1,1,-0.15749646888982885,4,-0.39836764222427296,10.969263676864779,11.604228190012666,2,8.296702042446391,8.393122468943712,1.0578857917771716,-8.45876182055765,0.00021203444489766818
17,0.8082234798342002,55.376482073354325,5.043704291046886,1,1,-0.15749646888982885,5,0.1943245963972403,9.958038079980366,9.11188762583585,1,9.611381181649012,8.296702042446391,0.9150283974264353,-6.097477263551941,0.0022485330266637836
17,0.8082234798342002,55.376482073354325,5.043704291046886,1,1,-0.15749646888982885,6,0.0033314601152094115,11.245246889977738,10.191073811466438,1,10.54023605142385,9.611381181649012,0.9062561196899265,-7.80106583556747,0.0004092985015138774
17,0.8082234798342002,55.376482073354325,5.043704291046886,1,1,-0.15749646888982885,7,0.04114626898936563,10.711408489653952,11.043373491878329,2,8.788483990214534,10.54023605142385,1.0309917227547638,-7.386452364672435,0.0006195901389890288
17,0.8082234798342002,55.376482073354325,5.043704291046886,1,1,-0.15749646888982885,8,-0.1567189753011227,10.312366384695883,9.530308816243778,1,5.507120100150274,8.788483990214534,0.9241631319836812,-7.993492343110188,0.0003376528223718377
17,0.8082234798342002,55.376482073354325,5.043704291046886,1,1,-0.15749646888982885,9,0.24529960585719213,10.571895041103145,10.791204963643976,2,6.6723520707541475,5.507120100150274,1.0207446178464845,-7.296802515876456,0.0006777022567079928
17,0.8082234798342002,55.376482073354325,5.043704291046886,1,1,-0.15749646888982885,10,0.18864011553560334,9.295970836778661,9.838192803870113,1,8.264603690702515,6.6723520707541475,1.0583287078468664,-5.9568041010420805,0.002588170299370928
17,0.8082234798342002,55.376482073354325,5.043704291046886,1,1,-0.15749646888982885,11,-0.024364776297538047,8.540233951649938,8.398058183574157,1,6.483632138924668,8.264603690702515,0.9833522396598616,-4.85946478784329,0.007754633154604692
17,0.8082234798342002,55.376482073354325,5.043704291046886,1,1,-0.15749646888982885,12,-0.11117269158045646,8.276326150734393,9.07781614749899,1,6.327386459503167,6.483632138924668,1.096841277417937,-5.228616099340343,0.0053609391787084815
17,0.8082234798342002,55.376482073354325,5.043704291046886,1,1,-0.15749646888982885,13,-0.07133827681171602,10.399607697345367,10.05287798881986,1,6.187976996502866,6.327386459503167,0.9666593472930701,-7.145394982020555,0.0007884867292944599
17,0.8082234798342002,55.376482073354325,5.043704291046886,1,1,-0.15749646888982885,14,-0.15972510848492985,9.117729644392123,8.438515315800615,1,3.9981674287179993,6.187976996502866,0.9255061999991128,-5.903483830056799,0.0027299176637003712
17,0.8082234798342002,55.376482073354325,5.043704291046886,1,1,-0.15749646888982885,15,0.005312829848108214,11.49950354842353,11.418379330091835,1,6.494790321763194,3.9981674287179993,0.9929454156007617,-8.772848721285886,0.00015488173670242774
17,0.8082234798342002,55.376482073354325,5.043704291046886,1,1,-0.15749646888982885,16,-0.12323354394010944,8.926542325466924,8.948450288450646,2,8.429531734105176,6.494790321763194,1.0024542496058322,-5.248471697511636,0.005255544326068418
17,0.8082234798342002,55.376482073354325,5.043704291046886,1,1,-0.15749646888982885,17,0.11710850410840844,8.390684490515389,7.915742422710372,1,9.979956084934557,8.429531734105176,0.9433965049762175,-4.431972239423649,0.011891014603382292
17,0.8082234798342002,55.376482073354325,5.043704291046886,1,1,-0.15749646888982885,18,-0.07189371493174873,8.12741452911661,8.701794472118777,1,8.861595772466007,9.979956084934557,1.07067191429014,-4.408492093748481,0.012173521025363909
17,0.8082234798342002,55.376482073354325,5.043704291046886,1,1,-0.15749646888982885,19,-0.07079141278787165,11.58626318892141,10.885029000729617,1,10.442725048599348,8.861595772466007,0.9394771051927854,-8.744459873471973,0.00015934165723067455
17,0.8082234798342002,55.376482073354325,5.043704291046886,1,1,-0.15749646888982885,20,0.3074506008403983,10.232617261847096,10.380858335034223,1,8.48318251855751,10.442725048599348,1.0144871120842027,-6.657693015867265,0.001284105366598699
17,0.8082234798342002,55.376482073354325,5.043704291046886,1,1,-0.15749646888982885,21,-0.14514390451041106,10.752240675107634,11.65546856760794,1,11.515173432497953,8.48318251855751,1.0840036900021552,-7.8621451196326735,0.00038504701292704514
17,0.8082234798342002,55.376482073354325,5.043704291046886,1,1,-0.15749646888982885,22,-0.31358317758909293,8.952837420998954,9.514867385358542,1,5.81694427711377,11.515173432497953,1.0627767419345002,-5.302194142358248,0.004980653645918025
17,0.8082234798342002,55.376482073354325,5.043704291046886,1,1,-0.15749646888982885,23,0.07324303848148955,11.764989789795465,12.456543401097894,2,7.388474980872862,5.81694427711377,1.058780638458544,-9.14931105630847,0.00010629300742353125
17,0.8082234798342002,55.376482073354325,5.043704291046886,1,1,-0.15749646888982885,24,-0.4155737022818746,8.703617045123398,9.368194298368763,1,10.659317832807957,7.388474980872862,1.0763564446597207,-5.895616183402915,0.0027514804040561247
17,0.8082234798342002,55.376482073354325,5.043704291046886,1,1,-0.15749646888982885,25,0.05287572716514413,10.182909663007287,10.44780325023578,1,4.340980732349026,10.659317832807957,1.0260135458326616,-7.395007119197847,0.000614312304918695
17,0.8082234798342002,55.376482073354325,5.043704291046886,1,1,-0.15749646888982885,26,0.19634402837852838,9.77923306405889,10.257252783434167,1,7.48852884954401,4.340980732349026,1.048881105117754,-6.180181823815729,0.002070051435769533
17,0.8082234798342002,55.376482073354325,5.043704291046886,1,1,-0.15749646888982885,27,0.01402300615082264,11.290218346843334,11.349766340214135,1,7.278461737210735,7.48852884954401,1.0052742995344683,-7.809621138437873,0.000405811765178804
17,0.8082234798342002,55.376482073354325,5.043704291046886,1,1,-0.15749646888982885,28,0.0018550148592412774,9.098959278011028,7.6184389826850305,1,6.437387594604999,7.278461737210735,0.837286853354329,-5.362228460751704,0.004690441986596975
17,0.8082234798342002,55.376482073354325,5.043704291046886,1,1,-0.15749646888982885,29,-0.41012187044991083,9.839115210311055,9.92997865856554,1,4.954126008275507,6.437387594604999,1.0092349206521398,-6.619120981455433,0.001334603571446875
17,0.8082234798342002,55.376482073354325,5.043704291046886,1,1,-0.15749646888982885,30,0.11106073711175773,9.951629411182376,8.68471479307413,1,9.872312259743618,4.954126008275507,0.8726927455030984,-6.3764703959552325,0.0017011166409109844
17,0.8082234798342002,55.376482073354325,5.043704291046886,1,1,-0.15749646888982885,31,0.07925851344932232,10.208044553734707,9.38294645958689,2,5.731185493471372,9.872312259743618,0.9191717777283851,-7.230180665541383,0.000724389979019349
17,0.8082234798342002,55.376482073354325,5.043704291046886,1,1,-0.15749646888982885,32,-0.2343995516749002,10.301162273992094,10.252699264279409,1,10.545867745484948,5.731185493471372,0.995295384304833,-6.890510628019091,0.001017394198350544
17,0.8082234798342002,55.376482073354325,5.043704291046886,1,1,-0.15749646888982885,33,0.3826341494492407,11.035263375956857,11.554261413661497,1,6.134540497661575,10.545867745484948,1.0470308700411637,-7.643711953002465,0.0004790469479174658
17,0.8082234798342002,55.376482073354325,5.043704291046886,1,1,-0.15749646888982885,34,-0.2448032401480451,11.267934660767956,10.561714570831315,1,5.83040617733844,6.134540497661575,0.9373247972056922,-8.751475538375232,0.0001582276817668076
17,0.8082234798342002,55.376482073354325,5.043704291046886,1,1,-0.15749646888982885,35,-0.33585807234342985,9.998853430774032,8.82578733836926,3,12.035536292496651,5.83040617733844,0.8826799392023928,-6.941164380373452,0.0009671428191726498
17,0.8082234798342002,55.376482073354325,5.043704291046886,1,1,-0.15749646888982885,36,-0.36221155398213295,10.193353160892928,9.570612791255975,2,10.354731941941374,12.035536292496651,0.9389072114143839,-7.333804669812803,0.0006530840849586272
17,0.8082234798342002,55.376482073354325,5.043704291046886,1,1,-0.15749646888982885,37,0.005194181464211946,10.522090901501132,9.679780609704393,2,15.094398322267656,10.354731941941374,0.9199483924172741,-7.54753920808025,0.0005274063689023105
17,0.8082234798342002,55.376482073354325,5.043704291046886,1,1,-0.15749646888982885,38,0.0675742500294194,10.758538551742225,10.822677879800775,1,10.94876117811171,15.094398322267656,1.0059617138285166,-7.2503181410881945,0.0007099484891255711
17,0.8082234798342002,55.376482073354325,5.043704291046886,1,1,-0.15749646888982885,39,0.08819478218692851,10.2705770105205,9.45548054839674,1,8.311099330800829,10.94876117811171,0.9206377147760219,-7.110639743434531,0.0008163725560274718
17,0.8082234798342002,55.376482073354325,5.043704291046886,1,1,-0.15749646888982885,40,-0.06747199564309786,10.930823173577682,11.051141584896696,1,9.5072802604981,8.311099330800829,1.011007259874979,-7.490825109457462,0.0005581822090007666
17,0.8082234798342002,55.376482073354325,5.043704291046886,1,1,-0.15749646888982885,41,-0.16253500440717236,10.69914706129938,11.284940052503385,1,6.015733119185912,9.5072802604981,1.0547513729690583,-8.17569908858926,0.00028140965913486815
17,0.8082234798342002,55.376482073354325,5.043704291046886,1,1,-0.15749646888982885,42,0.16855291640160835,11.226503983945546,11.380325962687076,1,9.696126069696108,6.015733119185912,1.0137016812145172,-8.037944636593268,0.0003229720934075248
17,0.8082234798342002,55.376482073354325,5.043704291046886,1,1,-0.15749646888982885,43,-0.17951707731235617,9.79408201934803,9.789835811060698,2,9.306208549275606,9.696126069696108,0.9995664516307966,-6.356575541109186,0.0017352990087251333
17,0.8082234798342002,55.376482073354325,5.043704291046886,1,1,-0.15749646888982885,44,-0.2419680411959665,10.647485055814421,11.31978318529683,1,9.91566551761627,9.306208549275606,1.063141495475993,-8.057396878544628,0.0003167502724742947
17,0.8082234798342002,55.376482073354325,5.043704291046886,1,1,-0.15749646888982885,45,0.2802631334986427,9.86926641885723,10.083096664714231,1,11.324021261765386,9.91566551761627,1.0216662755651662,-6.224600793307174,0.001980114132406987
17,0.8082234798342002,55.376482073354325,5.043704291046886,1,1,-0.15749646888982885,46,0.035514301628569965,8.662010486574871,8.952750428001245,2,11.132919478277099,11.324021261765386,1.0335649491393468,-4.943166454351598,0.007131979492888112
17,0.8082234798342002,55.376482073354325,5.043704291046886,1,1,-0.15749646888982885,47,0.09425797907819627,9.755113280422211,9.988008795635272,1,4.8198888011905066,11.132919478277099,1.0238741989475884,-5.553731429912863,0.003872978499242162
17,0.8082234798342002,55.376482073354325,5.043704291046886,1,1,-0.15749646888982885,48,0.12516814092890055,10.632676627607138,9.260480392797781,1,7.459683552983588,4.8198888011905066,0.8709453618436465,-7.146010934427356,0.0007880012085400092
17,0.8082234798342002,55.376482073354325,5.043704291046886,1,1,-0.15749646888982885,49,-0.11435942179986343,9.970292280247891,9.585085107525611,1,10.096222220669164,7.459683552983588,0.9613645054834137,-6.4212788727121355,0.001626574722050776
17,0.8082234798342002,55.376482073354325,5.043704291046886,1,1,-0.15749646888982885,50,-0.10657251720030408,9.496425427858533,10.284525922256899,1,9.370364367239,10.096222220669164,1.0829891731773524,-5.800617815721826,0.00302568485213963
17,0.8082234798342002,55.376482073354325,5.043704291046886,1,1,-0.15749646888982885,51,0.12811633661312918,11.181097127676301,10.688583647011951,1,5.404826445259449,9.370364367239,0.955951238501878,-7.994475307447366,0.00033732108475893107
