data_examples/final_simulated_panel.csv
store_id,store_size,area_income,manager_experience,manager_vacant,base_competitors,store_fe,week,week_fe,price,competitor_price,competitor_count,ad_spend,ad_spend_lag,relative_price,log_sales,sales
18,1.1756900602614544,68.57975881257154,8.20355778264183,0,1,0.20846690229284506,0,0.048845901334352015,11.356069740358063,11.714161391449538,1,9.485763560087744,0.0,1.0315330619905285,-8.006654157444354,0.00033323781708960844
18,1.1756900602614544,68.57975881257154,8.20355778264183,0,1,0.20846690229284506,1,0.13563566401577118,10.815374628632886,10.48856257622628,1,6.230325398210552,9.485763560087744,0.969782641505418,-7.38510540913464,0.0006204252616681988
18,1.1756900602614544,68.57975881257154,8.20355778264183,0,1,0.20846690229284506,2,-0.11710587627041394,10.841046024835116,10.865719344557464,1,7.54701332190634,6.230325398210552,1.0022759168871551,-7.192602249511183,0.0007521293434686621
18,1.1756900602614544,68.57975881257154,8.20355778264183,0,1,0.20846690229284506,3,-0.18173462462506965,8.828061325720059,7.986405720041191,1,9.29758763542646,7.54701332190634,0.9046613322421365,-4.418007030418748,0.012058240059036484
18,1.1756900602614544,68.57975881257154,8.20355778264183,0,1,0.20846690229284506,4,-0.39836764222427296,10.71297303075322,10.16097131800667,2,9.67589823265841,9.29758763542646,0.9484735272681126,-6.926882807181443,0.0009810542421838809
18,1.1756900602614544,68.57975881257154,8.20355778264183,0,1,0.20846690229284506,5,0.1943245963972403,11.831633809386831,11.81963862019424,1,8.089410507405283,9.67589823265841,0.998986176432956,-7.967376534264893,0.0003465870534902365
18,1.1756900602614544,68.57975881257154,8.20355778264183,0,1,0.20846690229284506,6,0.0033314601152094115,11.510302248889145,11.603894314783913,1,11.119331520743646,8.089410507405283,1.0081311562347375,-7.458191736772367,0.0005766980510863237
18,1.1756900602614544,68.57975881257154,8.20355778264183,0,1,0.20846690229284506,7,0.04114626898936563,10.29484849118289,9.609309090190298,1,8.455766322304664,11.119331520743646,0.9334094715837996,-6.002082820778656,0.0024735947529867302
18,1.1756900602614544,68.57975881257154,8.20355778264183,0,1,0.20846690229284506,8,-0.1567189753011227,11.3921803960804,10.498381218292181,1,7.591399229660052,8.455766322304664,0.9215427471552557,-7.597445683462404,0.0005017313788102039
18,1.1756900602614544,68.57975881257154,8.20355778264183,0,1,0.20846690229284506,9,0.24529960585719213,9.981946634116094,10.325248948628891,1,8.254512668404418,7.591399229660052,1.0343923211670423,-5.875947629081119,0.0028061337602154524
18,1.1756900602614544,68.57975881257154,8.20355778264183,0,1,0.20846690229284506,10,0.18864011553560334,9.89948330432874,10.224490039990702,1,7.670954800608341,8.254512668404418,1.0328306766798472,-5.746447187320142,0.0031941087315808443
18,1.1756900602614544,68.57975881257154,8.20355778264183,0,1,0.20846690229284506,11,-0.024364776297538047,10.716330118001332,11.082807777533137,1,10.073636439375433,7.670954800608341,1.0341980561905417,-6.27445907620107,0.001883809775769025
18,1.1756900602614544,68.57975881257154,8.20355778264183,0,1,0.20846690229284506,12,-0.11117269158045646,10.691875387723892,11.45977137372878,1,9.80558219437303,10.073636439375433,1.0718205140032369,-6.856335151643258,0.0010527650957841766
18,1.1756900602614544,68.57975881257154,8.20355778264183,0,1,0.20846690229284506,13,-0.07133827681171602,9.65088588234374,10.210668750510061,1,7.4834234640079424,9.80558219437303,1.058003262601047,-5.665729693561076,0.003462620198991356
18,1.1756900602614544,68.57975881257154,8.20355778264183,0,1,0.20846690229284506,14,-0.15972510848492985,10.087610837446329,10.457679156462197,2,6.857123436520784,7.4834234640079424,1.0366854277964543,-6.87297450302675,0.0010353927009420787
18,1.1756900602614544,68.57975881257154,8.20355778264183,0,1,0.20846690229284506,15,0.005312829848108214,11.365411311605886,11.766574798155006,1,10.848650039336182,6.857123436520784,1.0352968736062784,-7.364546003404269,0.0006333128631107564
18,1.1756900602614544,68.57975881257154,8.20355778264183,0,1,0.20846690229284506,16,-0.12323354394010944,9.808417947241669,9.816840352199362,1,7.737982178655419,10.848650039336182,1.0008586914834785,-5.592278979387031,0.0037265255052053815
18,1.1756900602614544,68.57975881257154,8.20355778264183,0,1,0.20846690229284506,17,0.11710850410840844,10.468198609101922,10.50063226618217,1,7.203131617170111,7.737982178655419,1.0030983035660068,-6.837031451123132,0.0010732847735804927
18,1.1756900602614544,68.57975881257154,8.20355778264183,0,1,0.20846690229284506,18,-0.07189371493174873,10.647049692113224,10.960916333980293,1,8.304987532298835,7.203131617170111,1.0294792126404335,-7.101011907228671,0.0008242704159228544
18,1.1756900602614544,68.57975881257154,8.20355778264183,0,1,0.20846690229284506,19,-0.07079141278787165,11.311496837746228,11.792951989280345,1,10.811352493562964,8.304987532298835,1.0425633458100356,-7.7640054969823336,0.0004247518266115273
18,1.1756900602614544,68.57975881257154,8.20355778264183,0,1,0.20846690229284506,20,0.3074506008403983,10.267555260334532,11.225920916816108,1,8.476315425332992,10.811352493562964,1.0933392255685168,-5.8263545953749425,0.0029488070053951426
18,1.1756900602614544,68.57975881257154,8.20355778264183,0,1,0.20846690229284506,21,-0.14514390451041106,10.64413329262964,10.862320233485578,1,10.338780653892236,8.476315425332992,1.0204983285024267,-6.323756867160489,0.0017931940439364403
18,1.1756900602614544,68.57975881257154,8.20355778264183,0,1,0.20846690229284506,22,-0.31358317758909293,11.564113922661301,11.870617388183602,1,9.278152652330967,10.338780653892236,1.026504708235507,-8.308662803534183,0.00024637327266038703
18,1.1756900602614544,68.57975881257154,8.20355778264183,0,1,0.20846690229284506,23,0.07324303848148955,9.89954155742564,10.52551007957806,1,8.989572932300883,9.278152652330967,1.0632320717602204,-5.003642213101823,0.006713450597882896
18,1.1756900602614544,68.57975881257154,8.20355778264183,0,1,0.20846690229284506,24,-0.4155737022818746,9.740555877838808,9.896894479289548,1,11.974681210073609,8.989572932300883,1.0160502750984093,-5.509073881699009,0.0040498562930166085
18,1.1756900602614544,68.57975881257154,8.20355778264183,0,1,0.20846690229284506,25,0.05287572716514413,8.988962432934882,8.664977078451004,1,7.197005578041218,11.974681210073609,0.9639574247972359,-4.489604087172047,0.011225087085928202
18,1.1756900602614544,68.57975881257154,8.20355778264183,0,1,0.20846690229284506,26,0.19634402837852838,11.141396760221394,11.079597417551616,1,8.998750712566105,7.197005578041218,0.9944531781786623,-6.6668494916841645,0.001272401153310398
18,1.1756900602614544,68.57975881257154,8.20355778264183,0,1,0.20846690229284506,27,0.01402300615082264,9.939976098932636,9.946448887619978,2,8.274014240432262,8.998750712566105,1.0006511875504447,-6.3776341545172315,0.0016991381033484795
18,1.1756900602614544,68.57975881257154,8.20355778264183,0,1,0.20846690229284506,28,0.0018550148592412774,9.871556781405031,9.6296278382186,1,8.362123925129945,8.274014240432262,0.9754923211663887,-5.939763561915662,0.0026326520366367393
18,1.1756900602614544,68.57975881257154,8.20355778264183,0,1,0.20846690229284506,29,-0.41012187044991083,8.635353657361255,8.17744238444568,1,9.541550561805886,8.362123925129945,0.9469724934166157,-4.856209911789402,0.007779914646107153
18,1.1756900602614544,68.57975881257154,8.20355778264183,0,1,0.20846690229284506,30,0.11106073711175773,9.994181814974834,10.52702059986375,1,6.240632254580258,9.541550561805886,1.0533148980830562,-6.251010735263224,0.001928503943888296
18,1.1756900602614544,68.57975881257154,8.20355778264183,0,1,0.20846690229284506,31,0.07925851344932232,9.481668779082,10.251045997675957,1,9.657438973838474,6.240632254580258,1.081143650608353,-5.371095209561013,0.0046490368514332855
18,1.1756900602614544,68.57975881257154,8.20355778264183,0,1,0.20846690229284506,32,-0.2343995516749002,10.140353297099743,9.695700926999423,1,11.254569816696074,9.657438973838474,0.9561502092607074,-6.457970188767979,0.0015679751760688608
18,1.1756900602614544,68.57975881257154,8.20355778264183,0,1,0.20846690229284506,33,0.3826341494492407,10.117865266729147,11.162610492603093,1,9.897913060115439,11.254569816696074,1.1032574755970916,-5.44430233284501,0.0043208534738628825
18,1.1756900602614544,68.57975881257154,8.20355778264183,0,1,0.20846690229284506,34,-0.2448032401480451,10.498893927685804,9.734548775086006,2,7.418083761836957,9.897913060115439,0.9271975545362732,-6.295470716547878,0.0018446407856909158
18,1.1756900602614544,68.57975881257154,8.20355778264183,0,1,0.20846690229284506,35,-0.33585807234342985,12.102295865721388,12.363778661800243,1,6.671514574894043,7.418083761836957,1.0216060488836238,-9.164125031057631,0.0001047299913201443
18,1.1756900602614544,68.57975881257154,8.20355778264183,0,1,0.20846690229284506,36,-0.36221155398213295,9.40027560063023,9.660298651360415,2,11.305375802272566,6.671514574894043,1.0276612156682674,-4.789661013437945,0.00831527567092731
18,1.1756900602614544,68.57975881257154,8.20355778264183,0,1,0.20846690229284506,37,0.005194181464211946,10.419478146279335,10.023946302126777,1,10.482604579356108,11.305375802272566,0.9620391886618815,-6.4286571105354025,0.0016146176322838388
18,1.1756900602614544,68.57975881257154,8.20355778264183,0,1,0.20846690229284506,38,0.0675742500294194,9.949879161724125,10.558784735748072,1,8.118289674949033,10.482604579356108,1.0611972833163972,-5.853534959772027,0.0028697368027578935
18,1.1756900602614544,68.57975881257154,8.20355778264183,0,1,0.20846690229284506,39,0.08819478218692851,10.229562573617406,10.219635869475567,1,8.314812160804893,8.118289674949033,0.9990296061957292,-6.367074384518593,0.0017171756796322318
18,1.1756900602614544,68.57975881257154,8.20355778264183,0,1,0.20846690229284506,40,-0.06747199564309786,10.70208650193592,10.74201414269756,1,9.094346671050255,8.314812160804893,1.0037308276992918,-6.572476287808241,0.001398330452661733
18,1.1756900602614544,68.57975881257154,8.20355778264183,0,1,0.20846690229284506,41,-0.16253500440717236,11.431567524030246,10.902255376132661,1,8.901094889293926,9.094346671050255,0.9536973256917811,-7.521123714587269,0.0005415237057297007
18,1.1756900602614544,68.57975881257154,8.20355778264183,0,1,0.20846690229284506,42,0.16855291640160835,10.675380254548863,9.576217718381523,2,8.513810187735752,8.901094889293926,0.8970376220838618,-6.0142629777502625,0.0024436487244974413
18,1.1756900602614544,68.57975881257154,8.20355778264183,0,1,0.20846690229284506,43,-0.17951707731235617,10.79616658352396,10.236563344389447,1,10.761486776526494,8.513810187735752,0.9481664871688323,-6.701827699038631,0.0012286642208409828
18,1.1756900602614544,68.57975881257154,8.20355778264183,0,1,0.20846690229284506,44,-0.2419680411959665,11.254298091304937,11.819599329886724,1,12.231676939379739,10.761486776526494,1.0502298085580777,-7.05553374543546,0.0008626221935300807
18,1.1756900602614544,68.57975881257154,8.20355778264183,0,1,0.20846690229284506,45,0.2802631334986427,10.759651833307194,9.949411028787205,1,10.097332298443185,12.231676939379739,0.9246963733517997,-6.520324242933351,0.0014731913530190675
18,1.1756900602614544,68.57975881257154,8.20355778264183,0,1,0.20846690229284506,46,0.035514301628569965,10.202157318129222,9.898816376295791,1,11.72253831319703,10.097332298443185,0.9702669805635721,-5.578349139803149,0.003778798640637957
18,1.1756900602614544,68.57975881257154,8.20355778264183,0,1,0.20846690229284506,47,0.09425797907819627,10.631416961506561,10.350306104348652,1,9.526352244762474,11.72253831319703,0.9735584769014578,-5.932169606326648,0.0026527203819036818
18,1.1756900602614544,68.57975881257154,8.20355778264183,0,1,0.20846690229284506,48,0.12516814092890055,10.785905370958822,10.08454892633763,1,7.096677149255896,9.526352244762474,0.9349747266919658,-6.195980581128115,0.002037604183545345
18,1.1756900602614544,68.57975881257154,8.20355778264183,0,1,0.20846690229284506,49,-0.11435942179986343,9.100488804675239,8.998433705949632,1,11.888641904175097,7.096677149255896,0.9887857563570456,-5.139449870917129,0.005860913085359417
18,1.1756900602614544,68.57975881257154,8.20355778264183,0,1,0.20846690229284506,50,-0.10657251720030408,11.446945340047547,11.48587601902147,1,7.637924414433676,11.888641904175097,1.0034009666175066,-7.8899958694348316,0.0003744711217602558
18,1.1756900602614544,68.57975881257154,8.20355778264183,0,1,0.20846690229284506,51,0.12811633661312918,10.874527462657246,10.900473062976637,2,8.890867545361013,7.637924414433676,1.0023859059999147,-7.305043390823373,0.0006721403461406239
