data_examples/final_simulated_panel.csv
store_id,store_size,area_income,manager_experience,manager_vacant,base_competitors,store_fe,week,week_fe,price,competitor_price,competitor_count,ad_spend,ad_spend_lag,relative_price,log_sales,sales
19,0.9900148178027495,58.08695675118385,4.521288745053951,0,1,-0.1063355167661516,0,0.048845901334352015,10.79240024928675,11.271168925255514,1,7.21316584257413,0.0,1.0443616493930907,-8.053598640695597,0.0003179556530598493
19,0.9900148178027495,58.08695675118385,4.521288745053951,0,1,-0.1063355167661516,1,0.13563566401577118,10.326954518697141,10.57235424399378,1,8.830726941484933,7.21316584257413,1.0237630295410267,-6.511442275805926,0.0014863344721608549
19,0.9900148178027495,58.08695675118385,4.521288745053951,0,1,-0.1063355167661516,2,-0.11710587627041394,8.903368046026289,9.939734696073687,1,8.33699140536805,8.830726941484933,1.1164016408947561,-5.624224570224931,0.003609360857034966
19,0.9900148178027495,58.08695675118385,4.521288745053951,0,1,-0.1063355167661516,3,-0.18173462462506965,9.481192320139167,10.279012188728222,1,7.9172158542875755,8.33699140536805,1.0841476305563797,-6.17919618423937,0.0020720927662325125
19,0.9900148178027495,58.08695675118385,4.521288745053951,0,1,-0.1063355167661516,4,-0.39836764222427296,10.129794545560454,10.279073142588565,1,7.778380377938665,7.9172158542875755,1.0147365868435638,-7.128841461997195,0.0008016475889067605
19,0.9900148178027495,58.08695675118385,4.521288745053951,0,1,-0.1063355167661516,5,0.1943245963972403,8.951543487832595,9.138450325240115,2,8.098824457065463,7.778380377938665,1.0208798446504308,-5.638112334157166,0.0035595813684772964
19,0.9900148178027495,58.08695675118385,4.521288745053951,0,1,-0.1063355167661516,6,0.0033314601152094115,11.332749620413907,11.300300059577205,1,10.543731189878505,8.098824457065463,0.9971366559816826,-8.073128466734136,0.0003118062780334974
19,0.9900148178027495,58.08695675118385,4.521288745053951,0,1,-0.1063355167661516,7,0.04114626898936563,8.99725090725269,9.338079739845783,1,9.933662442155462,10.543731189878505,1.0378814413543087,-5.1341759036886785,0.005891905002241437
19,0.9900148178027495,58.08695675118385,4.521288745053951,0,1,-0.1063355167661516,8,-0.1567189753011227,11.797879001926086,11.624734582113641,2,8.210452065612955,9.933662442155462,0.9853241061563542,-8.783048324460445,0.00015331003344940422
19,0.9900148178027495,58.08695675118385,4.521288745053951,0,1,-0.1063355167661516,9,0.24529960585719213,10.47784504306816,10.585468226589972,1,9.502785884292152,8.210452065612955,1.0102714998245763,-6.6873011111474465,0.0012466427870905681
19,0.9900148178027495,58.08695675118385,4.521288745053951,0,1,-0.1063355167661516,10,0.18864011553560334,10.76493171793203,11.297368084340773,1,7.908067078377297,9.502785884292152,1.0494602641577206,-7.211162399083145,0.0007382984590336677
19,0.9900148178027495,58.08695675118385,4.521288745053951,0,1,-0.1063355167661516,11,-0.024364776297538047,9.055486528126192,9.712519821888455,1,8.572557696092664,7.908067078377297,1.0725563769237056,-5.9093365354601755,0.002713986924276096
19,0.9900148178027495,58.08695675118385,4.521288745053951,0,1,-0.1063355167661516,12,-0.11117269158045646,9.947589604512897,10.461780390036774,1,8.826364061149947,8.572557696092664,1.0516899878228394,-6.378584370067698,0.001697524322741426
19,0.9900148178027495,58.08695675118385,4.521288745053951,0,1,-0.1063355167661516,13,-0.07133827681171602,9.883629033922364,9.753674979880055,1,7.919205464961629,8.826364061149947,0.9868515852227674,-6.276942708602204,0.0018791368900395848
19,0.9900148178027495,58.08695675118385,4.521288745053951,0,1,-0.1063355167661516,14,-0.15972510848492985,11.617771026020709,11.719338356062792,1,9.313087691122169,7.919205464961629,1.0087424110713321,-8.5338969750138,0.0001966869902114135
19,0.9900148178027495,58.08695675118385,4.521288745053951,0,1,-0.1063355167661516,15,0.005312829848108214,12.226918923495411,11.610267371778324,1,6.969244784843347,9.313087691122169,0.9495660717491042,-9.228497469227849,9.820067496784338e-05
19,0.9900148178027495,58.08695675118385,4.521288745053951,0,1,-0.1063355167661516,16,-0.12323354394010944,12.067834999589609,11.150957603041649,1,8.857557779083661,6.969244784843347,0.9240230416989343,-9.034678793915937,0.0001192034579726735
19,0.9900148178027495,58.08695675118385,4.521288745053951,0,1,-0.1063355167661516,17,0.11710850410840844,7.930005991243277,8.011482330774095,1,6.961000298397152,8.857557779083661,1.0102744360623168,-3.508873523167499,0.029930611594373036
19,0.9900148178027495,58.08695675118385,4.521288745053951,0,1,-0.1063355167661516,18,-0.07189371493174873,10.382534009331001,11.197816032597702,1,6.394687542392781,6.961000298397152,1.07852437781894,-7.020546909278415,0.000893336785045168
19,0.9900148178027495,58.08695675118385,4.521288745053951,0,1,-0.1063355167661516,19,-0.07079141278787165,9.11383267362214,7.8928184902625755,1,8.416983036284316,6.394687542392781,0.8660262672044107,-5.510076750336481,0.0040457968550358225
19,0.9900148178027495,58.08695675118385,4.521288745053951,0,1,-0.1063355167661516,20,0.3074506008403983,10.285400913588303,9.74164153019445,1,7.887741032454164,8.416983036284316,0.9471328937041745,-6.67548808028268,0.0012614567434026552
19,0.9900148178027495,58.08695675118385,4.521288745053951,0,1,-0.1063355167661516,21,-0.14514390451041106,9.943537188504093,10.498905238205031,1,7.2662936882721185,7.887741032454164,1.0558521619794423,-6.875070030986641,0.0010332252783282708
19,0.9900148178027495,58.08695675118385,4.521288745053951,0,1,-0.1063355167661516,22,-0.31358317758909293,8.77401916422122,9.075648316119011,1,11.17921376249851,7.2662936882721185,1.0343775351127311,-4.94618897572362,0.007110455477230993
19,0.9900148178027495,58.08695675118385,4.521288745053951,0,1,-0.1063355167661516,23,0.07324303848148955,9.233427401405473,9.481533134636773,1,8.85711205363417,11.17921376249851,1.026870383276478,-5.062885671399224,0.006327274707968248
19,0.9900148178027495,58.08695675118385,4.521288745053951,0,1,-0.1063355167661516,24,-0.4155737022818746,11.027749561713504,11.17213812007606,1,10.413737540970637,8.85711205363417,1.0130932025210155,-8.242500689626374,0.0002632251812555017
19,0.9900148178027495,58.08695675118385,4.521288745053951,0,1,-0.1063355167661516,25,0.05287572716514413,10.275821666933778,11.022077673404048,1,12.167241286494512,10.413737540970637,1.0726225143505188,-6.420810556022333,0.001627336652538779
19,0.9900148178027495,58.08695675118385,4.521288745053951,0,1,-0.1063355167661516,26,0.19634402837852838,9.809904916287758,9.66110836851022,1,14.981321037869515,12.167241286494512,0.9848320091736582,-5.3592120754732475,0.004704611526406888
19,0.9900148178027495,58.08695675118385,4.521288745053951,0,1,-0.1063355167661516,27,0.01402300615082264,10.53651825414383,10.51669500223299,2,5.517070760295628,14.981321037869515,0.9981186145714648,-7.174303612899023,0.000766018978133783
19,0.9900148178027495,58.08695675118385,4.521288745053951,0,1,-0.1063355167661516,28,0.0018550148592412774,9.398603684355573,9.12735792293058,1,9.687410717341576,5.517070760295628,0.9711397809148508,-5.657447219313239,0.003491418356992765
19,0.9900148178027495,58.08695675118385,4.521288745053951,0,1,-0.1063355167661516,29,-0.41012187044991083,11.046990675465288,10.451927206987136,1,7.3532889425936085,9.687410717341576,0.9461334325374463,-8.04636413288165,0.000320264246415795
19,0.9900148178027495,58.08695675118385,4.521288745053951,0,1,-0.1063355167661516,30,0.11106073711175773,10.10381691937514,11.16786964954607,1,7.713576564860545,7.3532889425936085,1.105311956725037,-6.388303438333518,0.001681105883173973
19,0.9900148178027495,58.08695675118385,4.521288745053951,0,1,-0.1063355167661516,31,0.07925851344932232,11.494655636399514,11.191281304126445,1,7.32940052543626,7.713576564860545,0.9736073579001019,-8.19545217427603,0.0002759054911447381
19,0.9900148178027495,58.08695675118385,4.521288745053951,0,1,-0.1063355167661516,32,-0.2343995516749002,8.542273267993622,7.761470164333251,1,8.818533007750542,7.32940052543626,0.9085953961943712,-4.87701460639682,0.007619727992852093
19,0.9900148178027495,58.08695675118385,4.521288745053951,0,1,-0.1063355167661516,33,0.3826341494492407,10.814336442188662,11.144682275978612,1,10.184999276937667,8.818533007750542,1.0305470276013617,-6.595372191570539,0.001366678149953152
19,0.9900148178027495,58.08695675118385,4.521288745053951,0,1,-0.1063355167661516,34,-0.2448032401480451,10.083141028415673,8.962007507767936,1,7.624692341910955,10.184999276937667,0.8888110840175468,-6.23274758031708,0.001964048096460093
19,0.9900148178027495,58.08695675118385,4.521288745053951,0,1,-0.1063355167661516,35,-0.33585807234342985,9.16937514931106,9.25984712480276,1,7.583318885887967,7.624692341910955,1.009866754715396,-5.488653983870919,0.004133404060100898
19,0.9900148178027495,58.08695675118385,4.521288745053951,0,1,-0.1063355167661516,36,-0.36221155398213295,9.5613318336528,8.640644906526624,1,4.764379071584477,7.583318885887967,0.903707250920248,-6.962841659250326,0.0009464033938435882
19,0.9900148178027495,58.08695675118385,4.521288745053951,0,1,-0.1063355167661516,37,0.005194181464211946,10.581276924949337,10.527883756231219,1,5.674069303152324,4.764379071584477,0.9949539957136719,-7.4663138318312665,0.0005720330252321785
19,0.9900148178027495,58.08695675118385,4.521288745053951,0,1,-0.1063355167661516,38,0.0675742500294194,11.114608137507654,11.20851452803486,1,10.040219064820588,5.674069303152324,1.0084489160000438,-7.052043484994741,0.0008656382299620097
19,0.9900148178027495,58.08695675118385,4.521288745053951,0,1,-0.1063355167661516,39,0.08819478218692851,10.118792760470697,9.322003800497994,1,7.49877360636367,10.040219064820588,0.9212565195439738,-6.487372034635678,0.0015225449505646194
19,0.9900148178027495,58.08695675118385,4.521288745053951,0,1,-0.1063355167661516,40,-0.06747199564309786,10.368356156624078,10.675368814976974,1,10.723444158934916,7.49877360636367,1.0296105432447702,-7.238364646433192,0.0007184857781603776
19,0.9900148178027495,58.08695675118385,4.521288745053951,0,1,-0.1063355167661516,41,-0.16253500440717236,10.092745734064573,10.492954523991793,1,7.531942171387021,10.723444158934916,1.0396531132827862,-7.008719061285194,0.0009039657718513674
19,0.9900148178027495,58.08695675118385,4.521288745053951,0,1,-0.1063355167661516,42,0.16855291640160835,10.067910948020812,10.31891627431529,2,4.515834621778362,7.531942171387021,1.0249312223350389,-7.037792495171987,0.0008780627521623914
19,0.9900148178027495,58.08695675118385,4.521288745053951,0,1,-0.1063355167661516,43,-0.17951707731235617,12.431517394927086,11.713441910199466,1,9.4561278584757,4.515834621778362,0.9422375031208463,-9.585188182722177,6.873938847933501e-05
19,0.9900148178027495,58.08695675118385,4.521288745053951,0,1,-0.1063355167661516,44,-0.2419680411959665,11.284821736310347,12.0640243984321,1,9.73401634914515,9.4561278584757,1.0690487346924205,-8.190606802982861,0.0002772455997311161
19,0.9900148178027495,58.08695675118385,4.521288745053951,0,1,-0.1063355167661516,45,0.2802631334986427,12.11532615897038,12.069528270301197,2,7.7467263028872555,9.73401634914515,0.9962198385690778,-9.448618797244679,7.879832660960227e-05
19,0.9900148178027495,58.08695675118385,4.521288745053951,0,1,-0.1063355167661516,46,0.035514301628569965,10.225297648539676,11.01114138924948,1,9.50413785411978,7.7467263028872555,1.076852896387034,-6.906909461426125,0.0010008461753605534
19,0.9900148178027495,58.08695675118385,4.521288745053951,0,1,-0.1063355167661516,47,0.09425797907819627,11.01131065377229,11.169229117177348,1,8.76293955770851,9.50413785411978,1.0143414774471882,-8.201132434409269,0.00027434271886134416
19,0.9900148178027495,58.08695675118385,4.521288745053951,0,1,-0.1063355167661516,48,0.12516814092890055,10.509980104770339,11.252124660277705,1,7.945759402288067,8.76293955770851,1.0706133168768337,-7.0044924452758135,0.0009077945737924985
19,0.9900148178027495,58.08695675118385,4.521288745053951,0,1,-0.1063355167661516,49,-0.11435942179986343,11.654277983596804,12.04962823330925,1,8.17638196115309,7.945759402288067,1.033923186856268,-8.599059367496299,0.00018427905103420315
19,0.9900148178027495,58.08695675118385,4.521288745053951,0,1,-0.1063355167661516,50,-0.10657251720030408,10.90538013139767,10.42368349308472,1,5.82303314568895,8.17638196115309,0.955829450004581,-7.409345853982602,0.0006055666940413583
19,0.9900148178027495,58.08695675118385,4.521288745053951,0,1,-0.1063355167661516,51,0.12811633661312918,12.223668181908945,12.849661988770277,1,6.60281536666008,5.82303314568895,1.0512116164759613,-9.229983910594688,9.805481385617145e-05
