data_examples/final_simulated_panel.csv
store_id,store_size,area_income,manager_experience,manager_vacant,base_competitors,store_fe,week,week_fe,price,competitor_price,competitor_count,ad_spend,ad_spend_lag,relative_price,log_sales,sales
20,0.9630275272909479,47.24313676662078,2.95300501475627,0,1,-0.04701686693125215,0,0.048845901334352015,10.220116161635701,9.906789517407377,1,5.128505671373903,0.0,0.9693421640935462,-7.053843446120422,0.0008640815162315682
20,0.9630275272909479,47.24313676662078,2.95300501475627,0,1,-0.04701686693125215,1,0.13563566401577118,9.6829652837992,9.33879547233999,1,5.339039161173992,5.128505671373903,0.964456155591609,-6.59572924974018,0.001366190253463339
20,0.9630275272909479,47.24313676662078,2.95300501475627,0,1,-0.04701686693125215,2,-0.11710587627041394,9.107115707177712,8.555691939396285,1,7.992562437361859,5.339039161173992,0.9394513273454046,-6.190411307925767,0.0020489838166513055
20,0.9630275272909479,47.24313676662078,2.95300501475627,0,1,-0.04701686693125215,3,-0.18173462462506965,9.490269825929612,9.747126992063196,2,8.237502299638697,7.992562437361859,1.0270653175141333,-6.166889881670306,0.0020977501165169873
20,0.9630275272909479,47.24313676662078,2.95300501475627,0,1,-0.04701686693125215,4,-0.39836764222427296,10.81125033475162,10.991067993002556,1,9.597832943821405,8.237502299638697,1.0166324571796226,-8.418966618513796,0.00022064254298012097
20,0.9630275272909479,47.24313676662078,2.95300501475627,0,1,-0.04701686693125215,5,0.1943245963972403,9.595055796683024,9.757913336311661,1,8.49530640796556,9.597832943821405,1.0169730685344152,-6.38561881045822,0.001685625090369831
20,0.9630275272909479,47.24313676662078,2.95300501475627,0,1,-0.04701686693125215,6,0.0033314601152094115,10.164278847923345,9.172742577369762,1,8.306963459735657,8.49530640796556,0.9024489306729161,-6.909416853174144,0.0009983398054581546
20,0.9630275272909479,47.24313676662078,2.95300501475627,0,1,-0.04701686693125215,7,0.04114626898936563,10.846878891010059,11.862454802383882,2,10.170320643237144,8.306963459735657,1.093628399614154,-7.38357740596917,0.0006213739980834963
20,0.9630275272909479,47.24313676662078,2.95300501475627,0,1,-0.04701686693125215,8,-0.1567189753011227,11.31797155964062,11.634621254035672,1,11.311836457642837,10.170320643237144,1.0279776011740664,-8.252546227109846,0.00026059417986724903
20,0.9630275272909479,47.24313676662078,2.95300501475627,0,1,-0.04701686693125215,9,0.24529960585719213,9.0575863678891,9.261795558786037,1,10.783736234307408,11.311836457642837,1.0225456520758,-5.051224578107476,0.006401489520564645
20,0.9630275272909479,47.24313676662078,2.95300501475627,0,1,-0.04701686693125215,10,0.18864011553560334,9.843910932797645,9.850705132607416,2,7.9579577259656915,10.783736234307408,1.0006901931413392,-6.03303150796644,0.0023982127465927835
20,0.9630275272909479,47.24313676662078,2.95300501475627,0,1,-0.04701686693125215,11,-0.024364776297538047,8.907231595169934,8.721198478438255,1,6.735476175166767,7.9579577259656915,0.9791143729963687,-5.607947231374504,0.003668592404940207
20,0.9630275272909479,47.24313676662078,2.95300501475627,0,1,-0.04701686693125215,12,-0.11117269158045646,10.270595526986048,10.517768960268178,1,7.964434330994276,6.735476175166767,1.0240661247570972,-7.741901129697721,0.0004342452333270248
20,0.9630275272909479,47.24313676662078,2.95300501475627,0,1,-0.04701686693125215,13,-0.07133827681171602,10.059839997915699,10.781272563124567,1,7.931550990376689,7.964434330994276,1.0717141192462645,-6.978973981990196,0.0009312582008846475
20,0.9630275272909479,47.24313676662078,2.95300501475627,0,1,-0.04701686693125215,14,-0.15972510848492985,10.306376716619308,9.65373306487065,1,6.211408011340513,7.931550990376689,0.9366757426306519,-6.8166726029883025,0.0010953595614553516
20,0.9630275272909479,47.24313676662078,2.95300501475627,0,1,-0.04701686693125215,15,0.005312829848108214,8.903331366470006,9.09183943089409,1,1.1208584769522085,6.211408011340513,1.021172756203819,-5.833205805594669,0.002928673158069356
20,0.9630275272909479,47.24313676662078,2.95300501475627,0,1,-0.04701686693125215,16,-0.12323354394010944,9.700857613325189,9.597686615802878,1,7.984402591412726,1.1208584769522085,0.9893647549902604,-7.148884256012747,0.0007857402774048304
20,0.9630275272909479,47.24313676662078,2.95300501475627,0,1,-0.04701686693125215,17,0.11710850410840844,8.497407464227766,8.73409158235979,1,8.426965773545223,7.984402591412726,1.0278536858598828,-4.377712096228283,0.012554048243338483
20,0.9630275272909479,47.24313676662078,2.95300501475627,0,1,-0.04701686693125215,18,-0.07189371493174873,10.741400571304071,10.088603822412512,1,10.962033928581997,8.426965773545223,0.9392261051472633,-7.119456689836017,0.000809206281710194
20,0.9630275272909479,47.24313676662078,2.95300501475627,0,1,-0.04701686693125215,19,-0.07079141278787165,9.653488795919724,9.587551129941742,1,7.038517204044521,10.962033928581997,0.9931695506803869,-6.297215174499558,0.001841425692517079
20,0.9630275272909479,47.24313676662078,2.95300501475627,0,1,-0.04701686693125215,20,0.3074506008403983,9.515749598162879,9.875420156446303,1,6.875968437157454,7.038517204044521,1.037797396261127,-5.909357371226033,0.002713930376869108
20,0.9630275272909479,47.24313676662078,2.95300501475627,0,1,-0.04701686693125215,21,-0.14514390451041106,10.435042602525398,11.192877054464851,1,8.072272596366394,6.875968437157454,1.0726239921393372,-7.0987976392179775,0.0008260975937211157
20,0.9630275272909479,47.24313676662078,2.95300501475627,0,1,-0.04701686693125215,22,-0.31358317758909293,10.818504030977662,10.99973420098063,1,9.349460759501618,8.072272596366394,1.0167518697117488,-8.146881746004881,0.00028963711503741403
20,0.9630275272909479,47.24313676662078,2.95300501475627,0,1,-0.04701686693125215,23,0.07324303848148955,9.652426285078565,10.55706065056283,1,9.583338881198339,9.349460759501618,1.093720929719268,-6.31639150662892,0.0018064503232836865
20,0.9630275272909479,47.24313676662078,2.95300501475627,0,1,-0.04701686693125215,24,-0.4155737022818746,10.206295780354601,10.180149875652333,1,8.929684281472383,9.583338881198339,0.9974382572027165,-6.489839907317407,0.0015187921361132257
20,0.9630275272909479,47.24313676662078,2.95300501475627,0,1,-0.04701686693125215,25,0.05287572716514413,10.45358525336161,10.683392209240282,2,6.977342044664853,8.929684281472383,1.021983553996919,-7.407691096488308,0.0006065695896122533
20,0.9630275272909479,47.24313676662078,2.95300501475627,0,1,-0.04701686693125215,26,0.19634402837852838,9.897073400361469,9.330430215091235,1,4.322315988281694,6.977342044664853,0.9427463895286925,-6.8350547384234,0.0010754084474779377
20,0.9630275272909479,47.24313676662078,2.95300501475627,0,1,-0.04701686693125215,27,0.01402300615082264,9.287153668132214,9.553713521490877,1,7.481166291462705,4.322315988281694,1.0287019966379292,-5.7456091425804745,0.0031967866595562695
20,0.9630275272909479,47.24313676662078,2.95300501475627,0,1,-0.04701686693125215,28,0.0018550148592412774,9.524999422313464,9.251498957771902,2,8.33554785228432,7.481166291462705,0.97128603872659,-6.4683537489127225,0.0015517782479382584
20,0.9630275272909479,47.24313676662078,2.95300501475627,0,1,-0.04701686693125215,29,-0.41012187044991083,10.921503441454433,11.518426473576012,1,6.595155854998712,8.33554785228432,1.0546557564461185,-8.90406411376426,0.0001358357512136148
20,0.9630275272909479,47.24313676662078,2.95300501475627,0,1,-0.04701686693125215,30,0.11106073711175773,10.401860281271635,9.612045931967057,2,10.76198116737686,6.595155854998712,0.9240698944277664,-7.206897509209107,0.0007414539447722038
20,0.9630275272909479,47.24313676662078,2.95300501475627,0,1,-0.04701686693125215,31,0.07925851344932232,9.117841346478682,7.993536433877971,1,5.140255492589558,10.76198116737686,0.8766917661892725,-5.033385528219666,0.006516710673860081
20,0.9630275272909479,47.24313676662078,2.95300501475627,0,1,-0.04701686693125215,32,-0.2343995516749002,9.744758872101558,8.785929173603382,1,8.980674565151178,5.140255492589558,0.9016056003968218,-6.65555437747129,0.0012868545423387393
20,0.9630275272909479,47.24313676662078,2.95300501475627,0,1,-0.04701686693125215,33,0.3826341494492407,10.873300685519569,11.39972827049666,1,7.403958405626324,8.980674565151178,1.0484146994737447,-7.472596213128795,0.0005684505606399802
20,0.9630275272909479,47.24313676662078,2.95300501475627,0,1,-0.04701686693125215,34,-0.2448032401480451,10.242318628857205,10.081138100651746,1,7.949687361646029,7.403958405626324,0.9842632772865177,-7.48701868862951,0.0005603109342286924
20,0.9630275272909479,47.24313676662078,2.95300501475627,0,1,-0.04701686693125215,35,-0.33585807234342985,9.47520461528177,9.560718141715773,2,8.56775116512111,7.949687361646029,1.0090249793968655,-6.653409497846432,0.0012896176526369378
20,0.9630275272909479,47.24313676662078,2.95300501475627,0,1,-0.04701686693125215,36,-0.36221155398213295,9.11718668320107,9.03910324805291,1,7.830596551335904,8.56775116512111,0.9914355778968492,-5.9433458611768915,0.002623237961275889
20,0.9630275272909479,47.24313676662078,2.95300501475627,0,1,-0.04701686693125215,37,0.005194181464211946,10.419846863514307,10.964957821442889,1,7.62424176833156,7.830596551335904,1.0523146803469174,-7.063759782301287,0.0008555553375236078
20,0.9630275272909479,47.24313676662078,2.95300501475627,0,1,-0.04701686693125215,38,0.0675742500294194,11.861736062464768,11.150336934002233,1,10.343928421844815,7.62424176833156,0.9400257159056435,-8.509749700907465,0.00020149425242949262
20,0.9630275272909479,47.24313676662078,2.95300501475627,0,1,-0.04701686693125215,39,0.08819478218692851,10.103602885228579,9.724651407700422,2,6.811265434997822,10.343928421844815,0.9624934311222602,-6.7045102538078725,0.0012253726786205657
20,0.9630275272909479,47.24313676662078,2.95300501475627,0,1,-0.04701686693125215,40,-0.06747199564309786,9.457491564495541,9.348733811074338,1,4.005773466546904,6.811265434997822,0.9885003594579463,-6.461863455561853,0.001561882498288122
20,0.9630275272909479,47.24313676662078,2.95300501475627,0,1,-0.04701686693125215,41,-0.16253500440717236,9.437926127751384,9.860709742763877,3,7.5291017886914275,4.005773466546904,1.0447962411752023,-6.701343403621392,0.001229259401402438
20,0.9630275272909479,47.24313676662078,2.95300501475627,0,1,-0.04701686693125215,42,0.16855291640160835,11.237726792899727,11.009468637862142,1,5.405442207625135,7.5291017886914275,0.9796882270547986,-7.7527335419145835,0.0004295666956295364
20,0.9630275272909479,47.24313676662078,2.95300501475627,0,1,-0.04701686693125215,43,-0.17951707731235617,8.394063810786108,8.60197868118927,1,10.119951628700104,5.405442207625135,1.0247692744646517,-4.79599344378587,0.008262786135481958
20,0.9630275272909479,47.24313676662078,2.95300501475627,0,1,-0.04701686693125215,44,-0.2419680411959665,9.811914741221777,10.290390788271724,2,7.7416829976534345,10.119951628700104,1.0487647986829498,-7.008446323777021,0.0009042123508475974
20,0.9630275272909479,47.24313676662078,2.95300501475627,0,1,-0.04701686693125215,45,0.2802631334986427,10.214621361888684,10.350124232469481,2,7.525725876143817,7.7416829976534345,1.013265579386659,-6.44606935683647,0.001586746862905089
20,0.9630275272909479,47.24313676662078,2.95300501475627,0,1,-0.04701686693125215,46,0.035514301628569965,9.701195894553775,9.53694085453445,1,6.467035018087455,7.525725876143817,0.9830685781624575,-6.382294323202552,0.0016912382547775442
20,0.9630275272909479,47.24313676662078,2.95300501475627,0,1,-0.04701686693125215,47,0.09425797907819627,12.280888925931297,12.50316963943546,1,11.069458339738855,6.467035018087455,1.0180997250968384,-9.091169357366523,0.0001126562560472106
20,0.9630275272909479,47.24313676662078,2.95300501475627,0,1,-0.04701686693125215,48,0.12516814092890055,10.519405002009883,10.425301159427985,1,4.121290765352089,11.069458339738855,0.9910542618556926,-7.551284125048845,0.0005254349695095567
20,0.9630275272909479,47.24313676662078,2.95300501475627,0,1,-0.04701686693125215,49,-0.11435942179986343,10.467680593940576,9.817655151603459,1,6.881207740647373,4.121290765352089,0.9379016739664948,-7.255904334194486,0.0007059936363399213
20,0.9630275272909479,47.24313676662078,2.95300501475627,0,1,-0.04701686693125215,50,-0.10657251720030408,11.33255078563173,11.13778281868974,1,7.231466779820282,6.881207740647373,0.9828134044465142,-8.680597064998144,0.000169849626051779
20,0.9630275272909479,47.24313676662078,2.95300501475627,0,1,-0.04701686693125215,51,0.12811633661312918,10.305167107306621,9.678933256426252,1,11.228622324359534,7.231466779820282,0.9392310823920211,-6.988583331379262,0.0009223522740727992
