data_examples/final_simulated_panel.csv
store_id,store_size,area_income,manager_experience,manager_vacant,base_competitors,store_fe,week,week_fe,price,competitor_price,competitor_count,ad_spend,ad_spend_lag,relative_price,log_sales,sales
21,0.8638140911192117,48.66712785996519,5.358551269912632,1,3,0.3318076168096292,0,0.048845901334352015,8.225958490597646,8.814865166309414,3,8.781756187549835,0.0,1.0715912530296492,-4.140987584608242,0.015907134103855462
21,0.8638140911192117,48.66712785996519,5.358551269912632,1,3,0.3318076168096292,1,0.13563566401577118,10.097193874177078,9.85618483505092,3,6.616476354922048,8.781756187549835,0.9761310872971823,-6.611913134060488,0.0013442579421401291
21,0.8638140911192117,48.66712785996519,5.358551269912632,1,3,0.3318076168096292,2,-0.11710587627041394,9.407414721543805,8.416517077962231,3,8.490484860767912,6.616476354922048,0.8946684426155539,-5.410657290181984,0.0044687020118706665
21,0.8638140911192117,48.66712785996519,5.358551269912632,1,3,0.3318076168096292,3,-0.18173462462506965,9.332123873715373,9.559033614980306,3,8.141223705407844,8.490484860767912,1.0243149088391381,-6.063662688496216,0.002325866343482086
21,0.8638140911192117,48.66712785996519,5.358551269912632,1,3,0.3318076168096292,4,-0.39836764222427296,11.09186953035078,11.975810820969862,3,7.481800626487133,8.141223705407844,1.0796927234133387,-8.65805814922992,0.0001737213204625051
21,0.8638140911192117,48.66712785996519,5.358551269912632,1,3,0.3318076168096292,5,0.1943245963972403,9.073763168009103,8.576351178279316,3,10.111106074215435,7.481800626487133,0.9451812902188711,-5.339064708504809,0.004800358345680262
21,0.8638140911192117,48.66712785996519,5.358551269912632,1,3,0.3318076168096292,6,0.0033314601152094115,9.946562194937549,10.313549246366732,3,5.649712198882044,10.111106074215435,1.036895868566123,-6.4680558000607125,0.0015522406673710543
21,0.8638140911192117,48.66712785996519,5.358551269912632,1,3,0.3318076168096292,7,0.04114626898936563,9.930318528237576,9.120129839245411,3,10.775665429112653,5.649712198882044,0.9184126182167939,-6.735435977440367,0.0011880571211275628
21,0.8638140911192117,48.66712785996519,5.358551269912632,1,3,0.3318076168096292,8,-0.1567189753011227,10.227188763213805,10.021729442067437,4,5.880402804098017,10.775665429112653,0.9799104792232461,-6.918488500487123,0.0009893241739872374
21,0.8638140911192117,48.66712785996519,5.358551269912632,1,3,0.3318076168096292,9,0.24529960585719213,11.933297340529673,11.903411055660314,3,5.002945269916694,5.880402804098017,0.9974955551666466,-9.069112080306082,0.00011516875386473598
21,0.8638140911192117,48.66712785996519,5.358551269912632,1,3,0.3318076168096292,10,0.18864011553560334,9.114305192260225,9.067168528449749,3,5.825707257596956,5.002945269916694,0.994828276778519,-5.36192065664977,0.004691885946097264
21,0.8638140911192117,48.66712785996519,5.358551269912632,1,3,0.3318076168096292,11,-0.024364776297538047,9.922280926265524,10.275120515097948,4,7.796549445731212,5.825707257596956,1.0355603304778858,-6.852462415302309,0.0010568500823615067
21,0.8638140911192117,48.66712785996519,5.358551269912632,1,3,0.3318076168096292,12,-0.11117269158045646,11.036553294899552,11.26552189668005,3,7.794693502571381,7.796549445731212,1.0207463866356097,-8.350093166886843,0.00023637449512689524
21,0.8638140911192117,48.66712785996519,5.358551269912632,1,3,0.3318076168096292,13,-0.07133827681171602,10.043482330526434,10.538389387545251,4,8.436658410222758,7.794693502571381,1.0492764402556456,-6.758411048740508,0.0011610725967271633
21,0.8638140911192117,48.66712785996519,5.358551269912632,1,3,0.3318076168096292,14,-0.15972510848492985,9.318343594506466,9.699334533607068,3,9.464143084785434,8.436658410222758,1.0408861226500825,-6.284742040338964,0.0018645378833078532
21,0.8638140911192117,48.66712785996519,5.358551269912632,1,3,0.3318076168096292,15,0.005312829848108214,9.566107368353409,9.904791478498456,3,8.04739673894279,9.464143084785434,1.035404590091209,-6.42020608774963,0.0016283206232738307
21,0.8638140911192117,48.66712785996519,5.358551269912632,1,3,0.3318076168096292,16,-0.12323354394010944,11.127055578467942,10.807723019156036,3,6.517244078800348,8.04739673894279,0.9713012524238803,-8.290287937848706,0.0002509421965837982
21,0.8638140911192117,48.66712785996519,5.358551269912632,1,3,0.3318076168096292,17,0.11710850410840844,8.82519260975468,8.629903696307645,3,6.708385780426768,6.517244078800348,0.9778714276183414,-5.445122016928726,0.004317313190197592
21,0.8638140911192117,48.66712785996519,5.358551269912632,1,3,0.3318076168096292,18,-0.07189371493174873,11.686964965667613,11.192432248118262,4,12.058146145786662,6.708385780426768,0.9576851031040032,-8.761420419157844,0.00015666192487246247
21,0.8638140911192117,48.66712785996519,5.358551269912632,1,3,0.3318076168096292,19,-0.07079141278787165,11.798560524355498,12.110474143189691,3,9.259488883811951,12.058146145786662,1.0264365825127835,-9.113064534646085,0.00011021643497666674
21,0.8638140911192117,48.66712785996519,5.358551269912632,1,3,0.3318076168096292,20,0.3074506008403983,10.177164072222011,10.547090718214045,3,7.539978408070482,9.259488883811951,1.0363486962936688,-6.594526411357572,0.0013678345482503408
21,0.8638140911192117,48.66712785996519,5.358551269912632,1,3,0.3318076168096292,21,-0.14514390451041106,10.461202394007442,10.625658721866138,4,10.39835307195347,7.539978408070482,1.01572059517297,-7.217643695221621,0.0007335288015600238
21,0.8638140911192117,48.66712785996519,5.358551269912632,1,3,0.3318076168096292,22,-0.31358317758909293,10.553050732203063,10.729470327489388,3,4.563129966826145,10.39835307195347,1.0167174023666894,-7.505568752907083,0.0005500129399090881
21,0.8638140911192117,48.66712785996519,5.358551269912632,1,3,0.3318076168096292,23,0.07324303848148955,9.811144212986003,8.935159018481349,3,12.263039147149657,4.563129966826145,0.9107152870767914,-6.378941726336663,0.0016969178101599652
21,0.8638140911192117,48.66712785996519,5.358551269912632,1,3,0.3318076168096292,24,-0.4155737022818746,10.468803046338673,10.799226819769727,3,8.028474896956723,12.263039147149657,1.0315627079780259,-7.413431698432743,0.0006030974905511062
21,0.8638140911192117,48.66712785996519,5.358551269912632,1,3,0.3318076168096292,25,0.05287572716514413,8.149252572691683,7.871129910162763,3,10.833588148750941,8.028474896956723,0.965871390038773,-4.602600370415805,0.010025731203786317
21,0.8638140911192117,48.66712785996519,5.358551269912632,1,3,0.3318076168096292,26,0.19634402837852838,8.556071477486245,8.926355586438113,3,7.608555990862607,10.833588148750941,1.0432773510513795,-4.640287483097565,0.009654921601757824
21,0.8638140911192117,48.66712785996519,5.358551269912632,1,3,0.3318076168096292,27,0.01402300615082264,9.27440360969869,9.262793752726719,3,8.048865068765094,7.608555990862607,0.9987481829063564,-5.916933096705509,0.0026934480674993327
21,0.8638140911192117,48.66712785996519,5.358551269912632,1,3,0.3318076168096292,28,0.0018550148592412774,9.479141892136042,9.856758068107272,3,6.654437377768083,8.048865068765094,1.0398365358666593,-6.367742590352941,0.00171602863609777
21,0.8638140911192117,48.66712785996519,5.358551269912632,1,3,0.3318076168096292,29,-0.41012187044991083,10.641662829287146,10.574124462401816,3,5.841128122335429,6.654437377768083,0.9936534009798303,-8.211861849129946,0.0002714149169429926
21,0.8638140911192117,48.66712785996519,5.358551269912632,1,3,0.3318076168096292,30,0.11106073711175773,10.36266365229106,10.600988173603472,3,3.9841702717700214,5.841128122335429,1.0229983843256094,-7.16112689788726,0.0007761793852883348
21,0.8638140911192117,48.66712785996519,5.358551269912632,1,3,0.3318076168096292,31,0.07925851344932232,10.939330067444866,10.720073027404627,3,10.166215659952648,3.9841702717700214,0.9799569956580119,-7.621618137227288,0.0004897487089777681
21,0.8638140911192117,48.66712785996519,5.358551269912632,1,3,0.3318076168096292,32,-0.2343995516749002,10.194311358125436,10.879042112451856,3,6.516013798184702,10.166215659952648,1.067167926333803,-7.378531819019903,0.0006245171173916097
21,0.8638140911192117,48.66712785996519,5.358551269912632,1,3,0.3318076168096292,33,0.3826341494492407,10.215075305962765,9.795401980842371,3,7.547065975973773,6.516013798184702,0.9589162769191313,-6.895180218824813,0.0010126544586910283
21,0.8638140911192117,48.66712785996519,5.358551269912632,1,3,0.3318076168096292,34,-0.2448032401480451,10.650578475453733,10.255579196101268,3,4.300610405948342,7.547065975973773,0.9629128802475081,-7.904908343447668,0.0003689282624798449
21,0.8638140911192117,48.66712785996519,5.358551269912632,1,3,0.3318076168096292,35,-0.33585807234342985,9.44644401478578,8.910023559314613,3,6.772058709266446,4.300610405948342,0.9432145625770344,-6.372605782966631,0.0017077035180439923
21,0.8638140911192117,48.66712785996519,5.358551269912632,1,3,0.3318076168096292,36,-0.36221155398213295,9.384203075862798,9.64758410370506,3,10.654956559198025,6.772058709266446,1.0280664245768196,-6.136512846104053,0.0021624512860283687
21,0.8638140911192117,48.66712785996519,5.358551269912632,1,3,0.3318076168096292,37,0.005194181464211946,9.656480442209798,9.554755869096152,3,7.523378419977246,10.654956559198025,0.9894656677738408,-6.10274361161539,0.0022367225953305796
21,0.8638140911192117,48.66712785996519,5.358551269912632,1,3,0.3318076168096292,38,0.0675742500294194,8.916019904688778,8.82297439143827,3,11.257950357859922,7.523378419977246,0.989564232219628,-5.23383226615299,0.00533304843031647
21,0.8638140911192117,48.66712785996519,5.358551269912632,1,3,0.3318076168096292,39,0.08819478218692851,9.757241888650773,10.16310347054967,3,8.850850528595773,11.257950357859922,1.0415959332084386,-6.626817128344691,0.001324371689857314
21,0.8638140911192117,48.66712785996519,5.358551269912632,1,3,0.3318076168096292,40,-0.06747199564309786,10.03393787489919,10.112786947598568,3,10.876491578292654,8.850850528595773,1.0078582380798498,-6.572174911650419,0.001398751939630794
21,0.8638140911192117,48.66712785996519,5.358551269912632,1,3,0.3318076168096292,41,-0.16253500440717236,9.276394007803866,9.773923346494458,3,5.75042238259115,10.876491578292654,1.053633916182521,-6.228069434664737,0.0019732577247186514
21,0.8638140911192117,48.66712785996519,5.358551269912632,1,3,0.3318076168096292,42,0.16855291640160835,9.455625066807624,9.332099053436025,3,10.638846790806657,5.75042238259115,0.9869362403332577,-5.749580062009265,0.003184117647759971
21,0.8638140911192117,48.66712785996519,5.358551269912632,1,3,0.3318076168096292,43,-0.17951707731235617,9.712201601135584,10.361042093666562,3,7.054935493714467,10.638846790806657,1.0668067364309153,-6.291011892299107,0.0018528840787968724
21,0.8638140911192117,48.66712785996519,5.358551269912632,1,3,0.3318076168096292,44,-0.2419680411959665,11.349212425509359,11.252740144355267,3,7.530938499976165,7.054935493714467,0.991499649708093,-8.42119607220813,0.000220151178588152
21,0.8638140911192117,48.66712785996519,5.358551269912632,1,3,0.3318076168096292,45,0.2802631334986427,11.56849724333138,11.531574147693215,3,11.519508063631319,7.530938499976165,0.9968083066571632,-8.418554682694078,0.0002207334522700391
21,0.8638140911192117,48.66712785996519,5.358551269912632,1,3,0.3318076168096292,46,0.035514301628569965,9.543952698064595,10.540693315390115,3,7.941359385510315,11.519508063631319,1.1044368773461803,-6.3840958399473715,0.0016881942035200184
21,0.8638140911192117,48.66712785996519,5.358551269912632,1,3,0.3318076168096292,47,0.09425797907819627,11.340147890244037,10.923152938563588,4,8.158919901315022,7.941359385510315,0.9632284379607438,-8.347204430967823,0.00023705830582004253
21,0.8638140911192117,48.66712785996519,5.358551269912632,1,3,0.3318076168096292,48,0.12516814092890055,10.271151161084813,10.440552629424573,3,8.636977987671399,8.158919901315022,1.0164929388812411,-6.378825633916255,0.001697114820891286
21,0.8638140911192117,48.66712785996519,5.358551269912632,1,3,0.3318076168096292,49,-0.11435942179986343,9.369499787917835,8.65932042044287,3,3.727427246444292,8.636977987671399,0.9242030648860513,-6.014370893731807,0.0024433850299754693
21,0.8638140911192117,48.66712785996519,5.358551269912632,1,3,0.3318076168096292,50,-0.10657251720030408,10.112285780979256,10.104637880523164,3,6.2047856288255705,3.727427246444292,0.9992437021043771,-7.528774648125388,0.0005373963530319126
21,0.8638140911192117,48.66712785996519,5.358551269912632,1,3,0.3318076168096292,51,0.12811633661312918,9.678286343946704,9.188453587664835,3,6.869760119579357,6.2047856288255705,0.9493884827464073,-5.951855050992624,0.002601011032224717
