data_examples/final_simulated_panel.csv
store_id,store_size,area_income,manager_experience,manager_vacant,base_competitors,store_fe,week,week_fe,price,competitor_price,competitor_count,ad_spend,ad_spend_lag,relative_price,log_sales,sales
22,1.244508267734806,50.805477139983886,5.43999336794353,0,2,-0.7972241484216624,0,0.048845901334352015,9.144592275498667,9.755061242201663,2,6.664019458293675,0.0,1.0667573740098442,-7.257242402081614,0.0007050496006593849
22,1.244508267734806,50.805477139983886,5.43999336794353,0,2,-0.7972241484216624,1,0.13563566401577118,8.548626850150734,8.663767411622494,2,6.425135679797248,6.664019458293675,1.01346889547176,-5.894093270306181,0.002755673861924344
22,1.244508267734806,50.805477139983886,5.43999336794353,0,2,-0.7972241484216624,2,-0.11710587627041394,9.996171940333841,9.722100259882659,2,7.048109223399447,6.425135679797248,0.9725823363096304,-7.1424103009422755,0.0007908436262590806
22,1.244508267734806,50.805477139983886,5.43999336794353,0,2,-0.7972241484216624,3,-0.18173462462506965,8.39601596357951,8.308995220687725,2,7.358085903464677,7.048109223399447,0.9896354719584544,-5.4091399706569465,0.00447548760734125
22,1.244508267734806,50.805477139983886,5.43999336794353,0,2,-0.7972241484216624,4,-0.39836764222427296,9.252119085434385,8.912521861456563,2,11.125490405589996,7.358085903464677,0.963295195312342,-6.848785677629214,0.0010607429950981017
22,1.244508267734806,50.805477139983886,5.43999336794353,0,2,-0.7972241484216624,5,0.1943245963972403,10.38034373367528,10.820176237903668,2,8.412825927778801,11.125490405589996,1.0423716704873183,-7.8571687487073785,0.0003869679253091471
22,1.244508267734806,50.805477139983886,5.43999336794353,0,2,-0.7972241484216624,6,0.0033314601152094115,11.539076614911087,11.406605498418134,2,6.038938764759106,8.412825927778801,0.9885197818756337,-9.276465366519679,9.360138603541636e-05
22,1.244508267734806,50.805477139983886,5.43999336794353,0,2,-0.7972241484216624,7,0.04114626898936563,9.76748756610361,9.976611402524806,3,7.2930187935514414,6.038938764759106,1.0214101973517657,-7.1908480430853094,0.0007534498915143598
22,1.244508267734806,50.805477139983886,5.43999336794353,0,2,-0.7972241484216624,8,-0.1567189753011227,9.981976970006532,10.125976224814249,2,7.372514681080644,7.2930187935514414,1.0144259253693333,-7.449522871661013,0.0005817191006579406
22,1.244508267734806,50.805477139983886,5.43999336794353,0,2,-0.7972241484216624,9,0.24529960585719213,10.593977137552336,10.80058454520138,2,7.945057212996501,7.372514681080644,1.019502345999661,-8.010552397216296,0.00033194130487709605
22,1.244508267734806,50.805477139983886,5.43999336794353,0,2,-0.7972241484216624,10,0.18864011553560334,9.742028531962973,10.694536968858985,2,3.4385405707894963,7.945057212996501,1.0977731109871927,-7.31163246519878,0.0006677261222047174
22,1.244508267734806,50.805477139983886,5.43999336794353,0,2,-0.7972241484216624,11,-0.024364776297538047,11.145547288404819,10.831921482910495,3,7.707619739616823,3.4385405707894963,0.9718608878165542,-9.07105188949922,0.00011494556499911934
22,1.244508267734806,50.805477139983886,5.43999336794353,0,2,-0.7972241484216624,12,-0.11117269158045646,7.76998259407938,7.838989494113189,2,5.567950649159416,7.707619739616823,1.0088812168107546,-5.043199296136775,0.006453069976012283
22,1.244508267734806,50.805477139983886,5.43999336794353,0,2,-0.7972241484216624,13,-0.07133827681171602,10.23218613297164,9.441423487917032,3,6.787381931053263,5.567950649159416,0.9227181137267922,-8.116805241392434,0.00029848071266929045
22,1.244508267734806,50.805477139983886,5.43999336794353,0,2,-0.7972241484216624,14,-0.15972510848492985,9.113782087669794,9.203532752213498,2,9.448109616766287,6.787381931053263,1.0098477957537662,-6.700309639822106,0.0012305308223327781
22,1.244508267734806,50.805477139983886,5.43999336794353,0,2,-0.7972241484216624,15,0.005312829848108214,10.068830592531546,9.940116869381342,2,7.9207337715611414,9.448109616766287,0.9872166164712637,-7.847365328459828,0.0003907801905905181
22,1.244508267734806,50.805477139983886,5.43999336794353,0,2,-0.7972241484216624,16,-0.12323354394010944,11.156913848493797,11.821606096688615,2,9.138581764346018,7.9207337715611414,1.059576712451226,-9.159968356996716,0.0001051662257725786
22,1.244508267734806,50.805477139983886,5.43999336794353,0,2,-0.7972241484216624,17,0.11710850410840844,9.974191272748305,10.239871249092477,2,7.30670004984832,9.138581764346018,1.0266367436796675,-7.593031567545815,0.0005039509744475178
22,1.244508267734806,50.805477139983886,5.43999336794353,0,2,-0.7972241484216624,18,-0.07189371493174873,9.539127709452092,9.147952472880768,2,7.325805604187914,7.30670004984832,0.9589925569207215,-7.363141099061067,0.0006342032323981382
22,1.244508267734806,50.805477139983886,5.43999336794353,0,2,-0.7972241484216624,19,-0.07079141278787165,10.03888700098026,9.636966957848058,2,9.771091104054179,7.325805604187914,0.9599636849091979,-7.97112277532619,0.0003452910838621257
22,1.244508267734806,50.805477139983886,5.43999336794353,0,2,-0.7972241484216624,20,0.3074506008403983,9.537355800481713,10.068721951542377,2,10.278195907101228,9.771091104054179,1.055714200264378,-6.203544685435603,0.0020222496777152744
22,1.244508267734806,50.805477139983886,5.43999336794353,0,2,-0.7972241484216624,21,-0.14514390451041106,10.051918483235902,9.796976860683682,2,9.792201617068663,10.278195907101228,0.9746375159152555,-7.8095403235487755,0.0004058445621368247
22,1.244508267734806,50.805477139983886,5.43999336794353,0,2,-0.7972241484216624,22,-0.31358317758909293,9.60614134031191,9.30790213261186,2,10.804016423656858,9.792201617068663,0.9689532771656714,-6.824008404740298,0.0010873536217611754
22,1.244508267734806,50.805477139983886,5.43999336794353,0,2,-0.7972241484216624,23,0.07324303848148955,9.26759900859202,9.234764994307248,2,7.134764598014421,10.804016423656858,0.996457117506451,-6.576516272728892,0.0013926926147770646
22,1.244508267734806,50.805477139983886,5.43999336794353,0,2,-0.7972241484216624,24,-0.4155737022818746,8.684541747892752,8.931519368691285,2,7.325204976212616,7.134764598014421,1.0284387625701104,-6.539263107657626,0.0014455533238165537
22,1.244508267734806,50.805477139983886,5.43999336794353,0,2,-0.7972241484216624,25,0.05287572716514413,10.539321520379415,10.402740815519685,2,6.163876407470562,7.325204976212616,0.9870408446506134,-7.745288611945744,0.00043277672398676773
22,1.244508267734806,50.805477139983886,5.43999336794353,0,2,-0.7972241484216624,26,0.19634402837852838,9.692328568033606,9.722881610647866,2,8.718727971736106,6.163876407470562,1.0031522912579571,-7.089555101224985,0.0008337682255652091
22,1.244508267734806,50.805477139983886,5.43999336794353,0,2,-0.7972241484216624,27,0.01402300615082264,8.782752142453955,8.566670350166413,2,5.967438426663314,8.718727971736106,0.9753970294524141,-6.5153819447905175,0.0014804903258999469
22,1.244508267734806,50.805477139983886,5.43999336794353,0,2,-0.7972241484216624,28,0.0018550148592412774,8.856648901719065,8.160959259530017,3,4.325774460078544,5.967438426663314,0.9214500145699559,-6.079980992917946,0.002288220144896892
22,1.244508267734806,50.805477139983886,5.43999336794353,0,2,-0.7972241484216624,29,-0.41012187044991083,10.0766624739576,9.284788678010157,2,6.83152915297518,4.325774460078544,0.9214150719056055,-8.132919738546438,0.0002937093930325346
22,1.244508267734806,50.805477139983886,5.43999336794353,0,2,-0.7972241484216624,30,0.11106073711175773,9.191561297062698,8.392272453102679,2,9.33041234347335,6.83152915297518,0.9130410146733783,-6.1236439382866905,0.002190459503338306
22,1.244508267734806,50.805477139983886,5.43999336794353,0,2,-0.7972241484216624,31,0.07925851344932232,10.196308939619461,9.78970823729006,3,7.687499606672431,9.33041234347335,0.9601227557209957,-7.687414275128539,0.000458562356177178
22,1.244508267734806,50.805477139983886,5.43999336794353,0,2,-0.7972241484216624,32,-0.2343995516749002,11.062477458279062,11.137221954850915,2,7.993980227959193,7.687499606672431,1.0067565784295376,-8.355750833057327,0.0002350409430955157
22,1.244508267734806,50.805477139983886,5.43999336794353,0,2,-0.7972241484216624,33,0.3826341494492407,13.029073376731892,13.216426731548584,2,8.95384537302801,7.993980227959193,1.014379637707105,-10.810600436069473,2.0184401878664002e-05
22,1.244508267734806,50.805477139983886,5.43999336794353,0,2,-0.7972241484216624,34,-0.2448032401480451,10.388218951140116,10.275390229997884,2,7.909979972351671,8.95384537302801,0.9891387809909562,-8.154901100403668,0.0002873237008071465
22,1.244508267734806,50.805477139983886,5.43999336794353,0,2,-0.7972241484216624,35,-0.33585807234342985,11.553198960527626,12.544598665157157,2,5.66415715379064,7.909979972351671,1.0858117053135432,-9.758672685167749,5.779127847150002e-05
22,1.244508267734806,50.805477139983886,5.43999336794353,0,2,-0.7972241484216624,36,-0.36221155398213295,8.628303147638967,8.363158590964966,2,5.321781099831903,5.66415715379064,0.969270370762697,-6.37713554259244,0.0016999855251184192
22,1.244508267734806,50.805477139983886,5.43999336794353,0,2,-0.7972241484216624,37,0.005194181464211946,9.495204870365756,9.842521705199015,2,2.3502511517145335,5.321781099831903,1.0365781296533396,-6.952731764536986,0.0009560199618477528
22,1.244508267734806,50.805477139983886,5.43999336794353,0,2,-0.7972241484216624,38,0.0675742500294194,10.28393699478762,9.88057359874624,3,5.7949472795973,2.3502511517145335,0.9607773369045509,-7.502025045160538,0.0005519654826019632
22,1.244508267734806,50.805477139983886,5.43999336794353,0,2,-0.7972241484216624,39,0.08819478218692851,10.537409573510756,10.28795571046745,2,8.742521204156754,5.7949472795973,0.9763268323867387,-7.946514100241286,0.00035389365476138284
22,1.244508267734806,50.805477139983886,5.43999336794353,0,2,-0.7972241484216624,40,-0.06747199564309786,8.678313182983777,8.866287948872898,2,7.67632002038002,8.742521204156754,1.0216602883447095,-5.4910429471037085,0.004123541295356913
22,1.244508267734806,50.805477139983886,5.43999336794353,0,2,-0.7972241484216624,41,-0.16253500440717236,11.114808673711329,10.745105147985987,2,8.600248577344365,7.67632002038002,0.9667377517167919,-8.824289384492877,0.00014711596796320768
22,1.244508267734806,50.805477139983886,5.43999336794353,0,2,-0.7972241484216624,42,0.16855291640160835,10.677262914661268,9.952667203751547,2,9.836150660837559,8.600248577344365,0.9321365675172466,-7.987452732828204,0.00033969828450898173
22,1.244508267734806,50.805477139983886,5.43999336794353,0,2,-0.7972241484216624,43,-0.17951707731235617,10.504304799563664,9.587864201033208,2,8.14662552270662,9.836150660837559,0.912755711489967,-7.2927094759987705,0.0006804818035875336
22,1.244508267734806,50.805477139983886,5.43999336794353,0,2,-0.7972241484216624,44,-0.2419680411959665,10.621769328805636,9.822396697494302,2,6.573600004360924,8.14662552270662,0.9247420456454952,-8.596994418229162,0.00018465997108051604
22,1.244508267734806,50.805477139983886,5.43999336794353,0,2,-0.7972241484216624,45,0.2802631334986427,9.716076755711718,10.12806403907109,3,8.895794208826693,6.573600004360924,1.0424026377845543,-7.548367889691606,0.0005269694979811389
22,1.244508267734806,50.805477139983886,5.43999336794353,0,2,-0.7972241484216624,46,0.035514301628569965,11.128710850259104,11.11346877600095,2,6.724618361573978,8.895794208826693,0.9986303827583228,-8.837039290252005,0.00014525216017119414
22,1.244508267734806,50.805477139983886,5.43999336794353,0,2,-0.7972241484216624,47,0.09425797907819627,10.396719611970848,10.084576794286072,2,3.806918452990727,6.724618361573978,0.9699767975539734,-7.476958273970292,0.0005659763449719176
22,1.244508267734806,50.805477139983886,5.43999336794353,0,2,-0.7972241484216624,48,0.12516814092890055,9.8974276390861,9.607768028085326,2,7.602758708238139,3.806918452990727,0.9707338490804546,-7.434138158664524,0.0005907378798440706
22,1.244508267734806,50.805477139983886,5.43999336794353,0,2,-0.7972241484216624,49,-0.11435942179986343,10.738046262919884,10.037262976814901,2,9.251034957896096,7.602758708238139,0.9347382876785608,-8.649372966772386,0.00017523669294506743
22,1.244508267734806,50.805477139983886,5.43999336794353,0,2,-0.7972241484216624,50,-0.10657251720030408,9.25721373741247,8.997010740774268,3,6.837078285720418,9.251034957896096,0.9718918668166202,-6.515221623786355,0.0014807276986230557
22,1.244508267734806,50.805477139983886,5.43999336794353,0,2,-0.7972241484216624,51,0.12811633661312918,9.865208446330412,9.737710095598766,3,9.665913605456886,6.837078285720418,0.9870759597807514,-7.041500417141085,0.0008748129926440831
