data_examples/final_simulated_panel.csv
store_id,store_size,area_income,manager_experience,manager_vacant,base_competitors,store_fe,week,week_fe,price,competitor_price,competitor_count,ad_spend,ad_spend_lag,relative_price,log_sales,sales
23,0.9690941035862396,64.97160744053764,7.718375150480873,0,1,-0.5185889312299045,0,0.048845901334352015,9.485781740191573,9.78782011801184,1,6.6823983321569695,0.0,1.0318411688243385,-6.193945376816586,0.002041755347165071
23,0.9690941035862396,64.97160744053764,7.718375150480873,0,1,-0.5185889312299045,1,0.13563566401577118,10.106736418774062,11.679749265255975,1,4.703621876033602,6.6823983321569695,1.1556400386142371,-7.738493376071856,0.0004357275583601696
23,0.9690941035862396,64.97160744053764,7.718375150480873,0,1,-0.5185889312299045,2,-0.11710587627041394,9.576688762034657,9.712257214557882,1,5.957584348680054,4.703621876033602,1.0141560883821,-6.46965995514506,0.0015497526287458075
23,0.9690941035862396,64.97160744053764,7.718375150480873,0,1,-0.5185889312299045,3,-0.18173462462506965,10.108706396663193,9.766036758804086,1,7.813547026736055,5.957584348680054,0.9661015342208159,-7.312330868254648,0.0006672599430499089
23,0.9690941035862396,64.97160744053764,7.718375150480873,0,1,-0.5185889312299045,4,-0.39836764222427296,8.675619966779033,8.923487138751689,1,9.521815918228157,7.813547026736055,1.02857054284556,-5.346190159064021,0.0047662752027025
23,0.9690941035862396,64.97160744053764,7.718375150480873,0,1,-0.5185889312299045,5,0.1943245963972403,8.806610108732881,8.97926125277149,1,8.044517780201684,9.521815918228157,1.0196047221242828,-5.277772357947386,0.0051037875503821455
23,0.9690941035862396,64.97160744053764,7.718375150480873,0,1,-0.5185889312299045,6,0.0033314601152094115,10.374641639686217,9.84229985023092,1,9.62810654339746,8.044517780201684,0.948688175655251,-6.874285929217446,0.001034035749801519
23,0.9690941035862396,64.97160744053764,7.718375150480873,0,1,-0.5185889312299045,7,0.04114626898936563,9.932552543482407,9.715260525380575,1,9.772763850550628,9.62810654339746,0.9781232450419388,-7.014387798747129,0.0008988559240924366
23,0.9690941035862396,64.97160744053764,7.718375150480873,0,1,-0.5185889312299045,8,-0.1567189753011227,9.274618030373693,9.21906085870204,1,10.842305061397008,9.772763850550628,0.9940097617508659,-6.687355927502907,0.0012465744525493616
23,0.9690941035862396,64.97160744053764,7.718375150480873,0,1,-0.5185889312299045,9,0.24529960585719213,10.241720330442805,9.868267245565082,1,12.36640424893125,10.842305061397008,0.9635360981526063,-6.449483573324423,0.0015813386033416525
23,0.9690941035862396,64.97160744053764,7.718375150480873,0,1,-0.5185889312299045,10,0.18864011553560334,10.308449029673355,10.242776251931152,1,10.837240882769489,12.36640424893125,0.9936292280678538,-6.833531153172477,0.001077048172740653
23,0.9690941035862396,64.97160744053764,7.718375150480873,0,1,-0.5185889312299045,11,-0.024364776297538047,10.956366921154324,11.548311209832605,1,9.713566949039285,10.837240882769489,1.054027424687226,-7.793175214924978,0.00041254089614876384
23,0.9690941035862396,64.97160744053764,7.718375150480873,0,1,-0.5185889312299045,12,-0.11117269158045646,10.437236181018848,10.991284661221474,1,10.067071349811968,9.713566949039285,1.0530838308718373,-7.174582713878718,0.0007658052113191725
23,0.9690941035862396,64.97160744053764,7.718375150480873,0,1,-0.5185889312299045,13,-0.07133827681171602,9.362766332862991,9.065429078248105,1,10.218824342325645,10.067071349811968,0.9682425851458833,-6.072977433650268,0.0023043020799571935
23,0.9690941035862396,64.97160744053764,7.718375150480873,0,1,-0.5185889312299045,14,-0.15972510848492985,10.131173050826124,10.069517836728316,2,11.51624770453692,10.218824342325645,0.9939143064886469,-6.971096732373089,0.000938622922985807
23,0.9690941035862396,64.97160744053764,7.718375150480873,0,1,-0.5185889312299045,15,0.005312829848108214,11.068110779798781,11.078042586751506,1,9.256294130109133,11.51624770453692,1.000897335340269,-7.859158676734974,0.00038619865264126344
23,0.9690941035862396,64.97160744053764,7.718375150480873,0,1,-0.5185889312299045,16,-0.12323354394010944,10.646092974850447,10.526447798840778,1,10.856113921106724,9.256294130109133,0.9887615882847999,-7.722093163096019,0.000442932502939211
23,0.9690941035862396,64.97160744053764,7.718375150480873,0,1,-0.5185889312299045,17,0.11710850410840844,9.530045949283274,9.652035839066917,1,9.497924950913971,10.856113921106724,1.0128005563071623,-5.783928976018954,0.00307660372829896
23,0.9690941035862396,64.97160744053764,7.718375150480873,0,1,-0.5185889312299045,18,-0.07189371493174873,11.233582250113924,10.485303404197396,1,9.873152281386785,9.497924950913971,0.933389115844241,-8.367170140693528,0.00023237220483118227
23,0.9690941035862396,64.97160744053764,7.718375150480873,0,1,-0.5185889312299045,19,-0.07079141278787165,9.46968505083046,9.472327864794883,1,10.402116058271593,9.873152281386785,1.000279081505904,-6.184964251462776,0.0020601751995686086
23,0.9690941035862396,64.97160744053764,7.718375150480873,0,1,-0.5185889312299045,20,0.3074506008403983,9.96429363806592,9.485626980798255,2,11.837522865142544,10.402116058271593,0.9519618073639413,-6.429171854285898,0.001613786731816938
23,0.9690941035862396,64.97160744053764,7.718375150480873,0,1,-0.5185889312299045,21,-0.14514390451041106,8.466652592312862,8.720430457312307,1,12.69334019439737,11.837522865142544,1.0299738134088388,-4.741864714311068,0.008722366290265985
23,0.9690941035862396,64.97160744053764,7.718375150480873,0,1,-0.5185889312299045,22,-0.31358317758909293,10.238177395026865,9.974859398525835,1,6.683389565532662,12.69334019439737,0.9742807741709052,-7.404889607505984,0.0006082712701412442
23,0.9690941035862396,64.97160744053764,7.718375150480873,0,1,-0.5185889312299045,23,0.07324303848148955,10.463666978366476,9.527689000022448,1,7.978116723931516,6.683389565532662,0.9105497164350554,-7.486680047331502,0.0005605007107820231
23,0.9690941035862396,64.97160744053764,7.718375150480873,0,1,-0.5185889312299045,24,-0.4155737022818746,9.981661254200185,10.16107140879806,1,11.689769590434407,7.978116723931516,1.0179739774801895,-7.125848673422595,0.0008040503443277684
23,0.9690941035862396,64.97160744053764,7.718375150480873,0,1,-0.5185889312299045,25,0.05287572716514413,10.178092482125829,9.62191912968396,1,7.529471138625408,11.689769590434407,0.9453558362317313,-6.534142601580658,0.0014529742716855615
23,0.9690941035862396,64.97160744053764,7.718375150480873,0,1,-0.5185889312299045,26,0.19634402837852838,9.526515604614344,9.8920162901717,1,9.862540332280274,7.529471138625408,1.0383666705359007,-5.594532228149577,0.0037181381691481124
23,0.9690941035862396,64.97160744053764,7.718375150480873,0,1,-0.5185889312299045,27,0.01402300615082264,10.685626714958602,9.89387629211975,1,8.562961452218723,9.862540332280274,0.9259051018757284,-7.570941715466079,0.0005152070416513096
23,0.9690941035862396,64.97160744053764,7.718375150480873,0,1,-0.5185889312299045,28,0.0018550148592412774,9.72714566015392,10.143087670736408,1,8.28796397908494,8.562961452218723,1.0427609521965262,-5.608302113077113,0.003667290719607177
23,0.9690941035862396,64.97160744053764,7.718375150480873,0,1,-0.5185889312299045,29,-0.41012187044991083,10.76400993981669,10.312249121403863,1,7.6706611961009274,8.28796397908494,0.9580304346671273,-8.030343027778168,0.00032543655599276807
23,0.9690941035862396,64.97160744053764,7.718375150480873,0,1,-0.5185889312299045,30,0.11106073711175773,10.638439466983206,11.939208398113445,1,10.459711139441989,7.6706611961009274,1.1222706521165275,-7.4850285544534385,0.0005614271384978528
23,0.9690941035862396,64.97160744053764,7.718375150480873,0,1,-0.5185889312299045,31,0.07925851344932232,10.338676621020637,10.568707288937162,1,12.881840967030922,10.459711139441989,1.0222495273184988,-7.330322682426585,0.0006553620791765814
23,0.9690941035862396,64.97160744053764,7.718375150480873,0,1,-0.5185889312299045,32,-0.2343995516749002,10.582373708324171,11.380223377851948,2,6.304178701316621,12.881840967030922,1.0753942065852562,-8.065653745738604,0.0003141456752450633
23,0.9690941035862396,64.97160744053764,7.718375150480873,0,1,-0.5185889312299045,33,0.3826341494492407,10.571009620908441,10.982054147276887,1,9.668281670881171,6.304178701316621,1.0388841313279518,-7.046884279349185,0.0008701157759636272
23,0.9690941035862396,64.97160744053764,7.718375150480873,0,1,-0.5185889312299045,34,-0.2448032401480451,10.17048731241012,10.319801968974701,1,12.466005816002388,9.668281670881171,1.0146811703292118,-7.031890687522612,0.00088326023180604
23,0.9690941035862396,64.97160744053764,7.718375150480873,0,1,-0.5185889312299045,35,-0.33585807234342985,8.93209235882088,8.150953262283751,1,10.805418923318182,12.466005816002388,0.9125469078064654,-5.610647827500908,0.003658698384392124
23,0.9690941035862396,64.97160744053764,7.718375150480873,0,1,-0.5185889312299045,36,-0.36221155398213295,11.870259500797992,12.50027649092484,1,8.605781582821443,10.805418923318182,1.0530752499626899,-9.267961023289766,9.44007987711556e-05
23,0.9690941035862396,64.97160744053764,7.718375150480873,0,1,-0.5185889312299045,37,0.005194181464211946,12.488806052657512,12.745361034716515,2,11.662008385716588,8.605781582821443,1.020542794961926,-9.02381963968161,0.00012050496052701068
23,0.9690941035862396,64.97160744053764,7.718375150480873,0,1,-0.5185889312299045,38,0.0675742500294194,10.654450380714596,10.679126389059137,1,6.172085633987548,11.662008385716588,1.0023160282757717,-7.050966252839768,0.0008665712257341988
23,0.9690941035862396,64.97160744053764,7.718375150480873,0,1,-0.5185889312299045,39,0.08819478218692851,9.724770771614127,9.982286969636103,1,9.339650738183416,6.172085633987548,1.0264804388781736,-6.044238494774003,0.002371486050575979
23,0.9690941035862396,64.97160744053764,7.718375150480873,0,1,-0.5185889312299045,40,-0.06747199564309786,10.664348872472681,10.818245351155618,2,8.690135969010445,9.339650738183416,1.0144309306197006,-7.528010292723775,0.0005378072718611669
23,0.9690941035862396,64.97160744053764,7.718375150480873,0,1,-0.5185889312299045,41,-0.16253500440717236,9.204300845833357,9.567142702358714,2,10.344727047995612,8.690135969010445,1.0394209036191608,-5.834301281754394,0.002925466623107039
23,0.9690941035862396,64.97160744053764,7.718375150480873,0,1,-0.5185889312299045,42,0.16855291640160835,10.99052544342449,10.512791811851779,2,9.906883293996165,10.344727047995612,0.956532230052883,-8.113082311141255,0.00029959400661586284
23,0.9690941035862396,64.97160744053764,7.718375150480873,0,1,-0.5185889312299045,43,-0.17951707731235617,12.005971654271105,12.29689109215758,1,9.363176823995701,9.906883293996165,1.0242312281141344,-8.921056296884702,0.0001335471048708582
23,0.9690941035862396,64.97160744053764,7.718375150480873,0,1,-0.5185889312299045,44,-0.2419680411959665,10.964180784906787,10.625422800143573,1,8.476256047849816,9.363176823995701,0.9691032105901112,-8.54189547936711,0.0001951200633534254
23,0.9690941035862396,64.97160744053764,7.718375150480873,0,1,-0.5185889312299045,45,0.2802631334986427,11.025213629100298,10.491940301414658,1,4.957658739229822,8.476256047849816,0.9516314743980923,-8.002282802691365,0.00033469770632737794
23,0.9690941035862396,64.97160744053764,7.718375150480873,0,1,-0.5185889312299045,46,0.035514301628569965,8.715760974603965,8.752638886781115,1,6.415223014021864,4.957658739229822,1.0042311752564814,-5.1762809294423295,0.005648976337499618
23,0.9690941035862396,64.97160744053764,7.718375150480873,0,1,-0.5185889312299045,47,0.09425797907819627,10.234889508025027,9.526339575055,1,9.865726865535784,6.415223014021864,0.9307711204488857,-7.196116873074581,0.0007494905318864111
23,0.9690941035862396,64.97160744053764,7.718375150480873,0,1,-0.5185889312299045,48,0.12516814092890055,9.359165086943552,9.197380337491005,1,9.773770437239682,9.865726865535784,0.9827137626113419,-6.100146936206636,0.0022425381852219646
23,0.9690941035862396,64.97160744053764,7.718375150480873,0,1,-0.5185889312299045,49,-0.11435942179986343,12.137795787780924,11.702734551442186,1,10.624943098851748,9.773770437239682,0.9641564873931465,-9.358581791183607,8.622229326364331e-05
23,0.9690941035862396,64.97160744053764,7.718375150480873,0,1,-0.5185889312299045,50,-0.10657251720030408,10.499942171974313,10.312580557040576,1,5.687959971374087,10.624943098851748,0.982155938398039,-7.33967739249881,0.000649259943289642
23,0.9690941035862396,64.97160744053764,7.718375150480873,0,1,-0.5185889312299045,51,0.12811633661312918,10.314108319276567,10.775207701227332,1,11.214243745753919,5.687959971374087,1.0447056951194698,-6.482956975394931,0.00152928193787357
