data_examples/final_simulated_panel.csv
store_id,store_size,area_income,manager_experience,manager_vacant,base_competitors,store_fe,week,week_fe,price,competitor_price,competitor_count,ad_spend,ad_spend_lag,relative_price,log_sales,sales
24,0.9143344355673786,61.42425736070565,6.670222491829157,0,3,-0.5928741589771284,0,0.048845901334352015,10.567981479450468,10.687841102891246,3,6.893796042696616,0.0,1.0113417707699286,-7.826546333647874,0.0003990011201647604
24,0.9143344355673786,61.42425736070565,6.670222491829157,0,3,-0.5928741589771284,1,0.13563566401577118,11.069140956784258,11.057894217895848,3,9.46213897617505,6.893796042696616,0.9989839555813482,-7.982574314414087,0.0003413595236906345
24,0.9143344355673786,61.42425736070565,6.670222491829157,0,3,-0.5928741589771284,2,-0.11710587627041394,10.687575095257278,10.92209104715366,3,10.08679961178007,9.46213897617505,1.021942858862386,-7.496172565134822,0.0005552053208606797
24,0.9143344355673786,61.42425736070565,6.670222491829157,0,3,-0.5928741589771284,3,-0.18173462462506965,9.425465368360406,9.052001790431422,3,10.2010473392356,10.08679961178007,0.9603771736106915,-7.343374579458835,0.0006468639398592497
24,0.9143344355673786,61.42425736070565,6.670222491829157,0,3,-0.5928741589771284,4,-0.39836764222427296,10.464689458095885,10.898877086906815,3,10.904667303176936,10.2010473392356,1.0414907322906775,-7.943110071385281,0.0003551003716584902
24,0.9143344355673786,61.42425736070565,6.670222491829157,0,3,-0.5928741589771284,5,0.1943245963972403,10.646918925630674,10.97109317558083,3,10.227881971420958,10.904667303176936,1.0304477053140473,-7.32911076303474,0.000656156806664571
24,0.9143344355673786,61.42425736070565,6.670222491829157,0,3,-0.5928741589771284,6,0.0033314601152094115,9.870545628285065,10.251233473263198,3,10.582053279176058,10.227881971420958,1.0385680649595737,-6.777756053026911,0.0011388275018208046
24,0.9143344355673786,61.42425736070565,6.670222491829157,0,3,-0.5928741589771284,7,0.04114626898936563,10.832349639851316,10.55621861172308,4,7.7341332216384,10.582053279176058,0.9745086673428291,-8.430965388574561,0.00021801092351260372
24,0.9143344355673786,61.42425736070565,6.670222491829157,0,3,-0.5928741589771284,8,-0.1567189753011227,9.494974360829621,9.497775147500992,4,8.043475928862703,7.7341332216384,1.0002949756960824,-7.162263328094668,0.0007752978126063159
24,0.9143344355673786,61.42425736070565,6.670222491829157,0,3,-0.5928741589771284,9,0.24529960585719213,10.726867965423375,11.298384516536272,3,5.457375458921483,8.043475928862703,1.0532789769534876,-8.372795833199632,0.00023106862048022356
24,0.9143344355673786,61.42425736070565,6.670222491829157,0,3,-0.5928741589771284,10,0.18864011553560334,11.27649506078418,11.385401852722683,3,9.651439844538107,5.457375458921483,1.0096578583461846,-9.14021680933544,0.00010726407113850281
24,0.9143344355673786,61.42425736070565,6.670222491829157,0,3,-0.5928741589771284,11,-0.024364776297538047,10.639920945610488,10.877852356140904,3,5.814329753006206,9.651439844538107,1.0223621408229142,-7.925663732319393,0.000361349930590414
24,0.9143344355673786,61.42425736070565,6.670222491829157,0,3,-0.5928741589771284,12,-0.11117269158045646,9.416380516417663,9.06758332760501,4,9.424101136218805,5.814329753006206,0.9629584649638451,-6.757285354721759,0.0011623803451288129
24,0.9143344355673786,61.42425736070565,6.670222491829157,0,3,-0.5928741589771284,13,-0.07133827681171602,10.706047979524497,10.34573697997139,4,9.249062885166474,9.424101136218805,0.9663450976268546,-8.424626395076638,0.00021939728275802996
24,0.9143344355673786,61.42425736070565,6.670222491829157,0,3,-0.5928741589771284,14,-0.15972510848492985,11.081381824215464,10.795906024860306,4,7.721042264204048,9.249062885166474,0.9742382489942432,-8.63081553712422,0.00017851899691303838
24,0.9143344355673786,61.42425736070565,6.670222491829157,0,3,-0.5928741589771284,15,0.005312829848108214,10.963613187556591,10.31545709093532,3,6.158641447291405,7.721042264204048,0.940881159747873,-8.409574443933025,0.00022272461856695774
24,0.9143344355673786,61.42425736070565,6.670222491829157,0,3,-0.5928741589771284,16,-0.12323354394010944,9.43364435972816,9.624875814995935,3,7.2107918475160115,6.158641447291405,1.0202712173552073,-6.738068605354098,0.0011849335222282704
24,0.9143344355673786,61.42425736070565,6.670222491829157,0,3,-0.5928741589771284,17,0.11710850410840844,10.285542818150075,10.37604780424025,3,12.412036442336538,7.2107918475160115,1.0087992425572783,-6.7590931121706745,0.0011602809415793708
24,0.9143344355673786,61.42425736070565,6.670222491829157,0,3,-0.5928741589771284,18,-0.07189371493174873,10.405652912237407,10.177167224356795,3,6.280419662946006,12.412036442336538,0.9780421574880799,-8.404606517068117,0.00022383385119495043
24,0.9143344355673786,61.42425736070565,6.670222491829157,0,3,-0.5928741589771284,19,-0.07079141278787165,13.2395274343603,13.909941681382705,3,9.003433231467634,6.280419662946006,1.050637324507708,-11.281725171975447,1.2601116057020563e-05
24,0.9143344355673786,61.42425736070565,6.670222491829157,0,3,-0.5928741589771284,20,0.3074506008403983,11.025486487544507,10.225944509661954,3,6.998183279884576,9.003433231467634,0.9274823855812806,-8.2444052718898,0.00026272432435698006
24,0.9143344355673786,61.42425736070565,6.670222491829157,0,3,-0.5928741589771284,21,-0.14514390451041106,10.169537025395528,10.938871992872743,3,7.944599899087546,6.998183279884576,1.0756509333272517,-7.98260619351681,0.00034134864162876943
24,0.9143344355673786,61.42425736070565,6.670222491829157,0,3,-0.5928741589771284,22,-0.31358317758909293,11.505966997243984,11.830629942083497,3,9.430976124937734,7.944599899087546,1.028216919526823,-9.201450183279764,0.0001008929823791371
24,0.9143344355673786,61.42425736070565,6.670222491829157,0,3,-0.5928741589771284,23,0.07324303848148955,10.207710080507328,10.165366632370123,4,9.035650345535366,9.430976124937734,0.9958518171261482,-7.55481696960732,0.0005235819645532083
24,0.9143344355673786,61.42425736070565,6.670222491829157,0,3,-0.5928741589771284,24,-0.4155737022818746,10.424725195393254,10.7322070964628,3,8.77826332081772,9.035650345535366,1.0294954442737179,-7.928127690014153,0.0003604606756416167
24,0.9143344355673786,61.42425736070565,6.670222491829157,0,3,-0.5928741589771284,25,0.05287572716514413,11.97655457760523,12.892042004035522,3,7.69075022857257,8.77826332081772,1.0764399661436979,-9.561469769414469,7.038926660546681e-05
24,0.9143344355673786,61.42425736070565,6.670222491829157,0,3,-0.5928741589771284,26,0.19634402837852838,11.674045477863595,11.623624048560579,3,8.528330888543337,7.69075022857257,0.9956808949049731,-8.806236860235416,0.00014979589952765387
24,0.9143344355673786,61.42425736070565,6.670222491829157,0,3,-0.5928741589771284,27,0.01402300615082264,10.77249627891813,11.852794106895995,4,6.640419875941026,8.528330888543337,1.1002829613496379,-8.009459495549281,0.0003323042823957855
24,0.9143344355673786,61.42425736070565,6.670222491829157,0,3,-0.5928741589771284,28,0.0018550148592412774,9.771819737273454,9.394444371713147,3,8.655292060234672,6.640419875941026,0.9613812600205003,-7.271580392844759,0.0006950127322071565
24,0.9143344355673786,61.42425736070565,6.670222491829157,0,3,-0.5928741589771284,29,-0.41012187044991083,7.662018178239815,6.426805634011268,3,11.42243280988203,8.655292060234672,0.8387875732614993,-4.310155153184174,0.013431465497932275
24,0.9143344355673786,61.42425736070565,6.670222491829157,0,3,-0.5928741589771284,30,0.11106073711175773,10.610725847936706,10.237231131840714,3,9.186005176512154,11.42243280988203,0.9648002670648003,-7.264179012518069,0.0007001758693711434
24,0.9143344355673786,61.42425736070565,6.670222491829157,0,3,-0.5928741589771284,31,0.07925851344932232,9.606793702290345,10.586585193040484,3,8.036251601377057,9.186005176512154,1.101989438007454,-6.908447207806919,0.000999308310502765
24,0.9143344355673786,61.42425736070565,6.670222491829157,0,3,-0.5928741589771284,32,-0.2343995516749002,11.53044116433512,12.183198585695493,3,5.760159890442438,8.036251601377057,1.0566116605650286,-9.59646367130157,6.796867156000553e-05
24,0.9143344355673786,61.42425736070565,6.670222491829157,0,3,-0.5928741589771284,33,0.3826341494492407,11.609593904853305,11.460856613100624,3,9.950461932715426,5.760159890442438,0.9871884156352357,-8.59707194375162,0.0001846456557746888
24,0.9143344355673786,61.42425736070565,6.670222491829157,0,3,-0.5928741589771284,34,-0.2448032401480451,9.32267447154245,8.558606958913366,3,10.875684356195858,9.950461932715426,0.9180420259270655,-6.090776340199649,0.002263650869314104
24,0.9143344355673786,61.42425736070565,6.670222491829157,0,3,-0.5928741589771284,35,-0.33585807234342985,9.295627241556566,9.313377392498786,3,5.686904447308395,10.875684356195858,1.001909516214556,-6.509112598966363,0.001489801187752068
24,0.9143344355673786,61.42425736070565,6.670222491829157,0,3,-0.5928741589771284,36,-0.36221155398213295,10.13082871056743,10.17760338686672,3,10.336794592820972,5.686904447308395,1.004617063187585,-7.6926330786279165,0.0004561754431805042
24,0.9143344355673786,61.42425736070565,6.670222491829157,0,3,-0.5928741589771284,37,0.005194181464211946,10.644501615794113,10.595199242950494,3,9.009207931998322,10.336794592820972,0.9953682779501424,-7.800057087598315,0.00040971158886154025
24,0.9143344355673786,61.42425736070565,6.670222491829157,0,3,-0.5928741589771284,38,0.0675742500294194,11.436314784704061,10.292406778302517,3,12.970161245335389,9.009207931998322,0.8999758201889032,-8.618813663206273,0.00018067446838066677
24,0.9143344355673786,61.42425736070565,6.670222491829157,0,3,-0.5928741589771284,39,0.08819478218692851,9.298975022163605,8.999591486702833,3,5.6364208869481836,12.970161245335389,0.9678046736605693,-6.502042526102164,0.00150037151315746
24,0.9143344355673786,61.42425736070565,6.670222491829157,0,3,-0.5928741589771284,40,-0.06747199564309786,8.524534538963811,8.67963973868836,3,6.036177278675014,5.6364208869481836,1.018195151772287,-5.7220907081829395,0.0032728611468373684
24,0.9143344355673786,61.42425736070565,6.670222491829157,0,3,-0.5928741589771284,41,-0.16253500440717236,10.22739112574956,10.556112710937166,3,8.980724972469778,6.036177278675014,1.0321412940158299,-8.083966457440368,0.00030844517121241194
24,0.9143344355673786,61.42425736070565,6.670222491829157,0,3,-0.5928741589771284,42,0.16855291640160835,10.02787194078193,9.427905797018488,3,8.412754881144323,8.980724972469778,0.9401701430466552,-6.670489835142954,0.0012677775968677
24,0.9143344355673786,61.42425736070565,6.670222491829157,0,3,-0.5928741589771284,43,-0.17951707731235617,10.393842665301632,9.92082232293862,3,7.394363531135489,8.412754881144323,0.9544903307087643,-7.619294290707745,0.0004908881332213424
24,0.9143344355673786,61.42425736070565,6.670222491829157,0,3,-0.5928741589771284,44,-0.2419680411959665,11.875283575529991,11.810123992905103,4,6.861155429090934,7.394363531135489,0.9945130082822481,-9.75972447903682,5.773052591430228e-05
24,0.9143344355673786,61.42425736070565,6.670222491829157,0,3,-0.5928741589771284,45,0.2802631334986427,10.017644478281998,10.483635762716418,3,8.305275303799094,6.861155429090934,1.0465170515328905,-6.88231107944796,0.001025770666192447
24,0.9143344355673786,61.42425736070565,6.670222491829157,0,3,-0.5928741589771284,46,0.035514301628569965,11.498906092962905,12.14304765843711,3,9.628189169181566,8.305275303799094,1.0560176385707165,-9.225889619175328,9.84571018192774e-05
24,0.9143344355673786,61.42425736070565,6.670222491829157,0,3,-0.5928741589771284,47,0.09425797907819627,10.318860456738712,9.952308627810059,3,9.152645026160709,9.628189169181566,0.9644774894994071,-7.577733799552632,0.0005117195691129092
24,0.9143344355673786,61.42425736070565,6.670222491829157,0,3,-0.5928741589771284,48,0.12516814092890055,11.001108978238948,10.825014482146955,3,6.153275111026479,9.152645026160709,0.9839930232088127,-8.078241490953666,0.00031021607382282555
24,0.9143344355673786,61.42425736070565,6.670222491829157,0,3,-0.5928741589771284,49,-0.11435942179986343,11.376424180705595,11.65010936471813,3,9.416993715566813,6.153275111026479,1.0240572239277703,-8.48566907367833,0.00020640525308689682
24,0.9143344355673786,61.42425736070565,6.670222491829157,0,3,-0.5928741589771284,50,-0.10657251720030408,10.454362462166843,10.657655183591785,3,7.502927510756317,9.416993715566813,1.0194457311156597,-7.3139209381488195,0.0006661997961800553
24,0.9143344355673786,61.42425736070565,6.670222491829157,0,3,-0.5928741589771284,51,0.12811633661312918,9.020666428475966,8.704903462284665,3,9.439154326023056,7.502927510756317,0.9649956055137437,-5.924568319642551,0.002672961301074773
