data_examples/final_simulated_panel.csv
store_id,store_size,area_income,manager_experience,manager_vacant,base_competitors,store_fe,week,week_fe,price,competitor_price,competitor_count,ad_spend,ad_spend_lag,relative_price,log_sales,sales
25,0.9295732899023541,66.90485354067768,5.7137421182990185,1,2,-0.933446447939322,0,0.048845901334352015,9.132266993840895,8.357531741901926,2,7.624269925709765,0.0,0.9151650677250812,-6.658924192431735,0.0012825253789864703
25,0.9295732899023541,66.90485354067768,5.7137421182990185,1,2,-0.933446447939322,1,0.13563566401577118,9.926701349641833,9.631286524518984,3,7.471888243214671,7.624269925709765,0.970240383515365,-7.5751160448371815,0.0005130608802737911
25,0.9295732899023541,66.90485354067768,5.7137421182990185,1,2,-0.933446447939322,2,-0.11710587627041394,8.640830799079737,8.305252817656903,3,10.106126460914378,7.471888243214671,0.9611636902485612,-5.796863876535794,0.003037064434837889
25,0.9295732899023541,66.90485354067768,5.7137421182990185,1,2,-0.933446447939322,3,-0.18173462462506965,8.802741255802395,9.37249084572454,2,8.916372674731313,10.106126460914378,1.0647241096114906,-6.167896583689299,0.002095639369864066
25,0.9295732899023541,66.90485354067768,5.7137421182990185,1,2,-0.933446447939322,4,-0.39836764222427296,9.601263292245884,9.351631886549821,2,10.675649201328273,8.916372674731313,0.9740001499700911,-7.436693924047133,0.0005892300201091956
25,0.9295732899023541,66.90485354067768,5.7137421182990185,1,2,-0.933446447939322,5,0.1943245963972403,9.142691581216884,8.511810600468017,2,5.293517577282342,10.675649201328273,0.9309961431877486,-6.451700416778048,0.001577836906002342
25,0.9295732899023541,66.90485354067768,5.7137421182990185,1,2,-0.933446447939322,6,0.0033314601152094115,10.833711204207226,11.182358302359052,2,9.762014602038947,5.293517577282342,1.0321816865504436,-8.450969506217403,0.0002136931380796028
25,0.9295732899023541,66.90485354067768,5.7137421182990185,1,2,-0.933446447939322,7,0.04114626898936563,10.814881384510187,11.25494160743725,2,10.125143008992211,9.762014602038947,1.040690249599718,-8.412424558098852,0.000222090731730524
25,0.9295732899023541,66.90485354067768,5.7137421182990185,1,2,-0.933446447939322,8,-0.1567189753011227,7.685432625347293,8.417273645682254,2,10.367977436538709,10.125143008992211,1.095224440315992,-4.712663570776289,0.008980824634368634
25,0.9295732899023541,66.90485354067768,5.7137421182990185,1,2,-0.933446447939322,9,0.24529960585719213,10.714467186229994,10.74693908527255,2,5.080642723779931,10.367977436538709,1.0030306592458733,-7.633903339139684,0.0004837688542724047
25,0.9295732899023541,66.90485354067768,5.7137421182990185,1,2,-0.933446447939322,10,0.18864011553560334,9.442379198387524,9.180677103262136,2,11.73225416315481,5.080642723779931,0.9722843057213717,-6.152545378563891,0.002128058156776546
25,0.9295732899023541,66.90485354067768,5.7137421182990185,1,2,-0.933446447939322,11,-0.024364776297538047,9.970265240233129,9.827979425230858,2,8.873533049882834,11.73225416315481,0.985728983976464,-7.397468682662745,0.0006128019958163406
25,0.9295732899023541,66.90485354067768,5.7137421182990185,1,2,-0.933446447939322,12,-0.11117269158045646,11.526217206251694,10.560277131587998,3,8.393421267978415,8.873533049882834,0.9161962630602015,-8.820647250057334,0.00014765276103903153
25,0.9295732899023541,66.90485354067768,5.7137421182990185,1,2,-0.933446447939322,13,-0.07133827681171602,10.330706101584031,10.325178608837732,2,6.158992525867711,8.393421267978415,0.9994649453104225,-7.819947054306255,0.00040164294750490967
25,0.9295732899023541,66.90485354067768,5.7137421182990185,1,2,-0.933446447939322,14,-0.15972510848492985,9.946566858006404,9.303984053789888,3,9.472741790839384,6.158992525867711,0.9353965229018417,-6.980386389272079,0.000929943813464092
25,0.9295732899023541,66.90485354067768,5.7137421182990185,1,2,-0.933446447939322,15,0.005312829848108214,9.398625919729481,9.226104556260658,2,6.394656532019937,9.472741790839384,0.9816439802006942,-6.638162666676592,0.0013094308960250362
25,0.9295732899023541,66.90485354067768,5.7137421182990185,1,2,-0.933446447939322,16,-0.12323354394010944,10.375367022845985,10.189114375875853,3,9.38416088635883,6.394656532019937,0.9820485726856685,-8.383544430338643,0.00022859825722080403
25,0.9295732899023541,66.90485354067768,5.7137421182990185,1,2,-0.933446447939322,17,0.11710850410840844,10.808646068596966,9.88136394197964,2,8.125905010416243,9.38416088635883,0.9142092246584503,-8.253930686588802,0.00026023364741364436
25,0.9295732899023541,66.90485354067768,5.7137421182990185,1,2,-0.933446447939322,18,-0.07189371493174873,11.080543949089734,11.368888855149766,2,8.52901698679032,8.125905010416243,1.026022630963322,-8.72108733460585,0.00016310973960039158
25,0.9295732899023541,66.90485354067768,5.7137421182990185,1,2,-0.933446447939322,19,-0.07079141278787165,9.822658450779972,9.332307692725925,2,4.007041402090971,8.52901698679032,0.950079628594323,-7.368307525066208,0.0006309351178311366
25,0.9295732899023541,66.90485354067768,5.7137421182990185,1,2,-0.933446447939322,20,0.3074506008403983,12.20702485623111,12.355346353170134,3,7.556570283418824,4.007041402090971,1.0121505033934057,-9.977862683501883,4.641616928332915e-05
25,0.9295732899023541,66.90485354067768,5.7137421182990185,1,2,-0.933446447939322,21,-0.14514390451041106,10.23317060391756,10.031143278667914,2,9.091849203039345,7.556570283418824,0.9802576021578,-8.098233948310162,0.0003040756775253482
25,0.9295732899023541,66.90485354067768,5.7137421182990185,1,2,-0.933446447939322,22,-0.31358317758909293,12.097693138170674,12.42789978512635,2,7.328361428534998,9.091849203039345,1.0272950093199014,-9.959067796318037,4.729680575667796e-05
25,0.9295732899023541,66.90485354067768,5.7137421182990185,1,2,-0.933446447939322,23,0.07324303848148955,10.458453115579038,10.023963763013128,2,8.548327562536699,7.328361428534998,0.9584556771671434,-7.433936210651655,0.0005908571902318737
25,0.9295732899023541,66.90485354067768,5.7137421182990185,1,2,-0.933446447939322,24,-0.4155737022818746,12.021290750017052,12.716370781473936,3,9.331408757993087,8.548327562536699,1.0578207486958835,-10.634649348988209,2.406747175213818e-05
25,0.9295732899023541,66.90485354067768,5.7137421182990185,1,2,-0.933446447939322,25,0.05287572716514413,11.98216981135035,11.828760343925234,3,9.20081991943747,9.331408757993087,0.9871968541724558,-9.870382950148523,5.1682932837499856e-05
25,0.9295732899023541,66.90485354067768,5.7137421182990185,1,2,-0.933446447939322,26,0.19634402837852838,9.636764420025013,10.109251639591779,2,7.5155420667919,9.20081991943747,1.0490296534161347,-6.997022243968265,0.0009146013744363531
25,0.9295732899023541,66.90485354067768,5.7137421182990185,1,2,-0.933446447939322,27,0.01402300615082264,10.276307354001922,10.954716394508463,2,9.067575849317937,7.5155420667919,1.0660168110135735,-7.957789481412521,0.00034992578059432985
25,0.9295732899023541,66.90485354067768,5.7137421182990185,1,2,-0.933446447939322,28,0.0018550148592412774,10.271126177248092,9.826068745843369,3,8.2285972758719,9.067575849317937,0.9566690717527563,-8.162907848669242,0.0002850323576092479
25,0.9295732899023541,66.90485354067768,5.7137421182990185,1,2,-0.933446447939322,29,-0.41012187044991083,11.164919565293287,11.55694360036234,2,11.785411994220155,8.2285972758719,1.0351121235380574,-8.60011700041424,0.00018408425447352788
25,0.9295732899023541,66.90485354067768,5.7137421182990185,1,2,-0.933446447939322,30,0.11106073711175773,9.6139440287424,9.105239908745528,2,9.593826475856863,11.785411994220155,0.9470868440178118,-6.157181911835705,0.0021182141829194684
25,0.9295732899023541,66.90485354067768,5.7137421182990185,1,2,-0.933446447939322,31,0.07925851344932232,9.35690793230239,9.19721354387932,2,9.373542860579406,9.593826475856863,0.9829329956457341,-6.493950394419655,0.0015125619738995686
25,0.9295732899023541,66.90485354067768,5.7137421182990185,1,2,-0.933446447939322,32,-0.2343995516749002,13.433706505227612,13.586167394414176,2,5.713463592405406,9.373542860579406,1.0113491305714648,-12.144769658587109,5.31610503736279e-06
25,0.9295732899023541,66.90485354067768,5.7137421182990185,1,2,-0.933446447939322,33,0.3826341494492407,11.23572133166893,11.347243017072692,4,7.555316017446784,5.713463592405406,1.0099256364688778,-8.94571172739499,0.00013029470294860732
25,0.9295732899023541,66.90485354067768,5.7137421182990185,1,2,-0.933446447939322,34,-0.2448032401480451,11.676283787476274,11.475006336857344,2,11.33949958726916,7.555316017446784,0.9827618569159122,-9.368109518395443,8.54046919002083e-05
25,0.9295732899023541,66.90485354067768,5.7137421182990185,1,2,-0.933446447939322,35,-0.33585807234342985,10.746567194814354,10.121898732001634,2,9.217350134644006,11.33949958726916,0.9418727439666364,-8.38429718188102,0.0002284262442797221
25,0.9295732899023541,66.90485354067768,5.7137421182990185,1,2,-0.933446447939322,36,-0.36221155398213295,10.905845949519415,10.894169268869566,2,8.984766457770965,9.217350134644006,0.9989293191281173,-9.177025530003991,0.00010338759955624062
25,0.9295732899023541,66.90485354067768,5.7137421182990185,1,2,-0.933446447939322,37,0.005194181464211946,11.322674722826136,10.823300235937026,2,8.699502109282053,8.984766457770965,0.955896067041263,-8.903739000687048,0.00013587992037228372
25,0.9295732899023541,66.90485354067768,5.7137421182990185,1,2,-0.933446447939322,38,0.0675742500294194,10.888016712266419,11.48945917990235,3,9.511697804331483,8.699502109282053,1.0552389368541608,-8.733213449609266,0.0001611437958595075
25,0.9295732899023541,66.90485354067768,5.7137421182990185,1,2,-0.933446447939322,39,0.08819478218692851,10.391475521910928,9.949343962211344,3,7.407930113316828,9.511697804331483,0.9574524754672877,-8.449363613986023,0.00021403658192303544
25,0.9295732899023541,66.90485354067768,5.7137421182990185,1,2,-0.933446447939322,40,-0.06747199564309786,10.326713691865473,10.13282618425633,2,9.140801944991303,7.407930113316828,0.9812246651360277,-8.233314722237346,0.00026565429900356815
25,0.9295732899023541,66.90485354067768,5.7137421182990185,1,2,-0.933446447939322,41,-0.16253500440717236,12.006679505702753,11.990311867240674,2,6.639278055917973,9.140801944991303,0.9986367889261719,-10.121739401857687,4.01961474359777e-05
25,0.9295732899023541,66.90485354067768,5.7137421182990185,1,2,-0.933446447939322,42,0.16855291640160835,9.95546624621208,8.79019982860096,2,4.037000724874632,6.639278055917973,0.8829521000029016,-7.297792547020339,0.0006770316423868798
25,0.9295732899023541,66.90485354067768,5.7137421182990185,1,2,-0.933446447939322,43,-0.17951707731235617,11.298957214318364,10.931794922158598,2,8.082269591278132,4.037000724874632,0.9675047630329561,-8.83562657727236,0.00014545750479554603
25,0.9295732899023541,66.90485354067768,5.7137421182990185,1,2,-0.933446447939322,44,-0.2419680411959665,10.741781375101782,11.103284060510278,2,5.8789908705151905,8.082269591278132,1.0336538859603321,-9.012468524850922,0.00012188061902958546
25,0.9295732899023541,66.90485354067768,5.7137421182990185,1,2,-0.933446447939322,45,0.2802631334986427,10.435130182518014,11.008106432301753,3,12.666839360809131,5.8789908705151905,1.0549083949852056,-6.971924316827193,0.000937846454587382
25,0.9295732899023541,66.90485354067768,5.7137421182990185,1,2,-0.933446447939322,46,0.035514301628569965,11.496063070648896,11.649844693589518,2,12.050533978746266,12.666839360809131,1.0133768945068897,-8.485347830965905,0.00020647156992158698
25,0.9295732899023541,66.90485354067768,5.7137421182990185,1,2,-0.933446447939322,47,0.09425797907819627,10.249106681049941,10.333888070159203,2,11.43659770659549,12.050533978746266,1.008272075971852,-6.964491454278567,0.0009448433094932732
25,0.9295732899023541,66.90485354067768,5.7137421182990185,1,2,-0.933446447939322,48,0.12516814092890055,8.595570806024432,8.55471789120299,2,8.065957089492166,11.43659770659549,0.9952472132749104,-5.322592231276029,0.004880087000639851
25,0.9295732899023541,66.90485354067768,5.7137421182990185,1,2,-0.933446447939322,49,-0.11435942179986343,11.535912575052286,11.271784740583547,2,9.543018716270623,8.065957089492166,0.9771038630233775,-9.092838447804148,0.00011246837940267553
25,0.9295732899023541,66.90485354067768,5.7137421182990185,1,2,-0.933446447939322,50,-0.10657251720030408,10.855521625781348,11.550298844147301,2,8.889864012150698,9.543018716270623,1.0640021955937973,-7.586928539771258,0.0005070360056815786
25,0.9295732899023541,66.90485354067768,5.7137421182990185,1,2,-0.933446447939322,51,0.12811633661312918,11.06116002612189,11.684730620865684,4,5.056910995803034,8.889864012150698,1.0563747919089117,-8.541155838834296,0.00019526443544619083
