data_examples/final_simulated_panel.csv
store_id,store_size,area_income,manager_experience,manager_vacant,base_competitors,store_fe,week,week_fe,price,competitor_price,competitor_count,ad_spend,ad_spend_lag,relative_price,log_sales,sales
26,1.1064618371106698,55.727473536634655,7.926605782439124,0,1,-0.2713057760620707,0,0.048845901334352015,11.161578308735027,10.693025890713594,2,6.240971317006805,0.0,0.9580209532145875,-7.984989732055507,0.0003405359928608824
26,1.1064618371106698,55.727473536634655,7.926605782439124,0,1,-0.2713057760620707,1,0.13563566401577118,9.973350069639055,9.922344577560338,1,10.38961838880048,6.240971317006805,0.9948858215421528,-6.625809013598845,0.0013257074816894325
26,1.1064618371106698,55.727473536634655,7.926605782439124,0,1,-0.2713057760620707,2,-0.11710587627041394,11.346888765686801,11.78798943843402,1,6.3737785302731345,10.38961838880048,1.0388741514838071,-8.426596175765393,0.0002189655435826299
26,1.1064618371106698,55.727473536634655,7.926605782439124,0,1,-0.2713057760620707,3,-0.18173462462506965,9.825202525592998,9.92929956900838,1,6.576961554696335,6.3737785302731345,1.010594900526908,-7.049167194338542,0.0008681316412833312
26,1.1064618371106698,55.727473536634655,7.926605782439124,0,1,-0.2713057760620707,4,-0.39836764222427296,12.256038460965932,12.384036740639983,1,5.296925600600072,6.576961554696335,1.010443691090046,-9.847636214664352,5.287202353501222e-05
26,1.1064618371106698,55.727473536634655,7.926605782439124,0,1,-0.2713057760620707,5,0.1943245963972403,8.889609703257955,9.273764772074102,1,8.338414614796555,5.296925600600072,1.0432139409534884,-5.532259951575002,0.003957036266086416
26,1.1064618371106698,55.727473536634655,7.926605782439124,0,1,-0.2713057760620707,6,0.0033314601152094115,10.051545756612823,10.224157997915249,1,8.533443387279544,8.338414614796555,1.0171727061172522,-6.746614820795894,0.0011748499745219286
26,1.1064618371106698,55.727473536634655,7.926605782439124,0,1,-0.2713057760620707,7,0.04114626898936563,9.781840165534973,9.321320958796,1,9.708056373640872,8.533443387279544,0.9529210047449405,-6.52664881546222,0.0014639034494277744
26,1.1064618371106698,55.727473536634655,7.926605782439124,0,1,-0.2713057760620707,8,-0.1567189753011227,8.819058500077883,9.086390367837527,1,7.919765827050582,9.708056373640872,1.0303129713627914,-5.467477048399335,0.004221870307035493
26,1.1064618371106698,55.727473536634655,7.926605782439124,0,1,-0.2713057760620707,9,0.24529960585719213,9.077519422564666,9.366821360401959,1,8.132923300140368,7.919765827050582,1.0318701535485733,-4.889205293408912,0.007527402174747196
26,1.1064618371106698,55.727473536634655,7.926605782439124,0,1,-0.2713057760620707,10,0.18864011553560334,10.057579735296486,10.148080152716641,2,6.249871490404799,8.132923300140368,1.008998230170878,-6.630583553530818,0.0013193929249273675
26,1.1064618371106698,55.727473536634655,7.926605782439124,0,1,-0.2713057760620707,11,-0.024364776297538047,8.329540671646438,8.252269532114816,1,7.214141292331871,6.249871490404799,0.9907232412232945,-5.164472309538992,0.005716078363327652
26,1.1064618371106698,55.727473536634655,7.926605782439124,0,1,-0.2713057760620707,12,-0.11117269158045646,10.016170570078211,9.90885002832117,1,7.82926444100778,7.214141292331871,0.9892852721500526,-6.801220539247108,0.0011124165708313453
26,1.1064618371106698,55.727473536634655,7.926605782439124,0,1,-0.2713057760620707,13,-0.07133827681171602,10.776434935648359,10.180423491440367,1,8.274193489281936,7.82926444100778,0.9446930782056326,-6.92147240875185,0.0009863765213575905
26,1.1064618371106698,55.727473536634655,7.926605782439124,0,1,-0.2713057760620707,14,-0.15972510848492985,8.928641701732596,8.452699528573909,2,9.70103932260916,8.274193489281936,0.9466948961490603,-5.432446253820431,0.00437238674169723
26,1.1064618371106698,55.727473536634655,7.926605782439124,0,1,-0.2713057760620707,15,0.005312829848108214,9.249662612336815,8.874217104591827,1,8.596978196389935,9.70103932260916,0.9594098159597482,-6.272525950639957,0.0018874549387425407
26,1.1064618371106698,55.727473536634655,7.926605782439124,0,1,-0.2713057760620707,16,-0.12323354394010944,8.597161490653008,9.590566413400609,1,8.032557283444481,8.596978196389935,1.1155503387749142,-5.350333471801144,0.004746567888921622
26,1.1064618371106698,55.727473536634655,7.926605782439124,0,1,-0.2713057760620707,17,0.11710850410840844,9.57150053717736,9.874704276758452,1,6.47539713545568,8.032557283444481,1.0316777644637218,-5.676311481323803,0.0034261726670644257
26,1.1064618371106698,55.727473536634655,7.926605782439124,0,1,-0.2713057760620707,18,-0.07189371493174873,9.863033607937563,9.709716103325082,1,5.896946364369773,6.47539713545568,0.9844553399383031,-6.864794493623295,0.001043896958003342
26,1.1064618371106698,55.727473536634655,7.926605782439124,0,1,-0.2713057760620707,19,-0.07079141278787165,9.237088982708087,9.668792527309108,1,6.246130334111607,5.896946364369773,1.0467358867505958,-5.844061392812686,0.0028970526313844276
26,1.1064618371106698,55.727473536634655,7.926605782439124,0,1,-0.2713057760620707,20,0.3074506008403983,9.336569175603255,9.752855347648236,1,8.43283473533239,6.246130334111607,1.0445866317932662,-5.41321365489712,0.004457292968775836
26,1.1064618371106698,55.727473536634655,7.926605782439124,0,1,-0.2713057760620707,21,-0.14514390451041106,10.222522538340652,10.122888598257912,1,9.324861023823575,8.43283473533239,0.9902534878539957,-6.981639514292258,0.0009287792074549442
26,1.1064618371106698,55.727473536634655,7.926605782439124,0,1,-0.2713057760620707,22,-0.31358317758909293,10.439737213208382,10.86402020101329,1,6.872687035620796,9.324861023823575,1.0406411559160804,-7.666009978014892,0.00046848335836549066
26,1.1064618371106698,55.727473536634655,7.926605782439124,0,1,-0.2713057760620707,23,0.07324303848148955,8.900635023345707,8.695852665418165,1,7.95431440295984,6.872687035620796,0.9769923879149732,-5.751929135046829,0.003176646701180253
26,1.1064618371106698,55.727473536634655,7.926605782439124,0,1,-0.2713057760620707,24,-0.4155737022818746,9.580597713744428,8.736860214073195,1,9.487365349237281,7.95431440295984,0.9119326867820785,-6.6030032185142495,0.001356288683732871
26,1.1064618371106698,55.727473536634655,7.926605782439124,0,1,-0.2713057760620707,25,0.05287572716514413,9.405270177900121,9.284971627968165,1,6.950865798128808,9.487365349237281,0.9872094530346799,-5.60620628520226,0.003674984789629384
26,1.1064618371106698,55.727473536634655,7.926605782439124,0,1,-0.2713057760620707,26,0.19634402837852838,8.522081248788037,8.855713435859101,1,3.701691894313198,6.950865798128808,1.0391491441270302,-4.616390219270391,0.009888426765365827
26,1.1064618371106698,55.727473536634655,7.926605782439124,0,1,-0.2713057760620707,27,0.01402300615082264,10.069549638905146,10.975315490510356,1,6.767218526760541,3.701691894313198,1.0899509793472444,-6.384801918304507,0.0016870026268530243
26,1.1064618371106698,55.727473536634655,7.926605782439124,0,1,-0.2713057760620707,28,0.0018550148592412774,10.551188608545035,9.660170056526637,1,9.624056645698113,6.767218526760541,0.9155527793999632,-6.944111053465906,0.0009642971601233529
26,1.1064618371106698,55.727473536634655,7.926605782439124,0,1,-0.2713057760620707,29,-0.41012187044991083,10.383779964200476,9.452819929189177,1,10.184574137235366,9.624056645698113,0.9103447840554294,-7.171997907722453,0.0007677872298071593
26,1.1064618371106698,55.727473536634655,7.926605782439124,0,1,-0.2713057760620707,30,0.11106073711175773,9.29684031584635,8.574174538220937,1,6.483004961761791,10.184574137235366,0.9222675927439953,-5.423174766395832,0.004413113778751757
26,1.1064618371106698,55.727473536634655,7.926605782439124,0,1,-0.2713057760620707,31,0.07925851344932232,11.249210760504102,10.964871901854885,1,8.849907046462642,6.483004961761791,0.9747236615347693,-7.788871548061509,0.0004143201606679943
26,1.1064618371106698,55.727473536634655,7.926605782439124,0,1,-0.2713057760620707,32,-0.2343995516749002,11.001684032399043,11.402478576967875,1,8.74492261805993,8.849907046462642,1.036430290434494,-7.63957877081439,0.0004810310336993135
26,1.1064618371106698,55.727473536634655,7.926605782439124,0,1,-0.2713057760620707,33,0.3826341494492407,9.504182162538807,10.496282307279536,1,9.643011637617775,8.74492261805993,1.1043856407394146,-6.085546770695429,0.0022755197965086565
26,1.1064618371106698,55.727473536634655,7.926605782439124,0,1,-0.2713057760620707,34,-0.2448032401480451,9.878292121474681,10.57436160848069,1,8.140566218843302,9.643011637617775,1.0704645578857508,-6.573740503265042,0.0013965637786533544
26,1.1064618371106698,55.727473536634655,7.926605782439124,0,1,-0.2713057760620707,35,-0.33585807234342985,11.080476972198682,10.229053283755567,1,6.989598004121023,8.140566218843302,0.9231600146293912,-7.95254153819582,0.0003517669982981964
26,1.1064618371106698,55.727473536634655,7.926605782439124,0,1,-0.2713057760620707,36,-0.36221155398213295,9.743319825022427,9.214114649580091,1,4.415400439141569,6.989598004121023,0.9456853326231527,-7.332076167419663,0.0006542139185411234
26,1.1064618371106698,55.727473536634655,7.926605782439124,0,1,-0.2713057760620707,37,0.005194181464211946,11.362691135189195,11.812407707490856,1,6.512551662174394,4.415400439141569,1.0395783504938307,-8.553611917775783,0.00019284729154380047
26,1.1064618371106698,55.727473536634655,7.926605782439124,0,1,-0.2713057760620707,38,0.0675742500294194,11.755863216047056,11.659161546751907,1,8.877194009156849,6.512551662174394,0.9917741753610106,-9.036229265199028,0.00011901877964046374
26,1.1064618371106698,55.727473536634655,7.926605782439124,0,1,-0.2713057760620707,39,0.08819478218692851,10.204419964117891,10.413391447135282,1,6.4610927377560685,8.877194009156849,1.0204785263397826,-6.916843905865082,0.0009909525498453004
26,1.1064618371106698,55.727473536634655,7.926605782439124,0,1,-0.2713057760620707,40,-0.06747199564309786,10.340361065896062,10.027833904595747,1,8.242669523757206,6.4610927377560685,0.9697759914466554,-7.4084109779522205,0.000606133088541484
26,1.1064618371106698,55.727473536634655,7.926605782439124,0,1,-0.2713057760620707,41,-0.16253500440717236,10.335250132147285,10.97294351632935,1,8.872128500598551,8.242669523757206,1.0617008176897964,-7.023640688872124,0.000890577268797865
26,1.1064618371106698,55.727473536634655,7.926605782439124,0,1,-0.2713057760620707,42,0.16855291640160835,11.606553840315684,11.184766890935904,1,6.19897343423081,8.872128500598551,0.9636595879205169,-8.77388082778963,0.00015472196471970012
26,1.1064618371106698,55.727473536634655,7.926605782439124,0,1,-0.2713057760620707,43,-0.17951707731235617,11.174278541758817,11.052084373990821,1,10.23281117046037,6.19897343423081,0.989064692873786,-8.032789326341288,0.0003246414139873646
26,1.1064618371106698,55.727473536634655,7.926605782439124,0,1,-0.2713057760620707,44,-0.2419680411959665,9.337512053715951,8.88232865191932,1,9.463656199669279,10.23281117046037,0.9512521751856281,-6.149948967861354,0.0021335906489533345
26,1.1064618371106698,55.727473536634655,7.926605782439124,0,1,-0.2713057760620707,45,0.2802631334986427,9.012156797258765,9.600796273487958,1,6.732054963283392,9.463656199669279,1.0653161601014576,-4.811519907715773,0.008135485109356811
26,1.1064618371106698,55.727473536634655,7.926605782439124,0,1,-0.2713057760620707,46,0.035514301628569965,9.738231376568482,9.409776860166398,1,7.372232636680434,6.732054963283392,0.9662716458768488,-7.001961716901541,0.0009100948647565105
26,1.1064618371106698,55.727473536634655,7.926605782439124,0,1,-0.2713057760620707,47,0.09425797907819627,10.035987326694109,10.317009027737173,1,6.653979021560575,7.372232636680434,1.0280014005493603,-6.316651272020451,0.0018059811309507803
26,1.1064618371106698,55.727473536634655,7.926605782439124,0,1,-0.2713057760620707,48,0.12516814092890055,9.382491265058825,9.994214251268586,1,9.300411275947852,6.653979021560575,1.0651983539263041,-5.593160346985857,0.0037232425133427445
26,1.1064618371106698,55.727473536634655,7.926605782439124,0,1,-0.2713057760620707,49,-0.11435942179986343,11.249238277781405,11.337964235644245,1,8.933611887079472,9.300411275947852,1.0078872858474412,-7.721968089008168,0.0004429879057826532
26,1.1064618371106698,55.727473536634655,7.926605782439124,0,1,-0.2713057760620707,50,-0.10657251720030408,10.479972402337502,9.617271779335981,2,8.78717040487039,8.933611887079472,0.917681021487318,-7.793737894020964,0.0004123088333048399
26,1.1064618371106698,55.727473536634655,7.926605782439124,0,1,-0.2713057760620707,51,0.12811633661312918,11.302524416289035,11.982620791372417,1,8.476815616394651,8.78717040487039,1.0601720774965313,-8.226006649003617,0.000267602831412061
