data_examples/final_simulated_panel.csv
store_id,store_size,area_income,manager_experience,manager_vacant,base_competitors,store_fe,week,week_fe,price,competitor_price,competitor_count,ad_spend,ad_spend_lag,relative_price,log_sales,sales
27,1.0730888128728158,61.585396910767145,2.622473891354298,0,6,0.29977355989109616,0,0.048845901334352015,10.944443103498067,11.211102005112672,6,7.183784816573981,0.0,1.0243647757216057,-7.963097611254576,0.0003480732502015601
27,1.0730888128728158,61.585396910767145,2.622473891354298,0,6,0.29977355989109616,1,0.13563566401577118,9.085891127239114,9.704880533406026,6,6.286885870089337,7.183784816573981,1.0681264388378162,-5.858380813587514,0.0028558641173723766
27,1.0730888128728158,61.585396910767145,2.622473891354298,0,6,0.29977355989109616,2,-0.11710587627041394,11.98056534413469,11.686120771151195,7,10.960616128429393,6.286885870089337,0.9754231486974322,-9.520427157543837,7.333833063758329e-05
27,1.0730888128728158,61.585396910767145,2.622473891354298,0,6,0.29977355989109616,3,-0.18173462462506965,11.582432802790304,11.7798975366223,6,8.375152617209213,10.960616128429393,1.0170486405744072,-8.927022749765344,0.00013275267468415084
27,1.0730888128728158,61.585396910767145,2.622473891354298,0,6,0.29977355989109616,4,-0.39836764222427296,9.805944151397453,10.99785767925506,6,8.66794898168385,8.375152617209213,1.1215501036366546,-7.066973411258759,0.0008528103132234277
27,1.0730888128728158,61.585396910767145,2.622473891354298,0,6,0.29977355989109616,5,0.1943245963972403,9.17112241229384,7.938860232073665,6,6.3981389756417055,8.66794898168385,0.8656367100096348,-4.888379516484758,0.007533620696964633
27,1.0730888128728158,61.585396910767145,2.622473891354298,0,6,0.29977355989109616,6,0.0033314601152094115,9.21760702416616,9.568437239461856,7,8.380281210440994,6.3981389756417055,1.038060877880334,-5.940756474569713,0.002630039340420066
27,1.0730888128728158,61.585396910767145,2.622473891354298,0,6,0.29977355989109616,7,0.04114626898936563,10.54539267959273,10.518014954866645,6,7.649974527606784,8.380281210440994,0.9974038212176711,-7.188211788771941,0.0007554387975199086
27,1.0730888128728158,61.585396910767145,2.622473891354298,0,6,0.29977355989109616,8,-0.1567189753011227,9.510903779239932,10.672138064977048,7,9.454090200374182,7.649974527606784,1.122095051394781,-6.32487437358933,0.0017911912573360595
27,1.0730888128728158,61.585396910767145,2.622473891354298,0,6,0.29977355989109616,9,0.24529960585719213,10.34451819441717,11.110264625526991,6,6.78881315001969,9.454090200374182,1.074024368918708,-6.860206213347503,0.001048697654874945
27,1.0730888128728158,61.585396910767145,2.622473891354298,0,6,0.29977355989109616,10,0.18864011553560334,11.819122139606197,11.288571937528818,6,10.693383182986388,6.78881315001969,0.9551108622272808,-9.11028689763672,0.00011052300179406332
27,1.0730888128728158,61.585396910767145,2.622473891354298,0,6,0.29977355989109616,11,-0.024364776297538047,9.989662543142863,9.940166161066628,6,13.34837233859372,10.693383182986388,0.9950452398304275,-6.48083826511093,0.0015325254780901498
27,1.0730888128728158,61.585396910767145,2.622473891354298,0,6,0.29977355989109616,12,-0.11117269158045646,9.733120093492541,9.398659384309545,6,10.54261020154634,13.34837233859372,0.9656368455366524,-6.238026691120003,0.0019537069888793425
27,1.0730888128728158,61.585396910767145,2.622473891354298,0,6,0.29977355989109616,13,-0.07133827681171602,10.50902800450206,9.94941326133929,6,8.297294940057526,10.54261020154634,0.9467491434105008,-7.311469704939621,0.0006678348103262282
27,1.0730888128728158,61.585396910767145,2.622473891354298,0,6,0.29977355989109616,14,-0.15972510848492985,10.39929295774763,9.623175160337098,7,8.57643518324741,8.297294940057526,0.9253682148811557,-7.527613292247021,0.0005380208239918417
27,1.0730888128728158,61.585396910767145,2.622473891354298,0,6,0.29977355989109616,15,0.005312829848108214,9.09716612695972,8.73161718453976,6,11.881166950829211,8.57643518324741,0.9598172730586236,-5.390241688306081,0.004560870893356276
27,1.0730888128728158,61.585396910767145,2.622473891354298,0,6,0.29977355989109616,16,-0.12323354394010944,8.35934675681186,8.795085962216865,6,9.611978045509273,11.881166950829211,1.0521259876018338,-4.739278767441264,0.008744951054986811
27,1.0730888128728158,61.585396910767145,2.622473891354298,0,6,0.29977355989109616,17,0.11710850410840844,9.922685052964177,9.17918219352147,6,7.576392490505928,9.611978045509273,0.9250703962209702,-7.066781036746602,0.0008529743879727909
27,1.0730888128728158,61.585396910767145,2.622473891354298,0,6,0.29977355989109616,18,-0.07189371493174873,9.706560789178907,10.278493714395385,6,7.5206324524150325,7.576392490505928,1.0589223039589966,-6.614912671461062,0.0013402318314201544
27,1.0730888128728158,61.585396910767145,2.622473891354298,0,6,0.29977355989109616,19,-0.07079141278787165,9.635620828849108,8.462353264368764,7,9.603581604764223,7.5206324524150325,0.87823643278204,-6.041732458475542,0.002377436533649111
27,1.0730888128728158,61.585396910767145,2.622473891354298,0,6,0.29977355989109616,20,0.3074506008403983,10.173912239591912,9.57985971996185,6,5.676049921033922,9.603581604764223,0.941610217815886,-6.238558112817535,0.001952669022418208
27,1.0730888128728158,61.585396910767145,2.622473891354298,0,6,0.29977355989109616,21,-0.14514390451041106,10.608345533507155,11.249285796041505,6,6.259040035601265,5.676049921033922,1.060418494147829,-8.044034971166141,0.00032101106302810076
27,1.0730888128728158,61.585396910767145,2.622473891354298,0,6,0.29977355989109616,22,-0.31358317758909293,9.32427269227055,9.766274803687121,6,11.341185166877178,6.259040035601265,1.0474033874816824,-6.262121100678666,0.0019071961482505719
27,1.0730888128728158,61.585396910767145,2.622473891354298,0,6,0.29977355989109616,23,0.07324303848148955,10.901518419773096,11.16283796836586,6,7.233746842426064,11.341185166877178,1.0239709312529148,-7.489786585041885,0.0005587621959663389
27,1.0730888128728158,61.585396910767145,2.622473891354298,0,6,0.29977355989109616,24,-0.4155737022818746,9.349815469391704,9.17369061290622,6,12.880129791236126,7.233746842426064,0.9811627451833612,-5.917747802685404,0.00269125459289197
27,1.0730888128728158,61.585396910767145,2.622473891354298,0,6,0.29977355989109616,25,0.05287572716514413,10.031544446951713,10.04583599972424,7,9.804929028269827,12.880129791236126,1.001424661262092,-6.725360455761128,0.001200087922933326
27,1.0730888128728158,61.585396910767145,2.622473891354298,0,6,0.29977355989109616,26,0.19634402837852838,10.415867199424659,11.804359309519844,6,10.149056603687853,9.804929028269827,1.1333054736116337,-6.853171001802051,0.0010561014779177182
27,1.0730888128728158,61.585396910767145,2.622473891354298,0,6,0.29977355989109616,27,0.01402300615082264,10.956672778424686,12.167961268621058,6,7.362735294439505,10.149056603687853,1.110552584228086,-7.74520236914318,0.00043281404947383313
27,1.0730888128728158,61.585396910767145,2.622473891354298,0,6,0.29977355989109616,28,0.0018550148592412774,11.467191492216868,11.935136123302525,6,5.95720152848652,7.362735294439505,1.040807257069289,-9.027393145163538,0.00012007510389492044
27,1.0730888128728158,61.585396910767145,2.622473891354298,0,6,0.29977355989109616,29,-0.41012187044991083,10.681705844100502,11.031249607870974,6,4.306668209903394,5.95720152848652,1.0327235901149183,-8.505812205724036,0.00020228919910020377
27,1.0730888128728158,61.585396910767145,2.622473891354298,0,6,0.29977355989109616,30,0.11106073711175773,10.20966882929071,9.933109050027369,6,8.640522291215065,4.306668209903394,0.9729119735529606,-7.409720493041511,0.0006053398675966721
27,1.0730888128728158,61.585396910767145,2.622473891354298,0,6,0.29977355989109616,31,0.07925851344932232,10.684384618489513,10.243728702614694,6,7.677976727973451,8.640522291215065,0.9587570148764342,-7.5857526214112765,0.0005076325893279174
27,1.0730888128728158,61.585396910767145,2.622473891354298,0,6,0.29977355989109616,32,-0.2343995516749002,10.676433716076152,10.310602898248423,7,10.300421247826943,7.677976727973451,0.965734736190337,-7.766607862283696,0.0004236479042239299
27,1.0730888128728158,61.585396910767145,2.622473891354298,0,6,0.29977355989109616,33,0.3826341494492407,9.659522350583659,8.796210542388954,6,6.449827273179772,10.300421247826943,0.9106258283938293,-6.424071324486737,0.0016220389265242277
27,1.0730888128728158,61.585396910767145,2.622473891354298,0,6,0.29977355989109616,34,-0.2448032401480451,10.315498147042147,10.4901232002509,6,8.098043124722107,6.449827273179772,1.0169284169043087,-7.439816674393059,0.0005873928718307037
27,1.0730888128728158,61.585396910767145,2.622473891354298,0,6,0.29977355989109616,35,-0.33585807234342985,10.012605763711038,8.987836230304804,6,8.107394159534415,8.098043124722107,0.8976520640490676,-6.766496082653896,0.001151723131707019
27,1.0730888128728158,61.585396910767145,2.622473891354298,0,6,0.29977355989109616,36,-0.36221155398213295,10.610975953267664,10.249047896010866,6,6.709274788560954,8.107394159534415,0.9658911622407983,-8.27094025116765,0.0002558446199264897
27,1.0730888128728158,61.585396910767145,2.622473891354298,0,6,0.29977355989109616,37,0.005194181464211946,8.691643799289885,7.836753676980507,6,7.311442714323383,6.709274788560954,0.9016422966643867,-5.180181775284736,0.005626983474910964
27,1.0730888128728158,61.585396910767145,2.622473891354298,0,6,0.29977355989109616,38,0.0675742500294194,8.94743222062116,8.973567339915547,6,7.799247357235435,7.311442714323383,1.0029209630930933,-5.290213731710903,0.005040682790793449
27,1.0730888128728158,61.585396910767145,2.622473891354298,0,6,0.29977355989109616,39,0.08819478218692851,8.18419618334181,8.41083201282996,6,10.612187533316542,7.799247357235435,1.0276918862171764,-4.301580863460404,0.013547125918908894
27,1.0730888128728158,61.585396910767145,2.622473891354298,0,6,0.29977355989109616,40,-0.06747199564309786,11.157487781980027,10.718418518492893,6,11.283573467177098,10.612187533316542,0.9606480175406281,-7.797801581095976,0.0004106367389631255
27,1.0730888128728158,61.585396910767145,2.622473891354298,0,6,0.29977355989109616,41,-0.16253500440717236,9.971584723136077,9.618155509752738,6,11.56368820983128,11.283573467177098,0.9645563645903431,-6.248877120785935,0.001932623020520642
27,1.0730888128728158,61.585396910767145,2.622473891354298,0,6,0.29977355989109616,42,0.16855291640160835,10.374367346602977,10.534188100575998,7,9.069488717769465,11.56368820983128,1.0154053494187627,-7.5380425476272945,0.0005324388260553055
27,1.0730888128728158,61.585396910767145,2.622473891354298,0,6,0.29977355989109616,43,-0.17951707731235617,8.47598507411156,7.948912322101279,6,11.0531046640406,9.069488717769465,0.9378157526940281,-4.777905287101364,0.008413604607768969
27,1.0730888128728158,61.585396910767145,2.622473891354298,0,6,0.29977355989109616,44,-0.2419680411959665,10.949359391622542,10.445100225301639,6,10.895631330470833,11.0531046640406,0.9539462402972436,-7.6664220961687,0.0004682903276472148
27,1.0730888128728158,61.585396910767145,2.622473891354298,0,6,0.29977355989109616,45,0.2802631334986427,10.653769590169338,10.75218261897106,6,5.762210595226039,10.895631330470833,1.0092373903873924,-7.214583892943443,0.0007357766919544197
27,1.0730888128728158,61.585396910767145,2.622473891354298,0,6,0.29977355989109616,46,0.035514301628569965,11.751974327707881,11.846794487477894,6,8.76945121567897,5.762210595226039,1.0080684451076831,-8.77692435927502,0.00015425177942341817
27,1.0730888128728158,61.585396910767145,2.622473891354298,0,6,0.29977355989109616,47,0.09425797907819627,11.940581080775623,11.875200080203442,6,8.6501525279555,8.76945121567897,0.9945244707832984,-8.87869904335559,0.0001393253038894848
27,1.0730888128728158,61.585396910767145,2.622473891354298,0,6,0.29977355989109616,48,0.12516814092890055,10.854568424097284,11.100367340592975,6,6.339796865014836,8.6501525279555,1.0226447433828887,-7.958360533711656,0.0003497260117174619
27,1.0730888128728158,61.585396910767145,2.622473891354298,0,6,0.29977355989109616,49,-0.11435942179986343,10.592241300438104,10.384167316915047,6,9.75808260631594,6.339796865014836,0.9803560004326515,-7.537091403821082,0.0005329454928651968
27,1.0730888128728158,61.585396910767145,2.622473891354298,0,6,0.29977355989109616,50,-0.10657251720030408,10.805724740812604,11.055916838522688,6,5.457032361522712,9.75808260631594,1.0231536619441288,-7.7800018239489885,0.0004180114121788253
27,1.0730888128728158,61.585396910767145,2.622473891354298,0,6,0.29977355989109616,51,0.12811633661312918,10.397307688464913,11.111939140189271,6,9.58476830639805,5.457032361522712,1.0687323558306534,-7.486658770527829,0.0005605126365724757
