data_examples/final_simulated_panel.csv
store_id,store_size,area_income,manager_experience,manager_vacant,base_competitors,store_fe,week,week_fe,price,competitor_price,competitor_count,ad_spend,ad_spend_lag,relative_price,log_sales,sales
28,1.0825465223191977,66.25590393967337,3.7204969345005043,0,3,-0.1139536265530299,0,0.048845901334352015,9.742600192033237,9.53842807738138,3,9.741084011788104,0.0,0.9790433651563765,-6.538368023355602,0.0014468477951484998
28,1.0825465223191977,66.25590393967337,3.7204969345005043,0,3,-0.1139536265530299,1,0.13563566401577118,10.033279746829923,10.597695887127122,4,10.60348166550618,9.741084011788104,1.056254400808024,-6.661229270274234,0.0012795724628112477
28,1.0825465223191977,66.25590393967337,3.7204969345005043,0,3,-0.1139536265530299,2,-0.11710587627041394,10.254713946923443,10.942234305237,3,9.879885791623613,10.60348166550618,1.0670443234079505,-6.880364880458346,0.0010277689639383485
28,1.0825465223191977,66.25590393967337,3.7204969345005043,0,3,-0.1139536265530299,3,-0.18173462462506965,9.296725238982633,8.615537942579584,4,11.117927152180203,9.879885791623613,0.9267282533481012,-6.2007870309473425,0.0020278340399472665
28,1.0825465223191977,66.25590393967337,3.7204969345005043,0,3,-0.1139536265530299,4,-0.39836764222427296,9.742939631006303,10.224318429525244,3,5.5685477233401866,11.117927152180203,1.0494079627658763,-6.715070339033258,0.0012125007227949609
28,1.0825465223191977,66.25590393967337,3.7204969345005043,0,3,-0.1139536265530299,5,0.1943245963972403,11.91506521138914,11.570653949035902,3,9.401331685421876,5.5685477233401866,0.9710944710546756,-8.865341888656271,0.0001411987778132287
28,1.0825465223191977,66.25590393967337,3.7204969345005043,0,3,-0.1139536265530299,6,0.0033314601152094115,9.573354264522344,10.257748094608967,3,6.2305151714799525,9.401331685421876,1.0714894499018908,-6.636439444722084,0.0013116892813837377
28,1.0825465223191977,66.25590393967337,3.7204969345005043,0,3,-0.1139536265530299,7,0.04114626898936563,9.68732053316728,10.139566032204236,3,7.644040290334137,6.2305151714799525,1.0466842712067352,-5.958491513619323,0.0025838066709118995
28,1.0825465223191977,66.25590393967337,3.7204969345005043,0,3,-0.1139536265530299,8,-0.1567189753011227,10.547328313909606,10.285288660279841,3,10.913112194722963,7.644040290334137,0.9751558265912522,-7.131757514302146,0.0007993133476462487
28,1.0825465223191977,66.25590393967337,3.7204969345005043,0,3,-0.1139536265530299,9,0.24529960585719213,9.202871123369212,8.734494011789455,3,6.236410276307151,10.913112194722963,0.9491053275330142,-5.142025795821794,0.005845835241412907
28,1.0825465223191977,66.25590393967337,3.7204969345005043,0,3,-0.1139536265530299,10,0.18864011553560334,9.735942557015246,9.513916016519419,3,8.711665534371493,6.236410276307151,0.977195167371253,-6.082469041902406,0.0022825340177039326
28,1.0825465223191977,66.25590393967337,3.7204969345005043,0,3,-0.1139536265530299,11,-0.024364776297538047,8.68409644872954,9.205365443280435,3,10.358504731683501,8.711665534371493,1.060025703034097,-5.378691410636593,0.004613855623711514
28,1.0825465223191977,66.25590393967337,3.7204969345005043,0,3,-0.1139536265530299,12,-0.11117269158045646,10.05941905173343,10.2974302626109,3,6.768651762257645,10.358504731683501,1.0236605324475927,-7.149630740069387,0.0007851539536829694
28,1.0825465223191977,66.25590393967337,3.7204969345005043,0,3,-0.1139536265530299,13,-0.07133827681171602,9.209790996713695,9.709556522971438,3,7.720671083564707,6.768651762257645,1.0542645893306453,-5.645481045291424,0.0035334482435859993
28,1.0825465223191977,66.25590393967337,3.7204969345005043,0,3,-0.1139536265530299,14,-0.15972510848492985,8.103566698469375,8.189906137236667,3,7.89165341156414,7.720671083564707,1.0106544984424697,-4.258088735777415,0.0141493196718395
28,1.0825465223191977,66.25590393967337,3.7204969345005043,0,3,-0.1139536265530299,15,0.005312829848108214,10.544524316161457,10.18341539085911,3,12.096211780704792,7.89165341156414,0.9657538913586762,-7.154951984565171,0.000780987053907205
28,1.0825465223191977,66.25590393967337,3.7204969345005043,0,3,-0.1139536265530299,16,-0.12323354394010944,10.901603732839646,10.835946605102786,3,8.409689007804213,12.096211780704792,0.9939772964284991,-7.079092215321607,0.0008425376440915772
28,1.0825465223191977,66.25590393967337,3.7204969345005043,0,3,-0.1139536265530299,17,0.11710850410840844,9.95577728886174,10.120931960521027,4,11.480508157610585,8.409689007804213,1.0165888274584103,-6.256019861523105,0.0019188679781734024
28,1.0825465223191977,66.25590393967337,3.7204969345005043,0,3,-0.1139536265530299,18,-0.07189371493174873,12.03505335788878,12.621535728622126,3,8.996627617909818,11.480508157610585,1.048731181598702,-9.215537961703978,9.94815894369976e-05
28,1.0825465223191977,66.25590393967337,3.7204969345005043,0,3,-0.1139536265530299,19,-0.07079141278787165,8.500713616621331,9.020541998744779,4,7.879055277316738,8.996627617909818,1.06115114631165,-5.820206337339356,0.0029669928801998057
28,1.0825465223191977,66.25590393967337,3.7204969345005043,0,3,-0.1139536265530299,20,0.3074506008403983,8.664244174072186,8.056166893934579,3,7.608015565260496,7.879055277316738,0.9298176196421977,-4.6513425129527635,0.009548773968881626
28,1.0825465223191977,66.25590393967337,3.7204969345005043,0,3,-0.1139536265530299,21,-0.14514390451041106,10.299266601939012,10.480735018535638,4,11.401497952453727,7.608015565260496,1.0176195474503458,-6.861954433035393,0.0010468659026072649
28,1.0825465223191977,66.25590393967337,3.7204969345005043,0,3,-0.1139536265530299,22,-0.31358317758909293,11.167186447083688,9.970847577307392,4,9.528360320031934,11.401497952453727,0.8928701624670446,-8.353599585104236,0.0002355471187026523
28,1.0825465223191977,66.25590393967337,3.7204969345005043,0,3,-0.1139536265530299,23,0.07324303848148955,10.100057322248182,10.011655055535057,3,9.664115544320286,9.528360320031934,0.9912473500008367,-6.355821087136891,0.0017366087059463979
28,1.0825465223191977,66.25590393967337,3.7204969345005043,0,3,-0.1139536265530299,24,-0.4155737022818746,9.814498237930094,9.791175948362682,3,10.730409245910632,9.664115544320286,0.9976236900754357,-6.55339342380156,0.0014252708348145545
28,1.0825465223191977,66.25590393967337,3.7204969345005043,0,3,-0.1139536265530299,25,0.05287572716514413,9.18114672898226,8.822293137105817,3,8.122499719874128,10.730409245910632,0.9609140772422639,-5.602473622797034,0.0036887279004332975
28,1.0825465223191977,66.25590393967337,3.7204969345005043,0,3,-0.1139536265530299,26,0.19634402837852838,12.102006457371532,12.39432339859204,3,10.266755883532264,8.122499719874128,1.0241544195377992,-8.89785109874021,0.00013668232795043743
28,1.0825465223191977,66.25590393967337,3.7204969345005043,0,3,-0.1139536265530299,27,0.01402300615082264,9.704826488873962,9.10723081974103,3,8.202027109987583,10.266755883532264,0.938422838386854,-6.203726679611328,0.0020218816735403937
28,1.0825465223191977,66.25590393967337,3.7204969345005043,0,3,-0.1139536265530299,28,0.0018550148592412774,10.929507587450518,10.722207181349098,3,7.259258201010705,8.202027109987583,0.9810329601363336,-7.526971267678785,0.0005383663574876946
28,1.0825465223191977,66.25590393967337,3.7204969345005043,0,3,-0.1139536265530299,29,-0.41012187044991083,10.532852143092375,10.56696936821702,5,10.574328143781283,7.259258201010705,1.0032391250405066,-7.4834662117996364,0.000562304965618148
28,1.0825465223191977,66.25590393967337,3.7204969345005043,0,3,-0.1139536265530299,30,0.11106073711175773,8.880917233066828,9.336607343497628,3,8.734930840982358,10.574328143781283,1.051311153845022,-5.237308826077018,0.005314539959416657
28,1.0825465223191977,66.25590393967337,3.7204969345005043,0,3,-0.1139536265530299,31,0.07925851344932232,11.167283448931716,11.187152423519638,3,10.178544705964711,8.734930840982358,1.001779212883669,-7.7712204032977,0.00042169831063694306
28,1.0825465223191977,66.25590393967337,3.7204969345005043,0,3,-0.1139536265530299,32,-0.2343995516749002,9.683123961812905,10.556316545597026,3,7.357408137161621,10.178544705964711,1.0901767432935598,-6.704874949517952,0.0012249258719406167
28,1.0825465223191977,66.25590393967337,3.7204969345005043,0,3,-0.1139536265530299,33,0.3826341494492407,10.754876093065835,9.795288735936525,4,10.61182474490032,7.357408137161621,0.9107765306800698,-6.952126065467188,0.0009565991976529376
28,1.0825465223191977,66.25590393967337,3.7204969345005043,0,3,-0.1139536265530299,34,-0.2448032401480451,10.88802576773974,10.956689955112433,3,8.410874386179751,10.61182474490032,1.0063063946428323,-7.625464814269458,0.00048786842260825343
28,1.0825465223191977,66.25590393967337,3.7204969345005043,0,3,-0.1139536265530299,35,-0.33585807234342985,10.175693537438848,10.786851319621094,3,9.052284993257992,8.410874386179751,1.0600605531145026,-6.96088733403139,0.0009482547823818551
28,1.0825465223191977,66.25590393967337,3.7204969345005043,0,3,-0.1139536265530299,36,-0.36221155398213295,12.098991419089737,12.654502870111688,4,10.546503691270333,9.052284993257992,1.0459138643693446,-9.300948094037626,9.133759378624371e-05
28,1.0825465223191977,66.25590393967337,3.7204969345005043,0,3,-0.1139536265530299,37,0.005194181464211946,11.787483470734175,11.869160367844822,3,9.53864815752819,10.546503691270333,1.0069291208181486,-8.316971917362945,0.00024433461056053255
28,1.0825465223191977,66.25590393967337,3.7204969345005043,0,3,-0.1139536265530299,38,0.0675742500294194,10.336292318732777,10.502897432954871,4,11.518359760317743,9.53864815752819,1.016118459993643,-6.728536086879136,0.0011962829312036447
28,1.0825465223191977,66.25590393967337,3.7204969345005043,0,3,-0.1139536265530299,39,0.08819478218692851,11.261643630807308,11.299743123527458,3,10.067943598166814,11.518359760317743,1.0033831200816836,-7.582476424737793,0.0005092984208342333
28,1.0825465223191977,66.25590393967337,3.7204969345005043,0,3,-0.1139536265530299,40,-0.06747199564309786,11.703388509354715,11.693494241757643,3,5.1315022995675275,10.067943598166814,0.9991545809498537,-8.80091733312184,0.00015059486605469212
28,1.0825465223191977,66.25590393967337,3.7204969345005043,0,3,-0.1139536265530299,41,-0.16253500440717236,12.252844307518268,12.577890298041758,4,9.20100875327261,5.1315022995675275,1.026528207032227,-10.016052953225461,4.4676945356852815e-05
28,1.0825465223191977,66.25590393967337,3.7204969345005043,0,3,-0.1139536265530299,42,0.16855291640160835,10.15471950489598,10.738456007776334,3,6.919618391798266,9.20100875327261,1.0574842567142217,-7.051950438200182,0.0008657187785718922
28,1.0825465223191977,66.25590393967337,3.7204969345005043,0,3,-0.1139536265530299,43,-0.17951707731235617,12.539469844103738,12.029153414382563,3,11.06632184054063,6.919618391798266,0.9593031893640117,-9.933737467354671,4.851015175661607e-05
28,1.0825465223191977,66.25590393967337,3.7204969345005043,0,3,-0.1139536265530299,44,-0.2419680411959665,9.580527225084904,10.087708686499868,3,7.531535473863517,11.06632184054063,1.052938784004183,-6.591551004802432,0.0013719104728909708
28,1.0825465223191977,66.25590393967337,3.7204969345005043,0,3,-0.1139536265530299,45,0.2802631334986427,9.286409246067878,8.740684013537946,3,9.156318724502981,7.531535473863517,0.9412339885019597,-5.062224274166585,0.0063314609341768545
28,1.0825465223191977,66.25590393967337,3.7204969345005043,0,3,-0.1139536265530299,46,0.035514301628569965,11.170956556336558,12.266308211048775,3,6.827429655685281,9.156318724502981,1.0980535238131328,-8.139941670770101,0.000291654209704885
28,1.0825465223191977,66.25590393967337,3.7204969345005043,0,3,-0.1139536265530299,47,0.09425797907819627,9.540264235148104,9.751315470151043,3,11.078208448188985,6.827429655685281,1.0221221582338764,-5.610268200801747,0.003660087587655656
28,1.0825465223191977,66.25590393967337,3.7204969345005043,0,3,-0.1139536265530299,48,0.12516814092890055,12.239822790156644,12.937534782519492,3,5.14501787552085,11.078208448188985,1.0570034390468426,-9.426188607428678,8.058575932064869e-05
28,1.0825465223191977,66.25590393967337,3.7204969345005043,0,3,-0.1139536265530299,49,-0.11435942179986343,8.628149908328307,8.37596392884729,3,9.854118357896379,5.14501787552085,0.9707717202227101,-4.499230234783643,0.011117551149464742
28,1.0825465223191977,66.25590393967337,3.7204969345005043,0,3,-0.1139536265530299,50,-0.10657251720030408,10.53348093144618,10.290758661898437,3,11.469717267303482,9.854118357896379,0.9769570694505051,-6.7453094744461515,0.0011763845620138536
28,1.0825465223191977,66.25590393967337,3.7204969345005043,0,3,-0.1139536265530299,51,0.12811633661312918,11.185544431497407,11.148324686794718,3,11.494058630210576,11.469717267303482,0.996672513802915,-8.45084028386043,0.00021372075379481992
