data_examples/final_simulated_panel.csv
store_id,store_size,area_income,manager_experience,manager_vacant,base_competitors,store_fe,week,week_fe,price,competitor_price,competitor_count,ad_spend,ad_spend_lag,relative_price,log_sales,sales
29,1.0861642006015766,56.90653460279761,3.1468481171889504,0,5,0.07911603277674085,0,0.048845901334352015,8.248753261917857,8.616869176702153,5,7.819867085786159,0.0,1.0446268548828805,-5.137179666833296,0.005874233668681119
29,1.0861642006015766,56.90653460279761,3.1468481171889504,0,5,0.07911603277674085,1,0.13563566401577118,11.009004696153808,11.234505767161599,5,6.770920738847188,7.819867085786159,1.02048332953174,-8.443272010193004,0.00021534438724913718
29,1.0861642006015766,56.90653460279761,3.1468481171889504,0,5,0.07911603277674085,2,-0.11710587627041394,8.48871736658869,9.582101719023944,5,11.991956411179462,6.770920738847188,1.1288044241805928,-4.643332669923414,0.009625565282115958
29,1.0861642006015766,56.90653460279761,3.1468481171889504,0,5,0.07911603277674085,3,-0.18173462462506965,10.300832546846221,10.488498748143781,5,8.836411100032876,11.991956411179462,1.0182185469421128,-7.238919329954524,0.000718087356448115
29,1.0861642006015766,56.90653460279761,3.1468481171889504,0,5,0.07911603277674085,4,-0.39836764222427296,10.195065742213544,10.101919249930349,5,11.125407929562014,8.836411100032876,0.9908635711982205,-7.2127016880856205,0.0007371628785526269
29,1.0861642006015766,56.90653460279761,3.1468481171889504,0,5,0.07911603277674085,5,0.1943245963972403,10.216948359519428,9.661716325327063,5,10.58294439373472,11.125407929562014,0.9456557854014169,-6.770891212587617,0.001146672266630338
29,1.0861642006015766,56.90653460279761,3.1468481171889504,0,5,0.07911603277674085,6,0.0033314601152094115,10.843466348556326,10.548851027815111,5,8.975494147602365,10.58294439373472,0.9728301530828802,-8.038266367448815,0.0003228682000333435
29,1.0861642006015766,56.90653460279761,3.1468481171889504,0,5,0.07911603277674085,7,0.04114626898936563,10.830854102187025,10.950060568391198,5,10.961714080048637,8.975494147602365,1.011006192593814,-7.413705383672771,0.0006029324542546736
29,1.0861642006015766,56.90653460279761,3.1468481171889504,0,5,0.07911603277674085,8,-0.1567189753011227,9.186399110648193,9.287218663544675,5,8.667115263015166,10.961714080048637,1.010974871838479,-6.218670735239395,0.001991891209054887
29,1.0861642006015766,56.90653460279761,3.1468481171889504,0,5,0.07911603277674085,9,0.24529960585719213,9.082188821817384,9.347954895834077,6,9.579770348170783,8.667115263015166,1.0292623374420784,-5.635412127685711,0.003569205961470438
29,1.0861642006015766,56.90653460279761,3.1468481171889504,0,5,0.07911603277674085,10,0.18864011553560334,10.128703170678898,10.477678511023038,5,7.789537659850206,9.579770348170783,1.0344540988578252,-6.981213698783235,0.0009291747802604772
29,1.0861642006015766,56.90653460279761,3.1468481171889504,0,5,0.07911603277674085,11,-0.024364776297538047,8.361021798665906,7.915708452050265,7,5.690611422154873,7.789537659850206,0.946739363042123,-5.188633786827825,0.005579624566577412
29,1.0861642006015766,56.90653460279761,3.1468481171889504,0,5,0.07911603277674085,12,-0.11117269158045646,11.388764319401595,11.494393273932136,8,8.252453475975743,5.690611422154873,1.0092748389173876,-8.811724059532319,0.00014897619058300052
29,1.0861642006015766,56.90653460279761,3.1468481171889504,0,5,0.07911603277674085,13,-0.07133827681171602,9.876500089031339,9.681516812114834,6,7.387463647367531,8.252453475975743,0.9802578570182924,-7.347645266758531,0.0006441072768593374
29,1.0861642006015766,56.90653460279761,3.1468481171889504,0,5,0.07911603277674085,14,-0.15972510848492985,12.438503844999937,12.716166501554461,5,9.941327805783233,7.387463647367531,1.0223228340011439,-10.0307224112308,4.402634244622885e-05
29,1.0861642006015766,56.90653460279761,3.1468481171889504,0,5,0.07911603277674085,15,0.005312829848108214,10.655452849632082,11.798989556157169,5,10.12796674718049,9.941327805783233,1.1073193906127201,-7.871234468699339,0.00038156304371165346
29,1.0861642006015766,56.90653460279761,3.1468481171889504,0,5,0.07911603277674085,16,-0.12323354394010944,9.476099817776044,9.17202606395524,5,7.357443015839863,10.12796674718049,0.9679115079338445,-6.89279245745732,0.001015075324961394
29,1.0861642006015766,56.90653460279761,3.1468481171889504,0,5,0.07911603277674085,17,0.11710850410840844,9.077081648343604,9.960731936940986,5,6.987635238459337,7.357443015839863,1.09734960230953,-6.442949615779099,0.0015917048320096003
29,1.0861642006015766,56.90653460279761,3.1468481171889504,0,5,0.07911603277674085,18,-0.07189371493174873,11.408728073149428,11.320547332775305,5,6.796230963199784,6.987635238459337,0.9922707649959984,-8.173505241365678,0.0002820277066372622
29,1.0861642006015766,56.90653460279761,3.1468481171889504,0,5,0.07911603277674085,19,-0.07079141278787165,6.858392706880926,6.75779759732013,5,10.549468649864677,6.796230963199784,0.9853325532876136,-3.338620215604501,0.035485886830935
29,1.0861642006015766,56.90653460279761,3.1468481171889504,0,5,0.07911603277674085,20,0.3074506008403983,9.687233187998032,10.504974099717547,5,4.911121749230393,10.549468649864677,1.0844142900093137,-6.404565859354384,0.001653988129328021
29,1.0861642006015766,56.90653460279761,3.1468481171889504,0,5,0.07911603277674085,21,-0.14514390451041106,12.27251422743849,11.2934915009103,5,9.880913969988832,4.911121749230393,0.9202263930287957,-9.536322419853768,7.218181454831121e-05
29,1.0861642006015766,56.90653460279761,3.1468481171889504,0,5,0.07911603277674085,22,-0.31358317758909293,10.085964283884618,11.288907215260114,5,5.271808417274667,9.880913969988832,1.119269005671333,-7.18794114586163,0.0007556432793441613
29,1.0861642006015766,56.90653460279761,3.1468481171889504,0,5,0.07911603277674085,23,0.07324303848148955,10.849400607728729,11.045357645443715,5,9.517755884501064,5.271808417274667,1.018061554255393,-7.750196773274501,0.00043065779029408016
29,1.0861642006015766,56.90653460279761,3.1468481171889504,0,5,0.07911603277674085,24,-0.4155737022818746,10.165675298004446,9.343522733782956,5,9.134525274721824,9.517755884501064,0.919124648376003,-7.214403095257951,0.0007359097307035507
29,1.0861642006015766,56.90653460279761,3.1468481171889504,0,5,0.07911603277674085,25,0.05287572716514413,10.74848709611746,10.868668864628363,5,9.116052469187027,9.134525274721824,1.0111812729955563,-7.600192303476077,0.0005003552041432631
29,1.0861642006015766,56.90653460279761,3.1468481171889504,0,5,0.07911603277674085,26,0.19634402837852838,9.363876307208017,9.022696124174015,5,8.872268219256421,9.116052469187027,0.9635642150920584,-6.093874433099251,0.002256648720882528
29,1.0861642006015766,56.90653460279761,3.1468481171889504,0,5,0.07911603277674085,27,0.01402300615082264,10.291021085089378,9.367462981411762,5,9.901641700122711,8.872268219256421,0.910255931258779,-6.882086558391672,0.0010260009991622631
29,1.0861642006015766,56.90653460279761,3.1468481171889504,0,5,0.07911603277674085,28,0.0018550148592412774,11.47395507960374,11.762800277086768,5,7.856815055254286,9.901641700122711,1.0251739871281598,-9.009241169707085,0.0001222746064991126
29,1.0861642006015766,56.90653460279761,3.1468481171889504,0,5,0.07911603277674085,29,-0.41012187044991083,10.225861502509563,9.942159133621908,5,10.204756302175193,7.856815055254286,0.972256384577668,-7.649186708557138,0.00047643144911953933
29,1.0861642006015766,56.90653460279761,3.1468481171889504,0,5,0.07911603277674085,30,0.11106073711175773,10.37304887210948,9.74140652316694,5,8.42161907436704,10.204756302175193,0.9391073582386306,-7.343787332133808,0.0006465970001315624
29,1.0861642006015766,56.90653460279761,3.1468481171889504,0,5,0.07911603277674085,31,0.07925851344932232,11.482560889654604,12.496189738200332,5,5.1915170984999115,8.42161907436704,1.0882755038955616,-8.785030643884461,0.00015300642501606964
29,1.0861642006015766,56.90653460279761,3.1468481171889504,0,5,0.07911603277674085,32,-0.2343995516749002,11.326459928366917,11.13855041842205,5,5.6098667688183035,5.1915170984999115,0.9834096874810591,-8.592003815718229,0.00018558383900716072
29,1.0861642006015766,56.90653460279761,3.1468481171889504,0,5,0.07911603277674085,33,0.3826341494492407,10.478544622795376,10.58379603986583,5,7.563029430616301,5.6098667688183035,1.0100444690421497,-7.619817843047468,0.0004906311948568623
29,1.0861642006015766,56.90653460279761,3.1468481171889504,0,5,0.07911603277674085,34,-0.2448032401480451,9.476579508528829,10.154541579238098,5,4.481485815245411,7.563029430616301,1.071540799093081,-6.609379118481131,0.0013476686322540592
29,1.0861642006015766,56.90653460279761,3.1468481171889504,0,5,0.07911603277674085,35,-0.33585807234342985,9.20186156308449,9.14946139377028,5,6.705389264864144,4.481485815245411,0.9943054816729229,-7.223244662098498,0.0007294318152919251
29,1.0861642006015766,56.90653460279761,3.1468481171889504,0,5,0.07911603277674085,36,-0.36221155398213295,10.523647692749966,10.339277508371541,5,9.766050869304479,6.705389264864144,0.9824803918031727,-7.668901259901437,0.0004671307971773615
29,1.0861642006015766,56.90653460279761,3.1468481171889504,0,5,0.07911603277674085,37,0.005194181464211946,10.34539213875504,9.990270602314085,5,7.589240457580927,9.766050869304479,0.9656734581272538,-7.471661941633827,0.0005689818959621589
29,1.0861642006015766,56.90653460279761,3.1468481171889504,0,5,0.07911603277674085,38,0.0675742500294194,12.08147382517592,12.782133199880302,5,9.527952638603576,7.589240457580927,1.0579945282209127,-9.40730264914468,8.212216115328388e-05
29,1.0861642006015766,56.90653460279761,3.1468481171889504,0,5,0.07911603277674085,39,0.08819478218692851,13.532277271431399,13.708361891369687,6,8.776707001429793,9.527952638603576,1.0130121942084374,-11.128878497679562,1.4682143981150254e-05
29,1.0861642006015766,56.90653460279761,3.1468481171889504,0,5,0.07911603277674085,40,-0.06747199564309786,12.016952920696752,12.459424613508085,5,10.524735951608733,8.776707001429793,1.036820622975835,-9.218691653297872,9.916834937553502e-05
29,1.0861642006015766,56.90653460279761,3.1468481171889504,0,5,0.07911603277674085,41,-0.16253500440717236,9.869373478863343,9.247590604464582,5,9.688551622792616,10.524735951608733,0.9369987491373797,-6.664741852055161,0.001275085744486702
29,1.0861642006015766,56.90653460279761,3.1468481171889504,0,5,0.07911603277674085,42,0.16855291640160835,10.089724293212054,9.909948458915585,5,7.481625808228965,9.688551622792616,0.9821822847610003,-6.844024211972737,0.001065805729893536
29,1.0861642006015766,56.90653460279761,3.1468481171889504,0,5,0.07911603277674085,43,-0.17951707731235617,8.770775065824902,9.423000126757909,5,8.971907952751588,7.481625808228965,1.0743634463360467,-5.313485709973881,0.004924730582211607
29,1.0861642006015766,56.90653460279761,3.1468481171889504,0,5,0.07911603277674085,44,-0.2419680411959665,10.673964819525185,11.008176805136442,5,12.132199666151903,8.971907952751588,1.0313109506413123,-7.518778700310525,0.0005427950766597073
29,1.0861642006015766,56.90653460279761,3.1468481171889504,0,5,0.07911603277674085,45,0.2802631334986427,10.67458446835314,10.731776906927326,5,6.336345140018023,12.132199666151903,1.0053578140436046,-7.347539953858246,0.0006441751132367182
29,1.0861642006015766,56.90653460279761,3.1468481171889504,0,5,0.07911603277674085,46,0.035514301628569965,11.366134757686897,11.247559473679472,6,10.56934698140132,6.336345140018023,0.9895676686459103,-8.533707243087141,0.0001967243115534281
29,1.0861642006015766,56.90653460279761,3.1468481171889504,0,5,0.07911603277674085,47,0.09425797907819627,9.47859020125199,9.321614176140045,5,8.840238735832735,10.56934698140132,0.9834388847097525,-6.016892905187981,0.0024372305490358986
29,1.0861642006015766,56.90653460279761,3.1468481171889504,0,5,0.07911603277674085,48,0.12516814092890055,10.741562056993414,11.253238961945794,5,9.41830260804649,8.840238735832735,1.047635241712284,-7.371183471594565,0.0006291231889235991
29,1.0861642006015766,56.90653460279761,3.1468481171889504,0,5,0.07911603277674085,49,-0.11435942179986343,10.44035790860272,9.872425833208135,5,9.396640508826996,9.41830260804649,0.9456022408076051,-6.975254563725801,0.0009347283891861915
29,1.0861642006015766,56.90653460279761,3.1468481171889504,0,5,0.07911603277674085,50,-0.10657251720030408,11.443327098412407,11.272270863212336,5,8.36325191150532,9.396640508826996,0.9850518792542596,-8.684369072620772,0.00016921015876355112
29,1.0861642006015766,56.90653460279761,3.1468481171889504,0,5,0.07911603277674085,51,0.12811633661312918,9.013733518242656,8.998680251838111,5,7.948347142940996,8.36325191150532,0.9983299632306548,-5.7596880446265555,0.003152094757982876
