data_examples/final_simulated_panel.csv
store_id,store_size,area_income,manager_experience,manager_vacant,base_competitors,store_fe,week,week_fe,price,competitor_price,competitor_count,ad_spend,ad_spend_lag,relative_price,log_sales,sales
30,1.4283295201740922,64.56775237557412,4.220380393688464,0,2,0.43568699868431704,0,0.048845901334352015,11.342880843440016,11.63272368450399,3,11.596050148483124,0.0,1.0255528419159583,-7.885312890152459,0.00037622887481353616
30,1.4283295201740922,64.56775237557412,4.220380393688464,0,2,0.43568699868431704,1,0.13563566401577118,10.063635552736617,10.621028975298508,2,4.77503916354973,11.596050148483124,1.0553868847536234,-5.5893108233223066,0.0037376028459895558
30,1.4283295201740922,64.56775237557412,4.220380393688464,0,2,0.43568699868431704,2,-0.11710587627041394,9.985168485851752,10.39376251518659,2,10.063018313080526,4.77503916354973,1.0409200936282432,-6.069499634196223,0.0023123299320111056
30,1.4283295201740922,64.56775237557412,4.220380393688464,0,2,0.43568699868431704,3,-0.18173462462506965,8.811324095562195,9.621741457043237,3,8.504554300221283,10.063018313080526,1.0919745264947418,-5.164691825139901,0.005714823732661424
30,1.4283295201740922,64.56775237557412,4.220380393688464,0,2,0.43568699868431704,4,-0.39836764222427296,9.837849325054341,9.845362298876594,3,7.428943738952362,8.504554300221283,1.0007636805132927,-6.029845716252782,0.002405865135875471
30,1.4283295201740922,64.56775237557412,4.220380393688464,0,2,0.43568699868431704,5,0.1943245963972403,10.349914910489622,9.746941751504377,2,6.681595557909749,7.428943738952362,0.9417412448121547,-5.94342552529352,0.002623028991664797
30,1.4283295201740922,64.56775237557412,4.220380393688464,0,2,0.43568699868431704,6,0.0033314601152094115,9.791432096085023,10.511090313563964,2,9.609196498936818,6.681595557909749,1.0734987701918177,-5.9298836033233355,0.0026587914452543358
30,1.4283295201740922,64.56775237557412,4.220380393688464,0,2,0.43568699868431704,7,0.04114626898936563,10.246742154550192,9.997722109490212,2,9.14342843914066,9.609196498936818,0.9756976372290778,-5.937144603323583,0.002639555879801641
30,1.4283295201740922,64.56775237557412,4.220380393688464,0,2,0.43568699868431704,8,-0.1567189753011227,8.899302127387314,8.934957782436394,2,7.8558218052417725,9.14342843914066,1.0040065675418919,-4.538360896216921,0.010690915720333824
30,1.4283295201740922,64.56775237557412,4.220380393688464,0,2,0.43568699868431704,9,0.24529960585719213,10.05959816939248,9.868849061553105,3,10.23789434792717,7.8558218052417725,0.981038098676769,-5.527912940641626,0.003974274987307717
30,1.4283295201740922,64.56775237557412,4.220380393688464,0,2,0.43568699868431704,10,0.18864011553560334,9.141606429001442,9.78033603376216,2,3.2557951961076066,10.23789434792717,1.0698706085983278,-5.035553124256365,0.006502600375868845
30,1.4283295201740922,64.56775237557412,4.220380393688464,0,2,0.43568699868431704,11,-0.024364776297538047,8.207205241649952,8.20932041520304,2,5.3714200462160395,3.2557951961076066,1.000257721537455,-4.4815418034362295,0.011315952723056895
30,1.4283295201740922,64.56775237557412,4.220380393688464,0,2,0.43568699868431704,12,-0.11117269158045646,8.698054688431393,8.527000511113375,2,7.103974375067315,5.3714200462160395,0.9803342030551355,-4.212377705503931,0.014811109979983082
30,1.4283295201740922,64.56775237557412,4.220380393688464,0,2,0.43568699868431704,13,-0.07133827681171602,9.821267545977442,9.925347902946012,2,8.881424975250628,7.103974375067315,1.0105974464580387,-6.089658967230752,0.0022661816252423188
30,1.4283295201740922,64.56775237557412,4.220380393688464,0,2,0.43568699868431704,14,-0.15972510848492985,10.490903248903834,11.217239408560609,2,12.362558960893926,8.881424975250628,1.0692348544661936,-6.242166199851367,0.0019456363175721226
30,1.4283295201740922,64.56775237557412,4.220380393688464,0,2,0.43568699868431704,15,0.005312829848108214,10.217157146989065,9.754907725833787,2,8.670587590900631,12.362558960893926,0.9547575304455898,-5.5575941771518975,0.003858047019070095
30,1.4283295201740922,64.56775237557412,4.220380393688464,0,2,0.43568699868431704,16,-0.12323354394010944,11.528246349426766,12.799354805044048,2,8.163671015215185,8.670587590900631,1.1102603481127455,-8.125368123312784,0.0002959357691468507
30,1.4283295201740922,64.56775237557412,4.220380393688464,0,2,0.43568699868431704,17,0.11710850410840844,10.507375409681458,10.82432820168437,2,4.622508222039839,8.163671015215185,1.0301647918385854,-6.298060808700238,0.0018398691781871073
30,1.4283295201740922,64.56775237557412,4.220380393688464,0,2,0.43568699868431704,18,-0.07189371493174873,10.244490830244798,9.619403533850047,2,8.585654018096772,4.622508222039839,0.9389830781487639,-6.095198798856668,0.0022536620707352003
30,1.4283295201740922,64.56775237557412,4.220380393688464,0,2,0.43568699868431704,19,-0.07079141278787165,9.680879728637096,9.010158213140945,2,7.136800011984681,8.585654018096772,0.930716883765007,-5.392464971058148,0.004550742051576513
30,1.4283295201740922,64.56775237557412,4.220380393688464,0,2,0.43568699868431704,20,0.3074506008403983,10.744405614947999,11.174862374879389,4,6.451251861040855,7.136800011984681,1.040063338574311,-7.1750706580466765,0.0007654316322827851
30,1.4283295201740922,64.56775237557412,4.220380393688464,0,2,0.43568699868431704,21,-0.14514390451041106,10.138013544842318,9.644682037483637,2,9.068148517960395,6.451251861040855,0.9513384446394174,-5.608961159247153,0.00366487460195799
30,1.4283295201740922,64.56775237557412,4.220380393688464,0,2,0.43568699868431704,22,-0.31358317758909293,8.327368493535683,8.685690524760696,2,9.484885716863449,9.068148517960395,1.0430294433953737,-4.016449023159629,0.018016828824700383
30,1.4283295201740922,64.56775237557412,4.220380393688464,0,2,0.43568699868431704,23,0.07324303848148955,10.17479942270398,9.856432169084396,2,7.80571522751153,9.484885716863449,0.9687102182172572,-6.293766452321456,0.0018477872214099137
30,1.4283295201740922,64.56775237557412,4.220380393688464,0,2,0.43568699868431704,24,-0.4155737022818746,10.219714868638444,10.122724535872313,2,10.42300431327031,7.80571522751153,0.9905094873963883,-6.259332484788654,0.0019125220081724307
30,1.4283295201740922,64.56775237557412,4.220380393688464,0,2,0.43568699868431704,25,0.05287572716514413,10.129826277156605,9.831037371811473,2,10.319005607707485,10.42300431327031,0.9705040444751831,-5.618372811661874,0.0036305438838689827
30,1.4283295201740922,64.56775237557412,4.220380393688464,0,2,0.43568699868431704,26,0.19634402837852838,13.05107717013605,13.258604984645503,2,10.170097797084855,10.319005607707485,1.0159012020083924,-9.43671423793441,7.974199177670774e-05
30,1.4283295201740922,64.56775237557412,4.220380393688464,0,2,0.43568699868431704,27,0.01402300615082264,10.916606015494331,11.721958245625894,2,9.873190971727261,10.170097797084855,1.0737731332420073,-7.1572716974389206,0.0007791774878323345
30,1.4283295201740922,64.56775237557412,4.220380393688464,0,2,0.43568699868431704,28,0.0018550148592412774,11.15519439822574,11.825869738563998,2,8.506499063647912,9.873190971727261,1.0601222458700434,-7.1513035579717545,0.0007838416320367305
30,1.4283295201740922,64.56775237557412,4.220380393688464,0,2,0.43568699868431704,29,-0.41012187044991083,10.953491223194357,11.80940730103594,2,9.113333578740543,8.506499063647912,1.0781409379348526,-7.088331746241957,0.0008347888442408276
30,1.4283295201740922,64.56775237557412,4.220380393688464,0,2,0.43568699868431704,30,0.11106073711175773,9.866075922685484,9.770337719353751,4,4.739081680243838,9.113333578740543,0.990296222725025,-5.964566304716437,0.0025681581639792335
30,1.4283295201740922,64.56775237557412,4.220380393688464,0,2,0.43568699868431704,31,0.07925851344932232,10.586319337621504,9.903566072362992,3,9.370002494832953,4.739081680243838,0.9355060769013311,-6.8914823325500505,0.00101640607195943
30,1.4283295201740922,64.56775237557412,4.220380393688464,0,2,0.43568699868431704,32,-0.2343995516749002,10.616161970238776,10.21583669946082,2,11.066277937491183,9.370002494832953,0.9622909605278985,-6.5880670946624,0.0013766984212467439
30,1.4283295201740922,64.56775237557412,4.220380393688464,0,2,0.43568699868431704,33,0.3826341494492407,10.650709872558295,10.86310669338663,2,9.586321526838738,11.066277937491183,1.0199420342277445,-5.996302654732947,0.002487933942915108
30,1.4283295201740922,64.56775237557412,4.220380393688464,0,2,0.43568699868431704,34,-0.2448032401480451,9.634342950693641,9.216797103216429,2,10.015609530675784,9.586321526838738,0.9566606825588297,-4.63585221244636,0.009697838896732815
30,1.4283295201740922,64.56775237557412,4.220380393688464,0,2,0.43568699868431704,35,-0.33585807234342985,10.71567811154821,11.124337879706065,3,9.183670909067226,10.015609530675784,1.0381366222374155,-7.078450082047062,0.0008430788392890314
30,1.4283295201740922,64.56775237557412,4.220380393688464,0,2,0.43568699868431704,36,-0.36221155398213295,10.060621509316638,10.631070456416206,2,8.031502943805236,9.183670909067226,1.056701163697621,-6.399913910624965,0.0016617003217585596
30,1.4283295201740922,64.56775237557412,4.220380393688464,0,2,0.43568699868431704,37,0.005194181464211946,9.181721199974263,10.031678732094278,2,13.298341834632858,8.031502943805236,1.0925706099769614,-4.571957710266313,0.010337701669700793
30,1.4283295201740922,64.56775237557412,4.220380393688464,0,2,0.43568699868431704,38,0.0675742500294194,9.363560206570222,9.516384405675886,2,7.002284201294404,13.298341834632858,1.0163211637170262,-4.376048766621619,0.012574947139523151
30,1.4283295201740922,64.56775237557412,4.220380393688464,0,2,0.43568699868431704,39,0.08819478218692851,9.993606386886777,10.226992114357142,2,10.592866785129662,7.002284201294404,1.0233535040740251,-5.785914900007425,0.003070499890037399
30,1.4283295201740922,64.56775237557412,4.220380393688464,0,2,0.43568699868431704,40,-0.06747199564309786,10.336615777123574,9.949833888527223,2,11.865816652513606,10.592866785129662,0.9625813808952486,-6.4528310535084215,0.0015760539537674548
30,1.4283295201740922,64.56775237557412,4.220380393688464,0,2,0.43568699868431704,41,-0.16253500440717236,9.101265507159372,8.666597618613311,3,10.852366630691698,11.865816652513606,0.952240939657882,-4.947656965266539,0.007100025060689359
30,1.4283295201740922,64.56775237557412,4.220380393688464,0,2,0.43568699868431704,42,0.16855291640160835,8.842265376011227,9.131214857002918,2,10.70227363619708,10.852366630691698,1.0326782186130268,-3.5807710422749945,0.02785421319745557
30,1.4283295201740922,64.56775237557412,4.220380393688464,0,2,0.43568699868431704,43,-0.17951707731235617,9.42533725753906,9.24452478727978,2,9.562151181514912,10.70227363619708,0.9808163394774385,-5.13749694796886,0.005872370180792558
30,1.4283295201740922,64.56775237557412,4.220380393688464,0,2,0.43568699868431704,44,-0.2419680411959665,9.891590240243971,9.519411077587236,3,13.21999422807733,9.562151181514912,0.9623741831578786,-5.624071572194808,0.0036099131243829278
30,1.4283295201740922,64.56775237557412,4.220380393688464,0,2,0.43568699868431704,45,0.2802631334986427,11.984534166466831,12.171513467142704,2,8.41697547462156,13.21999422807733,1.0156017161851019,-7.883302595136598,0.00037698596657932974
30,1.4283295201740922,64.56775237557412,4.220380393688464,0,2,0.43568699868431704,46,0.035514301628569965,10.94506099264582,9.787278754013034,3,9.031299704194492,8.41697547462156,0.8942187494970818,-6.782005164695585,0.0011339987627851196
30,1.4283295201740922,64.56775237557412,4.220380393688464,0,2,0.43568699868431704,47,0.09425797907819627,8.190482010415153,8.242364462702522,3,8.57679880982602,9.031299704194492,1.0063344809525734,-3.517204304560493,0.029682301954978944
30,1.4283295201740922,64.56775237557412,4.220380393688464,0,2,0.43568699868431704,48,0.12516814092890055,9.93428264868079,10.470560934566404,3,7.9048694075741235,8.57679880982602,1.0539825878576978,-5.584064047214569,0.0037572647469928536
30,1.4283295201740922,64.56775237557412,4.220380393688464,0,2,0.43568699868431704,49,-0.11435942179986343,10.620880266646934,10.282825886357665,2,7.1403921857613435,7.9048694075741235,0.9681707756982375,-7.092949922249549,0.0008309425307413445
30,1.4283295201740922,64.56775237557412,4.220380393688464,0,2,0.43568699868431704,50,-0.10657251720030408,11.551149150601143,11.041302516524993,2,9.6541297940877,7.1403921857613435,0.9558618257431456,-8.067321242124551,0.0003136222749722411
30,1.4283295201740922,64.56775237557412,4.220380393688464,0,2,0.43568699868431704,51,0.12811633661312918,10.395324084560475,10.900538218501032,2,10.101067255295169,9.6541297940877,1.0486001330820383,-5.615688596495455,0.0036403021355890185
