data_examples/final_simulated_panel.csv
store_id,store_size,area_income,manager_experience,manager_vacant,base_competitors,store_fe,week,week_fe,price,competitor_price,competitor_count,ad_spend,ad_spend_lag,relative_price,log_sales,sales
31,0.9187169967230768,53.380740589333485,2.2466277048873824,0,2,0.5310744529070767,0,0.048845901334352015,11.686270049769552,11.813244956589816,2,9.893736248558618,0.0,1.010865306575965,-8.212452110285389,0.00027125475853280754
31,0.9187169967230768,53.380740589333485,2.2466277048873824,0,2,0.5310744529070767,1,0.13563566401577118,9.188844843465182,9.639872529463785,2,7.911811551861402,9.893736248558618,1.0490842639833406,-4.761852051340667,0.008549760130488273
31,0.9187169967230768,53.380740589333485,2.2466277048873824,0,2,0.5310744529070767,2,-0.11710587627041394,12.005732940581451,11.647062668949065,3,11.830343630320568,7.911811551861402,0.9701250832908319,-8.535679880362807,0.00019633662834831487
31,0.9187169967230768,53.380740589333485,2.2466277048873824,0,2,0.5310744529070767,3,-0.18173462462506965,9.577259984165277,10.054822273415423,2,6.780393701849692,11.830343630320568,1.0498641876736907,-5.605225382367323,0.003678591361186839
31,0.9187169967230768,53.380740589333485,2.2466277048873824,0,2,0.5310744529070767,4,-0.39836764222427296,9.876435242246881,9.42347073251829,2,9.537288795757403,6.780393701849692,0.954136842026664,-6.6187095114012555,0.0013351528338454888
31,0.9187169967230768,53.380740589333485,2.2466277048873824,0,2,0.5310744529070767,5,0.1943245963972403,10.339700828096925,10.440868810455523,2,11.077768000190963,9.537288795757403,1.009784420655933,-6.783153515604131,0.0011326972816971027
31,0.9187169967230768,53.380740589333485,2.2466277048873824,0,2,0.5310744529070767,6,0.0033314601152094115,9.43914519980177,9.77364508096859,2,6.707446044005354,11.077768000190963,1.0354375183436997,-6.025019638430196,0.002417504090912986
31,0.9187169967230768,53.380740589333485,2.2466277048873824,0,2,0.5310744529070767,7,0.04114626898936563,8.882222820814265,9.097901830594681,2,4.074594208030814,6.707446044005354,1.0242820985390055,-4.765878111653541,0.008515407479866267
31,0.9187169967230768,53.380740589333485,2.2466277048873824,0,2,0.5310744529070767,8,-0.1567189753011227,10.431527614070351,12.195909103072722,2,13.765189071695827,4.074594208030814,1.169139320172294,-6.529326669438754,0.0014599885738264926
31,0.9187169967230768,53.380740589333485,2.2466277048873824,0,2,0.5310744529070767,9,0.24529960585719213,10.236303557479431,10.341748636751383,3,9.023255910437772,13.765189071695827,1.0103010895173097,-6.379095190940349,0.0016966574133221008
31,0.9187169967230768,53.380740589333485,2.2466277048873824,0,2,0.5310744529070767,10,0.18864011553560334,11.612873343081503,11.867722827627832,2,8.972684413842675,9.023255910437772,1.0219454287511158,-7.9834418112610575,0.0003410635237882036
31,0.9187169967230768,53.380740589333485,2.2466277048873824,0,2,0.5310744529070767,11,-0.024364776297538047,10.91616319101613,11.527274638941329,2,5.973251899261193,8.972684413842675,1.0559822565155619,-7.472821047893104,0.0005683227675588591
31,0.9187169967230768,53.380740589333485,2.2466277048873824,0,2,0.5310744529070767,12,-0.11117269158045646,9.430302567272221,8.631256831449999,2,7.4232771631593435,5.973251899261193,0.9152682822081125,-5.734730854326354,0.003231752063388564
31,0.9187169967230768,53.380740589333485,2.2466277048873824,0,2,0.5310744529070767,13,-0.07133827681171602,10.62641703359618,11.107029243954138,2,11.74313519323276,7.4232771631593435,1.045228058416912,-6.672036692472196,0.0012658180417669505
31,0.9187169967230768,53.380740589333485,2.2466277048873824,0,2,0.5310744529070767,14,-0.15972510848492985,9.248836962630778,9.11809107032615,2,7.435532912960317,11.74313519323276,0.9858635315085673,-4.996868626222123,0.006759079098618735
31,0.9187169967230768,53.380740589333485,2.2466277048873824,0,2,0.5310744529070767,15,0.005312829848108214,8.41068123491633,8.468965574846392,2,6.068965996036535,7.435532912960317,1.0069298001317775,-4.246864618088893,0.014309027916437584
31,0.9187169967230768,53.380740589333485,2.2466277048873824,0,2,0.5310744529070767,16,-0.12323354394010944,9.811866422643162,10.017973335764028,2,5.390133700598461,6.068965996036535,1.021005882494,-6.195946823785312,0.0020376729688092628
31,0.9187169967230768,53.380740589333485,2.2466277048873824,0,2,0.5310744529070767,17,0.11710850410840844,9.463383774020775,8.854543644909207,2,6.330473174749439,5.390133700598461,0.9356635909892,-5.989344285081327,0.002505306278429095
31,0.9187169967230768,53.380740589333485,2.2466277048873824,0,2,0.5310744529070767,18,-0.07189371493174873,9.350589968461412,9.68906952250525,2,7.47729727377021,6.330473174749439,1.036198737746548,-5.343119511795049,0.004780933245959693
31,0.9187169967230768,53.380740589333485,2.2466277048873824,0,2,0.5310744529070767,19,-0.07079141278787165,11.018502854205048,11.052924861123635,2,11.941131817149522,7.47729727377021,1.0031240185144983,-7.375189988542602,0.0006266076388667458
31,0.9187169967230768,53.380740589333485,2.2466277048873824,0,2,0.5310744529070767,20,0.3074506008403983,10.003386169408495,10.147767432011102,2,8.316464147443233,11.941131817149522,1.0144332389210506,-5.820391487357068,0.0029664435922673892
31,0.9187169967230768,53.380740589333485,2.2466277048873824,0,2,0.5310744529070767,21,-0.14514390451041106,9.120729109709378,9.778346847089722,2,7.935393273171813,8.316464147443233,1.0721014438067549,-5.100149022498917,0.006095838080801189
31,0.9187169967230768,53.380740589333485,2.2466277048873824,0,2,0.5310744529070767,22,-0.31358317758909293,9.562187199669106,9.360765287016413,2,7.320260917835897,7.935393273171813,0.9789355815310055,-5.823601242307611,0.002956937299857732
31,0.9187169967230768,53.380740589333485,2.2466277048873824,0,2,0.5310744529070767,23,0.07324303848148955,10.320583472559607,10.549563638074192,2,6.772098061696754,7.320260917835897,1.0221867461392466,-6.554634272686721,0.001423503385883419
31,0.9187169967230768,53.380740589333485,2.2466277048873824,0,2,0.5310744529070767,24,-0.4155737022818746,7.983512258523165,8.570476063730029,2,9.091355738637708,6.772098061696754,1.0735220021213374,-4.701337961605865,0.009083116107424917
31,0.9187169967230768,53.380740589333485,2.2466277048873824,0,2,0.5310744529070767,25,0.05287572716514413,10.55050243754526,10.51606816384062,2,7.944681634872003,9.091355738637708,0.9967362432350044,-7.10858456657258,0.0008180520712746338
31,0.9187169967230768,53.380740589333485,2.2466277048873824,0,2,0.5310744529070767,26,0.19634402837852838,10.30978123881897,10.940431055737768,2,9.573537119354294,7.944681634872003,1.0611700483560447,-6.6780321782737095,0.0012582515527243584
31,0.9187169967230768,53.380740589333485,2.2466277048873824,0,2,0.5310744529070767,27,0.01402300615082264,10.567787682854242,10.113901541117176,2,4.38881696800803,9.573537119354294,0.9570500321014704,-6.630140708473143,0.001319977340956627
31,0.9187169967230768,53.380740589333485,2.2466277048873824,0,2,0.5310744529070767,28,0.0018550148592412774,11.437838371521698,12.047697648863796,3,7.442738704490333,4.38881696800803,1.0533194522892144,-8.190106755480787,0.0002773842703687861
31,0.9187169967230768,53.380740589333485,2.2466277048873824,0,2,0.5310744529070767,29,-0.41012187044991083,11.403533894996828,11.370524471683188,2,10.009526523031521,7.442738704490333,0.9971053338712728,-8.83983430636736,0.00014484674487779396
31,0.9187169967230768,53.380740589333485,2.2466277048873824,0,2,0.5310744529070767,30,0.11106073711175773,9.668569413083015,9.9087587712029,2,6.77710066141203,10.009526523031521,1.024842285125954,-5.690101214897779,0.003379250921530245
31,0.9187169967230768,53.380740589333485,2.2466277048873824,0,2,0.5310744529070767,31,0.07925851344932232,11.259514732081941,10.724051095950278,2,8.676208318423425,6.77710066141203,0.9524434534815291,-7.245721051946413,0.0007132196988766347
31,0.9187169967230768,53.380740589333485,2.2466277048873824,0,2,0.5310744529070767,32,-0.2343995516749002,10.354844420624103,10.457754772645988,3,8.45566315840578,8.676208318423425,1.0099383774242823,-6.671751465857924,0.0012661791382560046
31,0.9187169967230768,53.380740589333485,2.2466277048873824,0,2,0.5310744529070767,33,0.3826341494492407,8.977829932751195,9.274940065958909,2,7.209380271831012,8.45566315840578,1.0330937582281274,-5.142994126137515,0.005840177281756968
31,0.9187169967230768,53.380740589333485,2.2466277048873824,0,2,0.5310744529070767,34,-0.2448032401480451,10.149986360060037,9.60931323862115,2,4.47492663991701,7.209380271831012,0.9467316405895456,-6.375645550082622,0.0017025203788051848
31,0.9187169967230768,53.380740589333485,2.2466277048873824,0,2,0.5310744529070767,35,-0.33585807234342985,10.029790362004654,8.389616566334924,3,4.0114464175946525,4.47492663991701,0.8364697828697281,-6.847018614185836,0.0010626190523354727
31,0.9187169967230768,53.380740589333485,2.2466277048873824,0,2,0.5310744529070767,36,-0.36221155398213295,10.683277568212501,10.20106394717816,2,5.696760875737361,4.0114464175946525,0.9548627639827367,-7.127273689063702,0.0008029053760035041
31,0.9187169967230768,53.380740589333485,2.2466277048873824,0,2,0.5310744529070767,37,0.005194181464211946,9.409078073623627,8.626433281979306,2,5.827555824840198,5.696760875737361,0.9168202468381784,-5.032123844568483,0.0065249378901575585
31,0.9187169967230768,53.380740589333485,2.2466277048873824,0,2,0.5310744529070767,38,0.0675742500294194,9.389423164203757,8.591911036106675,2,5.7559090381891345,5.827555824840198,0.9150627132093142,-4.860630532259538,0.0077455985013760815
31,0.9187169967230768,53.380740589333485,2.2466277048873824,0,2,0.5310744529070767,39,0.08819478218692851,10.551318892526826,9.797252734551584,3,7.398569220458639,5.7559090381891345,0.9285334690709307,-6.7614232401045395,0.001157580485971631
31,0.9187169967230768,53.380740589333485,2.2466277048873824,0,2,0.5310744529070767,40,-0.06747199564309786,9.521873992213639,9.09961479277133,3,9.2775665111715,7.398569220458639,0.9556537715382913,-5.994629567873789,0.0024920999565810143
31,0.9187169967230768,53.380740589333485,2.2466277048873824,0,2,0.5310744529070767,41,-0.16253500440717236,9.795567100146629,8.980239185584944,2,6.979735156235302,9.2775665111715,0.9167656240597362,-6.666737078062969,0.00127254419657151
31,0.9187169967230768,53.380740589333485,2.2466277048873824,0,2,0.5310744529070767,42,0.16855291640160835,9.583757529372942,10.412982849930094,2,8.873673511706576,6.979735156235302,1.0865240296424117,-5.2489633627515975,0.005252960992725859
31,0.9187169967230768,53.380740589333485,2.2466277048873824,0,2,0.5310744529070767,43,-0.17951707731235617,10.630894268952263,10.279544958821896,3,7.529828362061875,8.873673511706576,0.9669501641873639,-6.639737811669198,0.0013073699760559924
31,0.9187169967230768,53.380740589333485,2.2466277048873824,0,2,0.5310744529070767,44,-0.2419680411959665,10.498836750057775,10.421851585551206,2,10.472161360988322,7.529828362061875,0.9926672672088034,-6.527930752185833,0.0014620280201837735
31,0.9187169967230768,53.380740589333485,2.2466277048873824,0,2,0.5310744529070767,45,0.2802631334986427,9.860010376056291,9.274162785531473,2,9.634981204471863,10.472161360988322,0.9405834711951754,-5.515183466391683,0.0040251887838498165
31,0.9187169967230768,53.380740589333485,2.2466277048873824,0,2,0.5310744529070767,46,0.035514301628569965,7.4240884210053775,7.289811984086519,2,8.268805956814722,9.634981204471863,0.9819134108722436,-2.9352531620495124,0.05311727032706452
31,0.9187169967230768,53.380740589333485,2.2466277048873824,0,2,0.5310744529070767,47,0.09425797907819627,10.991051873757817,11.568977082213584,2,7.29845645585187,8.268805956814722,1.0525814285196504,-7.1395517380700495,0.0007931075367104163
31,0.9187169967230768,53.380740589333485,2.2466277048873824,0,2,0.5310744529070767,48,0.12516814092890055,9.382549506801027,9.569843541542644,3,6.671086870653643,7.29845645585187,1.0199619553945178,-5.38542816735449,0.00458287766349215
31,0.9187169967230768,53.380740589333485,2.2466277048873824,0,2,0.5310744529070767,49,-0.11435942179986343,10.453822263347396,10.961628441524685,2,7.498357055789352,6.671086870653643,1.0485761251133694,-7.074242808619172,0.0008466333746950903
31,0.9187169967230768,53.380740589333485,2.2466277048873824,0,2,0.5310744529070767,50,-0.10657251720030408,9.83219840340575,9.823017106008212,2,6.474116032710572,7.498357055789352,0.999066200963321,-6.593570444492233,0.001369142777968236
31,0.9187169967230768,53.380740589333485,2.2466277048873824,0,2,0.5310744529070767,51,0.12811633661312918,8.506120778051665,8.624735920770377,2,9.851387842541667,6.474116032710572,1.0139446812258737,-3.9576496113756225,0.019107972715301173
